<html>
<body>
<pre>
<h1>µVision Build Log</h1>
<h2>Tool Versions:</h2>
IDE-Version: ¦ÌVision V5.24.2.0
Copyright (C) 2017 ARM Ltd and ARM Germany GmbH. All rights reserved.
License Information: Praymerry Lenovo, eason, LIC=CZLZX-HT466-DYQV3-A9315-VSY4R-8PYX1
 
Tool Versions:
Toolchain:       MDK-ARM Plus  Version: 5.24.1
Toolchain Path:  D:\Keil\ARM Start\ARM\ARMCC\Bin
C Compiler:      Armcc.exe V5.06 update 5 (build 528)
Assembler:       Armasm.exe V5.06 update 5 (build 528)
Linker/Locator:  ArmLink.exe V5.06 update 5 (build 528)
Library Manager: ArmAr.exe V5.06 update 5 (build 528)
Hex Converter:   FromElf.exe V5.06 update 5 (build 528)
CPU DLL:         SARMCM3.DLL V5.24.1
Dialog DLL:      DCM.DLL V1.16.0.0
Target DLL:      STLink\ST-LINKIII-KEIL_SWO.dll V3.0.1.0
Dialog DLL:      TCM.DLL V1.32.0.0
 
<h2>Project:</h2>
C:\Users\Lenovo\Desktop\My FreeRtos\F4 intelligent house system originous\MDK-ARM\F4 intelligent house system.uvprojx
Project File Date:  06/22/2024

<h2>Output:</h2>
*** Using Compiler 'V5.06 update 5 (build 528)', folder: 'D:\Keil\ARM Start\ARM\ARMCC\Bin'
Rebuild target 'F4 intelligent house system'
assembling startup_stm32f407xx.s...
compiling freertos.c...
compiling tim.c...
compiling stm32f4xx_it.c...
compiling stm32f4xx_ll_adc.c...
compiling stm32f4xx_hal_adc_ex.c...
compiling stm32f4xx_hal_timebase_tim.c...
compiling stm32f4xx_hal_msp.c...
compiling spi.c...
compiling usart.c...
compiling stm32f4xx_hal_adc.c...
compiling main.c...
compiling gpio.c...
compiling adc.c...
compiling stm32f4xx_hal_flash.c...
compiling stm32f4xx_hal_rcc.c...
compiling stm32f4xx_hal_rcc_ex.c...
compiling stm32f4xx_hal_flash_ex.c...
compiling stm32f4xx_hal_pwr_ex.c...
compiling stm32f4xx_hal_flash_ramfunc.c...
compiling stm32f4xx_hal_cortex.c...
compiling stm32f4xx_hal_pwr.c...
compiling croutine.c...
compiling event_groups.c...
compiling list.c...
compiling stm32f4xx_hal_dma.c...
compiling stm32f4xx_hal_gpio.c...
compiling queue.c...
compiling stm32f4xx_hal_dma_ex.c...
compiling stream_buffer.c...
compiling timers.c...
compiling tasks.c...
compiling heap_4.c...
compiling stm32f4xx_hal.c...
compiling mqtt_list.c...
compiling random.c...
compiling port.c...
compiling MQTTConnectClient.c...
compiling MQTTConnectServer.c...
compiling MQTTDeserializePublish.c...
compiling MQTTPacket.c...
compiling MQTTFormat.c...
compiling MQTTSerializePublish.c...
compiling MQTTSubscribeServer.c...
compiling MQTTSubscribeClient.c...
compiling MQTTUnsubscribeClient.c...
compiling MQTTUnsubscribeServer.c...
compiling nettype_tcp.c...
compiling network.c...
..\MQTT\Network\network.c(78): warning:  #223-D: function "memset" declared implicitly
      memset(n, 0, sizeof(network_t));
..\MQTT\Network\network.c: 1 warning, 0 errors
compiling mqttclient.c...
..\MQTT\MQTTClient\mqttclient.c(1115): warning:  #68-D: integer conversion resulted in a change of sign
          
ETURN_ERROR(MQTT_MEM_NOT_ENOUGH_ERROR);
..\MQTT\MQTTClient\mqttclient.c(1137): warning:  #68-D: integer conversion resulted in a change of sign
          
ETURN_ERROR(MQTT_MEM_NOT_ENOUGH_ERROR);
..\MQTT\MQTTClient\mqttclient.c: 2 warnings, 0 errors
compiling platform_memory.c...
compiling platform_mutex.c...
..\MQTT\Platform\FreeRTOS\platform_mutex.c(47): warning:  #1-D: last line of file ends without a newline
  }
..\MQTT\Platform\FreeRTOS\platform_mutex.c: 1 warning, 0 errors
compiling stm32f4xx_hal_exti.c...
compiling platform_thread.c...
compiling stm32f4xx_hal_spi.c...
compiling platform_timer.c...
compiling Buzzer.c...
compiling stm32f4xx_hal_tim.c...
compiling stm32f4xx_hal_uart.c...
compiling system_stm32f4xx.c...
compiling stm32f4xx_hal_tim_ex.c...
compiling ring_buffer.c...
compiling driver_usart.c...
compiling cmsis_os2.c...
compiling Uart3_IRQ.c...
compiling Hal_Uart.c...
compiling Lightsensor.c...
..\Hardware\Lightsensor.c(48): warning:  #167-D: argument of type "uint32_t *" is incompatible with parameter of type "int *"
          if (!LightSensor_Read(&ADC_Sample))
..\Hardware\Lightsensor.c(80): warning:  #1-D: last line of file ends without a newline
  //}
..\Hardware\Lightsensor.c: 2 warnings, 0 errors
compiling MQTT_Task.c...
..\MQTT_Assignment\MQTT_Task.c(30): warning:  #177-D: variable "err"  was declared but never referenced
      int err;
..\MQTT_Assignment\MQTT_Task.c(34): warning:  #177-D: variable "data_len"  was declared but never referenced
      int data_len = 0;            // Data length initialization
..\MQTT_Assignment\MQTT_Task.c(35): warning:  #177-D: variable "data_msg_len"  was declared but never referenced
      int data_msg_len = 0;        // Message length initialization
..\MQTT_Assignment\MQTT_Task.c(24): warning:  #177-D: variable "buf"  was declared but never referenced
  static char buf[128];
..\MQTT_Assignment\MQTT_Task.c: 4 warnings, 0 errors
compiling ATcommand.c...
..\AT\ATcommand.c(59): warning:  #223-D: function "Hal_Uart_Send" declared implicitly
      Hal_Uart_Send(cmd, strlen(cmd));
..\AT\ATcommand.c(105): warning:  #223-D: function "HAL_AT_Receive" declared implicitly
          HAL_AT_Receive(&buf[i], (int)portMAX_DELAY);
..\AT\ATcommand.c(122): warning:  #223-D: function "HAL_AT_Receive" declared implicitly
          HAL_AT_Receive(&buf[i], (int)portMAX_DELAY);
..\AT\ATcommand.c(146): warning:  #223-D: function "Hal_Uart_Send" declared implicitly
      Hal_Uart_Send((char *)buf, len);
..\AT\ATcommand.c(204): warning:  #223-D: function "HAL_AT_Receive" declared implicitly
          HAL_AT_Receive(&Temp_buf[i], (int)portMAX_DELAY);
..\AT\ATcommand.c: 5 warnings, 0 errors
compiling platform_net_socket.c...
compiling Dth11.c...
linking...
Program Size: Code=38428 RO-data=1504 RW-data=220 ZI-data=26092  
FromELF: creating hex file...
"F4 intelligent house system\F4 intelligent house system.axf" - 0 Error(s), 15 Warning(s).

<h2>Software Packages used:</h2>

Package Vendor: ARM
                http://www.keil.com/pack/ARM.CMSIS.5.0.1.pack
                ARM.CMSIS.5.0.1
                CMSIS (Cortex Microcontroller Software Interface Standard)
   * Component: CORE Version: 5.0.1

Package Vendor: Keil
                http://www.keil.com/pack/Keil.STM32F4xx_DFP.1.0.8.pack
                Keil.STM32F4xx_DFP.1.0.8
                STMicroelectronics STM32F4 Series Device Support, Drivers and Examples

<h2>Collection of Component include folders:</h2>
  .\RTE\_F4_intelligent_house_system
  D:\Keil\ARM Start\ARM\PACK\ARM\CMSIS\5.0.1\CMSIS\Include
  D:\Keil\ARM Start\ARM\PACK\Keil\STM32F4xx_DFP\1.0.8\Device\Include

<h2>Collection of Component Files used:</h2>

   * Component: ARM::CMSIS:CORE:5.0.1
Build Time Elapsed:  00:00:29
</pre>
</body>
</html>
