Component: ARM Compiler 5.06 update 5 (build 528) Tool: armlink [4d35e2]

==============================================================================

Section Cross References

    startup_stm32f407xx.o(RESET) refers to startup_stm32f407xx.o(STACK) for __initial_sp
    startup_stm32f407xx.o(RESET) refers to startup_stm32f407xx.o(.text) for Reset_Handler
    startup_stm32f407xx.o(RESET) refers to stm32f4xx_it.o(i.NMI_Handler) for NMI_Handler
    startup_stm32f407xx.o(RESET) refers to stm32f4xx_it.o(i.HardFault_Handler) for HardFault_Handler
    startup_stm32f407xx.o(RESET) refers to stm32f4xx_it.o(i.MemManage_Handler) for MemManage_Handler
    startup_stm32f407xx.o(RESET) refers to stm32f4xx_it.o(i.BusFault_Handler) for BusFault_Handler
    startup_stm32f407xx.o(RESET) refers to stm32f4xx_it.o(i.UsageFault_Handler) for UsageFault_Handler
    startup_stm32f407xx.o(RESET) refers to port.o(.emb_text) for SVC_Handler
    startup_stm32f407xx.o(RESET) refers to stm32f4xx_it.o(i.DebugMon_Handler) for DebugMon_Handler
    startup_stm32f407xx.o(RESET) refers to cmsis_os2.o(i.SysTick_Handler) for SysTick_Handler
    startup_stm32f407xx.o(RESET) refers to stm32f4xx_it.o(i.ADC_IRQHandler) for ADC_IRQHandler
    startup_stm32f407xx.o(RESET) refers to stm32f4xx_it.o(i.TIM4_IRQHandler) for TIM4_IRQHandler
    startup_stm32f407xx.o(RESET) refers to stm32f4xx_it.o(i.SPI1_IRQHandler) for SPI1_IRQHandler
    startup_stm32f407xx.o(RESET) refers to driver_usart.o(i.USART1_IRQHandler) for USART1_IRQHandler
    startup_stm32f407xx.o(RESET) refers to uart3_irq.o(i.USART3_IRQHandler) for USART3_IRQHandler
    startup_stm32f407xx.o(RESET) refers to stm32f4xx_it.o(i.TIM7_IRQHandler) for TIM7_IRQHandler
    startup_stm32f407xx.o(.text) refers to system_stm32f4xx.o(i.SystemInit) for SystemInit
    startup_stm32f407xx.o(.text) refers to entry.o(.ARM.Collect$$$$00000000) for __main
    main.o(i.HAL_TIM_PeriodElapsedCallback) refers to stm32f4xx_hal.o(i.HAL_IncTick) for HAL_IncTick
    main.o(i.SystemClock_Config) refers to memseta.o(.text) for __aeabi_memclr4
    main.o(i.SystemClock_Config) refers to stm32f4xx_hal_rcc.o(i.HAL_RCC_OscConfig) for HAL_RCC_OscConfig
    main.o(i.SystemClock_Config) refers to main.o(i.Error_Handler) for Error_Handler
    main.o(i.SystemClock_Config) refers to stm32f4xx_hal_rcc.o(i.HAL_RCC_ClockConfig) for HAL_RCC_ClockConfig
    main.o(i.main) refers to stm32f4xx_hal.o(i.HAL_Init) for HAL_Init
    main.o(i.main) refers to main.o(i.SystemClock_Config) for SystemClock_Config
    main.o(i.main) refers to gpio.o(i.MX_GPIO_Init) for MX_GPIO_Init
    main.o(i.main) refers to tim.o(i.MX_TIM5_Init) for MX_TIM5_Init
    main.o(i.main) refers to usart.o(i.MX_USART1_UART_Init) for MX_USART1_UART_Init
    main.o(i.main) refers to usart.o(i.MX_USART3_UART_Init) for MX_USART3_UART_Init
    main.o(i.main) refers to adc.o(i.MX_ADC1_Init) for MX_ADC1_Init
    main.o(i.main) refers to spi.o(i.MX_SPI1_Init) for MX_SPI1_Init
    main.o(i.main) refers to tim.o(i.MX_TIM7_Init) for MX_TIM7_Init
    main.o(i.main) refers to driver_usart.o(i.EnableDebugIRQ) for EnableDebugIRQ
    main.o(i.main) refers to driver_usart.o(i.EnableUART3IRQ) for EnableUART3IRQ
    main.o(i.main) refers to uart3_irq.o(i.Uart3_Lock_Init) for Uart3_Lock_Init
    main.o(i.main) refers to ring_buffer.o(i.ring_buffer_init) for ring_buffer_init
    main.o(i.main) refers to atcommand.o(i.ATInit) for ATInit
    main.o(i.main) refers to printf8.o(i.__0printf$8) for __2printf
    main.o(i.main) refers to cmsis_os2.o(i.osKernelInitialize) for osKernelInitialize
    main.o(i.main) refers to freertos.o(i.MX_FREERTOS_Init) for MX_FREERTOS_Init
    main.o(i.main) refers to cmsis_os2.o(i.osKernelStart) for osKernelStart
    main.o(i.main) refers to main.o(.bss) for test_buffer
    gpio.o(i.MX_GPIO_Init) refers to memseta.o(.text) for __aeabi_memclr4
    gpio.o(i.MX_GPIO_Init) refers to stm32f4xx_hal_gpio.o(i.HAL_GPIO_WritePin) for HAL_GPIO_WritePin
    gpio.o(i.MX_GPIO_Init) refers to stm32f4xx_hal_gpio.o(i.HAL_GPIO_Init) for HAL_GPIO_Init
    freertos.o(i.MX_FREERTOS_Init) refers to cmsis_os2.o(i.osThreadNew) for osThreadNew
    freertos.o(i.MX_FREERTOS_Init) refers to tasks.o(i.xTaskCreate) for xTaskCreate
    freertos.o(i.MX_FREERTOS_Init) refers to freertos.o(.constdata) for defaultTask_attributes
    freertos.o(i.MX_FREERTOS_Init) refers to atcommand.o(i.AT_RecvParse) for AT_RecvParse
    freertos.o(i.MX_FREERTOS_Init) refers to freertos.o(.data) for G_xMQTTClientInitHandle
    freertos.o(i.MX_FREERTOS_Init) refers to mqtt_task.o(i.MQTT_Client_Init) for MQTT_Client_Init
    freertos.o(i.StartDefaultTask) refers to printf8.o(i.__0printf$8) for __2printf
    freertos.o(i.StartDefaultTask) refers to cmsis_os2.o(i.osDelay) for osDelay
    freertos.o(.constdata) refers to freertos.o(.conststring) for .conststring
    adc.o(i.HAL_ADC_MspDeInit) refers to stm32f4xx_hal_gpio.o(i.HAL_GPIO_DeInit) for HAL_GPIO_DeInit
[...]
    OTG_HS_IRQHandler                        0x08000277   Thumb Code     0  startup_stm32f407xx.o(.text)
    OTG_HS_WKUP_IRQHandler                   0x08000277   Thumb Code     0  startup_stm32f407xx.o(.text)
    PVD_IRQHandler                           0x08000277   Thumb Code     0  startup_stm32f407xx.o(.text)
    RCC_IRQHandler                           0x08000277   Thumb Code     0  startup_stm32f407xx.o(.text)
    RTC_Alarm_IRQHandler                     0x08000277   Thumb Code     0  startup_stm32f407xx.o(.text)
    RTC_WKUP_IRQHandler                      0x08000277   Thumb Code     0  startup_stm32f407xx.o(.text)
    SDIO_IRQHandler                          0x08000277   Thumb Code     0  startup_stm32f407xx.o(.text)
    SPI2_IRQHandler                          0x08000277   Thumb Code     0  startup_stm32f407xx.o(.text)
    SPI3_IRQHandler                          0x08000277   Thumb Code     0  startup_stm32f407xx.o(.text)
    TAMP_STAMP_IRQHandler                    0x08000277   Thumb Code     0  startup_stm32f407xx.o(.text)
    TIM1_BRK_TIM9_IRQHandler                 0x08000277   Thumb Code     0  startup_stm32f407xx.o(.text)
    TIM1_CC_IRQHandler                       0x08000277   Thumb Code     0  startup_stm32f407xx.o(.text)
    TIM1_TRG_COM_TIM11_IRQHandler            0x08000277   Thumb Code     0  startup_stm32f407xx.o(.text)
    TIM1_UP_TIM10_IRQHandler                 0x08000277   Thumb Code     0  startup_stm32f407xx.o(.text)
    TIM2_IRQHandler                          0x08000277   Thumb Code     0  startup_stm32f407xx.o(.text)
    TIM3_IRQHandler                          0x08000277   Thumb Code     0  startup_stm32f407xx.o(.text)
    TIM5_IRQHandler                          0x08000277   Thumb Code     0  startup_stm32f407xx.o(.text)
    TIM6_DAC_IRQHandler                      0x08000277   Thumb Code     0  startup_stm32f407xx.o(.text)
    TIM8_BRK_TIM12_IRQHandler                0x08000277   Thumb Code     0  startup_stm32f407xx.o(.text)
    TIM8_CC_IRQHandler                       0x08000277   Thumb Code     0  startup_stm32f407xx.o(.text)
    TIM8_TRG_COM_TIM14_IRQHandler            0x08000277   Thumb Code     0  startup_stm32f407xx.o(.text)
    TIM8_UP_TIM13_IRQHandler                 0x08000277   Thumb Code     0  startup_stm32f407xx.o(.text)
    UART4_IRQHandler                         0x08000277   Thumb Code     0  startup_stm32f407xx.o(.text)
    UART5_IRQHandler                         0x08000277   Thumb Code     0  startup_stm32f407xx.o(.text)
    USART2_IRQHandler                        0x08000277   Thumb Code     0  startup_stm32f407xx.o(.text)
    USART6_IRQHandler                        0x08000277   Thumb Code     0  startup_stm32f407xx.o(.text)
    WWDG_IRQHandler                          0x08000277   Thumb Code     0  startup_stm32f407xx.o(.text)
    __aeabi_uldivmod                         0x08000281   Thumb Code    98  uldiv.o(.text)
    rand                                     0x080002e5   Thumb Code    20  rand.o(.text)
    srand                                    0x080002f9   Thumb Code     6  rand.o(.text)
    __aeabi_memcpy                           0x08000309   Thumb Code    36  memcpya.o(.text)
    __aeabi_memcpy4                          0x08000309   Thumb Code     0  memcpya.o(.text)
    __aeabi_memcpy8                          0x08000309   Thumb Code     0  memcpya.o(.text)
    __aeabi_memset                           0x0800032d   Thumb Code    14  memseta.o(.text)
    __aeabi_memset4                          0x0800032d   Thumb Code     0  memseta.o(.text)
    __aeabi_memset8                          0x0800032d   Thumb Code     0  memseta.o(.text)
    __aeabi_memclr                           0x0800033b   Thumb Code     4  memseta.o(.text)
    __aeabi_memclr4                          0x0800033b   Thumb Code     0  memseta.o(.text)
    __aeabi_memclr8                          0x0800033b   Thumb Code     0  memseta.o(.text)
    memset                                   0x0800033f   Thumb Code    18  memseta.o(.text)
    strstr                                   0x08000351   Thumb Code    36  strstr.o(.text)
    strlen                                   0x08000375   Thumb Code    14  strlen.o(.text)
    strncmp                                  0x08000383   Thumb Code    30  strncmp.o(.text)
    __aeabi_llsl                             0x080003a1   Thumb Code    30  llshl.o(.text)
    _ll_shift_l                              0x080003a1   Thumb Code     0  llshl.o(.text)
    __aeabi_llsr                             0x080003bf   Thumb Code    32  llushr.o(.text)
    _ll_ushift_r                             0x080003bf   Thumb Code     0  llushr.o(.text)
    __scatterload                            0x080003e1   Thumb Code    28  init.o(.text)
    __scatterload_rt2                        0x080003e1   Thumb Code     0  init.o(.text)
    ADC_IRQHandler                           0x08000405   Thumb Code    10  stm32f4xx_it.o(i.ADC_IRQHandler)
    ATInit                                   0x08000575   Thumb Code    36  atcommand.o(i.ATInit)
    ATReadData                               0x080005a5   Thumb Code    48  atcommand.o(i.ATReadData)
    ATSendData                               0x080005dd   Thumb Code    48  atcommand.o(i.ATSendData)
    AT_RecvParse                             0x08000611   Thumb Code   152  atcommand.o(i.AT_RecvParse)
    AT_SendCmd                               0x080006c1   Thumb Code    94  atcommand.o(i.AT_SendCmd)
    BusFault_Handler                         0x0800072d   Thumb Code     4  stm32f4xx_it.o(i.BusFault_Handler)
    DHT11_MQTT_Task                          0x08000731   Thumb Code   160  dth11.o(i.DHT11_MQTT_Task)
    DHT11_PinCfgAsInput                      0x0800083d   Thumb Code    40  dth11.o(i.DHT11_PinCfgAsInput)
    DHT11_PinCfgAsOutput                     0x08000869   Thumb Code    40  dth11.o(i.DHT11_PinCfgAsOutput)
    DHT11_ReadByte                           0x08000895   Thumb Code    30  dth11.o(i.DHT11_ReadByte)
    DHT11_Read_Bit                           0x080008b5   Thumb Code    88  dth11.o(i.DHT11_Read_Bit)
    DHT11_Read_Data                          0x08000911   Thumb Code    80  dth11.o(i.DHT11_Read_Data)
    DHT11_Start                              0x08000961   Thumb Code    42  dth11.o(i.DHT11_Start)
    DHT11_Wait_Ack                           0x08000991   Thumb Code    86  dth11.o(i.DHT11_Wait_Ack)
    DebugMon_Handler                         0x080009ed   Thumb Code     2  stm32f4xx_it.o(i.DebugMon_Handler)
    Delay_ms                                 0x080009ef   Thumb Code    24  tim.o(i.Delay_ms)
    Delay_us                                 0x08000a09   Thumb Code    68  tim.o(i.Delay_us)
    EnableDebugIRQ                           0x08000a51   Thumb Code    36  driver_usart.o(i.EnableDebugIRQ)
    EnableUART3IRQ                           0x08000a79   Thumb Code    52  driver_usart.o(i.EnableUART3IRQ)
    Error_Handler                            0x08000ab1   Thumb Code     6  main.o(i.Error_Handler)
    GetATstatus                              0x08000ab9   Thumb Code     6  atcommand.o(i.GetATstatus)
    GetSpecialATString                       0x08000ac5   Thumb Code    22  atcommand.o(i.GetSpecialATString)
    HAL_ADCEx_InjectedConvCpltCallback       0x08000ae5   Thumb Code     2  stm32f4xx_hal_adc_ex.o(i.HAL_ADCEx_InjectedConvCpltCallback)
    HAL_ADC_ConfigChannel                    0x08000ae9   Thumb Code   380  stm32f4xx_hal_adc.o(i.HAL_ADC_ConfigChannel)
    HAL_ADC_ConvCpltCallback                 0x08000c75   Thumb Code     2  stm32f4xx_hal_adc.o(i.HAL_ADC_ConvCpltCallback)
    HAL_ADC_ErrorCallback                    0x08000c77   Thumb Code     2  stm32f4xx_hal_adc.o(i.HAL_ADC_ErrorCallback)
    HAL_ADC_GetValue                         0x08000c79   Thumb Code     8  stm32f4xx_hal_adc.o(i.HAL_ADC_GetValue)
    HAL_ADC_IRQHandler                       0x08000c81   Thumb Code   354  stm32f4xx_hal_adc.o(i.HAL_ADC_IRQHandler)
    HAL_ADC_Init                             0x08000de5   Thumb Code   100  stm32f4xx_hal_adc.o(i.HAL_ADC_Init)
    HAL_ADC_LevelOutOfWindowCallback         0x08000e4d   Thumb Code     2  stm32f4xx_hal_adc.o(i.HAL_ADC_LevelOutOfWindowCallback)
    HAL_ADC_MspInit                          0x08000e51   Thumb Code   130  adc.o(i.HAL_ADC_MspInit)
    HAL_ADC_PollForConversion                0x08000ee1   Thumb Code   206  stm32f4xx_hal_adc.o(i.HAL_ADC_PollForConversion)
    HAL_ADC_Start                            0x08000fb1   Thumb Code   308  stm32f4xx_hal_adc.o(i.HAL_ADC_Start)
    HAL_ADC_Start_IT                         0x080010fd   Thumb Code   320  stm32f4xx_hal_adc.o(i.HAL_ADC_Start_IT)
    HAL_AT_Receive                           0x08001259   Thumb Code    16  hal_uart.o(i.HAL_AT_Receive)
    HAL_DMA_Abort                            0x08001269   Thumb Code   172  stm32f4xx_hal_dma.o(i.HAL_DMA_Abort)
    HAL_DMA_Abort_IT                         0x08001315   Thumb Code    40  stm32f4xx_hal_dma.o(i.HAL_DMA_Abort_IT)
    HAL_GPIO_Init                            0x0800133d   Thumb Code   454  stm32f4xx_hal_gpio.o(i.HAL_GPIO_Init)
    HAL_GPIO_ReadPin                         0x08001531   Thumb Code    16  stm32f4xx_hal_gpio.o(i.HAL_GPIO_ReadPin)
    HAL_GPIO_WritePin                        0x08001541   Thumb Code    12  stm32f4xx_hal_gpio.o(i.HAL_GPIO_WritePin)
    HAL_GetTick                              0x0800154d   Thumb Code     6  stm32f4xx_hal.o(i.HAL_GetTick)
    HAL_IncTick                              0x08001559   Thumb Code    16  stm32f4xx_hal.o(i.HAL_IncTick)
    HAL_Init                                 0x08001571   Thumb Code    54  stm32f4xx_hal.o(i.HAL_Init)
    HAL_InitTick                             0x080015ad   Thumb Code   160  stm32f4xx_hal_timebase_tim.o(i.HAL_InitTick)
    HAL_MspInit                              0x08001661   Thumb Code    78  stm32f4xx_hal_msp.o(i.HAL_MspInit)
    HAL_NVIC_EnableIRQ                       0x080016b5   Thumb Code    40  stm32f4xx_hal_cortex.o(i.HAL_NVIC_EnableIRQ)
    HAL_NVIC_SetPriority                     0x080016dd   Thumb Code   124  stm32f4xx_hal_cortex.o(i.HAL_NVIC_SetPriority)
    HAL_NVIC_SetPriorityGrouping             0x08001759   Thumb Code    32  stm32f4xx_hal_cortex.o(i.HAL_NVIC_SetPriorityGrouping)
    HAL_RCC_ClockConfig                      0x08001781   Thumb Code   368  stm32f4xx_hal_rcc.o(i.HAL_RCC_ClockConfig)
    HAL_RCC_GetClockConfig                   0x08001905   Thumb Code    58  stm32f4xx_hal_rcc.o(i.HAL_RCC_GetClockConfig)
    HAL_RCC_GetHCLKFreq                      0x08001949   Thumb Code     6  stm32f4xx_hal_rcc.o(i.HAL_RCC_GetHCLKFreq)
    HAL_RCC_GetPCLK1Freq                     0x08001955   Thumb Code    22  stm32f4xx_hal_rcc.o(i.HAL_RCC_GetPCLK1Freq)
    HAL_RCC_GetPCLK2Freq                     0x08001975   Thumb Code    22  stm32f4xx_hal_rcc.o(i.HAL_RCC_GetPCLK2Freq)
    HAL_RCC_GetSysClockFreq                  0x08001995   Thumb Code   162  stm32f4xx_hal_rcc.o(i.HAL_RCC_GetSysClockFreq)
    HAL_RCC_OscConfig                        0x08001a45   Thumb Code  1172  stm32f4xx_hal_rcc.o(i.HAL_RCC_OscConfig)
    HAL_SPI_ErrorCallback                    0x08001ee1   Thumb Code     2  stm32f4xx_hal_spi.o(i.HAL_SPI_ErrorCallback)
    HAL_SPI_IRQHandler                       0x08001ee5   Thumb Code   342  stm32f4xx_hal_spi.o(i.HAL_SPI_IRQHandler)
    HAL_SPI_Init                             0x08002041   Thumb Code   200  stm32f4xx_hal_spi.o(i.HAL_SPI_Init)
    HAL_SPI_MspInit                          0x08002109   Thumb Code   138  spi.o(i.HAL_SPI_MspInit)
    HAL_TIMEx_BreakCallback                  0x080021a1   Thumb Code     2  stm32f4xx_hal_tim_ex.o(i.HAL_TIMEx_BreakCallback)
    HAL_TIMEx_CommutCallback                 0x080021a3   Thumb Code     2  stm32f4xx_hal_tim_ex.o(i.HAL_TIMEx_CommutCallback)
    HAL_TIMEx_MasterConfigSynchronization    0x080021a5   Thumb Code   150  stm32f4xx_hal_tim_ex.o(i.HAL_TIMEx_MasterConfigSynchronization)
    HAL_TIM_Base_Init                        0x08002259   Thumb Code   102  stm32f4xx_hal_tim.o(i.HAL_TIM_Base_Init)
    HAL_TIM_Base_MspInit                     0x080022c1   Thumb Code   102  tim.o(i.HAL_TIM_Base_MspInit)
    HAL_TIM_Base_Start_IT                    0x08002335   Thumb Code   138  stm32f4xx_hal_tim.o(i.HAL_TIM_Base_Start_IT)
    HAL_TIM_IC_CaptureCallback               0x080023dd   Thumb Code     2  stm32f4xx_hal_tim.o(i.HAL_TIM_IC_CaptureCallback)
    HAL_TIM_IRQHandler                       0x080023df   Thumb Code   364  stm32f4xx_hal_tim.o(i.HAL_TIM_IRQHandler)
    HAL_TIM_OC_DelayElapsedCallback          0x0800254b   Thumb Code     2  stm32f4xx_hal_tim.o(i.HAL_TIM_OC_DelayElapsedCallback)
    HAL_TIM_PWM_PulseFinishedCallback        0x0800254d   Thumb Code     2  stm32f4xx_hal_tim.o(i.HAL_TIM_PWM_PulseFinishedCallback)
    HAL_TIM_PeriodElapsedCallback            0x08002551   Thumb Code    18  main.o(i.HAL_TIM_PeriodElapsedCallback)
    HAL_TIM_SlaveConfigSynchro               0x08002569   Thumb Code   108  stm32f4xx_hal_tim.o(i.HAL_TIM_SlaveConfigSynchro)
    HAL_TIM_TriggerCallback                  0x080025d5   Thumb Code     2  stm32f4xx_hal_tim.o(i.HAL_TIM_TriggerCallback)
    HAL_UARTEx_RxEventCallback               0x080025d7   Thumb Code     2  stm32f4xx_hal_uart.o(i.HAL_UARTEx_RxEventCallback)
    HAL_UART_ErrorCallback                   0x080025d9   Thumb Code     2  stm32f4xx_hal_uart.o(i.HAL_UART_ErrorCallback)
    HAL_UART_IRQHandler                      0x080025dd   Thumb Code   740  stm32f4xx_hal_uart.o(i.HAL_UART_IRQHandler)
    HAL_UART_Init                            0x080028c5   Thumb Code   118  stm32f4xx_hal_uart.o(i.HAL_UART_Init)
    HAL_UART_MspInit                         0x0800293d   Thumb Code   268  usart.o(i.HAL_UART_MspInit)
    HAL_UART_RxCpltCallback                  0x08002a5d   Thumb Code    16  driver_usart.o(i.HAL_UART_RxCpltCallback)
    HAL_UART_Transmit_IT                     0x08002a75   Thumb Code    56  stm32f4xx_hal_uart.o(i.HAL_UART_Transmit_IT)
    HAL_UART_TxCpltCallback                  0x08002aad   Thumb Code    16  driver_usart.o(i.HAL_UART_TxCpltCallback)
    Hal_Uart_Send                            0x08002ac5   Thumb Code    16  hal_uart.o(i.Hal_Uart_Send)
    HardFault_Handler                        0x08002ad5   Thumb Code     4  stm32f4xx_it.o(i.HardFault_Handler)
    LightSensor_Init                         0x08002ad9   Thumb Code    10  lightsensor.o(i.LightSensor_Init)
    LightSensor_MQTT_Task                    0x08002ae9   Thumb Code   206  lightsensor.o(i.LightSensor_MQTT_Task)
    LightSensor_Read                         0x08002c31   Thumb Code    46  lightsensor.o(i.LightSensor_Read)
    MQTTDeserialize_ack                      0x08002c65   Thumb Code   108  mqttdeserializepublish.o(i.MQTTDeserialize_ack)
    MQTTDeserialize_connack                  0x08002cd1   Thumb Code   118  mqttconnectclient.o(i.MQTTDeserialize_connack)
    MQTTDeserialize_publish                  0x08002d47   Thumb Code   168  mqttdeserializepublish.o(i.MQTTDeserialize_publish)
    MQTTDeserialize_suback                   0x08002def   Thumb Code   146  mqttsubscribeclient.o(i.MQTTDeserialize_suback)
    MQTTDeserialize_unsuback                 0x08002e81   Thumb Code    46  mqttunsubscribeclient.o(i.MQTTDeserialize_unsuback)
    MQTTPacket_decode                        0x08002eaf   Thumb Code    88  mqttpacket.o(i.MQTTPacket_decode)
    MQTTPacket_decodeBuf                     0x08002f09   Thumb Code    20  mqttpacket.o(i.MQTTPacket_decodeBuf)
    MQTTPacket_encode                        0x08002f25   Thumb Code    54  mqttpacket.o(i.MQTTPacket_encode)
    MQTTPacket_equals                        0x08002f5b   Thumb Code    66  mqttpacket.o(i.MQTTPacket_equals)
    MQTTPacket_len                           0x08002f9d   Thumb Code    34  mqttpacket.o(i.MQTTPacket_len)
    MQTTSerialize_ack                        0x08002fc5   Thumb Code   114  mqttserializepublish.o(i.MQTTSerialize_ack)
    MQTTSerialize_connect                    0x08003039   Thumb Code   342  mqttconnectclient.o(i.MQTTSerialize_connect)
    MQTTSerialize_connectLength              0x080031a1   Thumb Code   118  mqttconnectclient.o(i.MQTTSerialize_connectLength)
    MQTTSerialize_pingreq                    0x08003217   Thumb Code    18  mqttconnectclient.o(i.MQTTSerialize_pingreq)
    MQTTSerialize_publish                    0x08003229   Thumb Code   176  mqttserializepublish.o(i.MQTTSerialize_publish)
    MQTTSerialize_publishLength              0x080032d9   Thumb Code    34  mqttserializepublish.o(i.MQTTSerialize_publishLength)
    MQTTSerialize_subscribe                  0x080032fb   Thumb Code   176  mqttsubscribeclient.o(i.MQTTSerialize_subscribe)
    MQTTSerialize_subscribeLength            0x080033ab   Thumb Code    46  mqttsubscribeclient.o(i.MQTTSerialize_subscribeLength)
    MQTTSerialize_zero                       0x080033d9   Thumb Code    76  mqttconnectclient.o(i.MQTTSerialize_zero)
    MQTT_Client_Init                         0x08003425   Thumb Code   292  mqtt_task.o(i.MQTT_Client_Init)
    MQTT_Client_Task                         0x080036a1   Thumb Code   148  mqtt_task.o(i.MQTT_Client_Task)
    MQTTstrlen                               0x08003931   Thumb Code    24  mqttpacket.o(i.MQTTstrlen)
    MX_ADC1_Init                             0x08003949   Thumb Code    98  adc.o(i.MX_ADC1_Init)
    MX_FREERTOS_Init                         0x080039b9   Thumb Code    34  freertos.o(i.MX_FREERTOS_Init)
    MX_GPIO_Init                             0x08003a01   Thumb Code   292  gpio.o(i.MX_GPIO_Init)
    MX_SPI1_Init                             0x08003b35   Thumb Code    58  spi.o(i.MX_SPI1_Init)
    MX_TIM5_Init                             0x08003b79   Thumb Code   100  tim.o(i.MX_TIM5_Init)
    MX_TIM7_Init                             0x08003be5   Thumb Code    64  tim.o(i.MX_TIM7_Init)
    MX_USART1_UART_Init                      0x08003c2d   Thumb Code    46  usart.o(i.MX_USART1_UART_Init)
    MX_USART3_UART_Init                      0x08003c65   Thumb Code    46  usart.o(i.MX_USART3_UART_Init)
    MemManage_Handler                        0x08003c9d   Thumb Code     4  stm32f4xx_it.o(i.MemManage_Handler)
    NMI_Handler                              0x08003ca1   Thumb Code     4  stm32f4xx_it.o(i.NMI_Handler)
    SPI1_IRQHandler                          0x08003d05   Thumb Code    10  stm32f4xx_it.o(i.SPI1_IRQHandler)
    SetATstatus                              0x08003d29   Thumb Code    10  atcommand.o(i.SetATstatus)
    SysTick_Handler                          0x08003d39   Thumb Code    22  cmsis_os2.o(i.SysTick_Handler)
    SystemClock_Config                       0x08003d51   Thumb Code   170  main.o(i.SystemClock_Config)
    SystemInit                               0x08003e05   Thumb Code    14  system_stm32f4xx.o(i.SystemInit)
    TIM4_IRQHandler                          0x08003e19   Thumb Code    10  stm32f4xx_it.o(i.TIM4_IRQHandler)
    TIM7_IRQHandler                          0x08003e29   Thumb Code    10  stm32f4xx_it.o(i.TIM7_IRQHandler)
    TIM_Base_SetConfig                       0x08003e39   Thumb Code   186  stm32f4xx_hal_tim.o(i.TIM_Base_SetConfig)
    TIM_ETR_SetConfig                        0x08003f21   Thumb Code    22  stm32f4xx_hal_tim.o(i.TIM_ETR_SetConfig)
    USART1_IRQHandler                        0x08004461   Thumb Code    36  driver_usart.o(i.USART1_IRQHandler)
    USART3_IRQHandler                        0x08004491   Thumb Code    54  uart3_irq.o(i.USART3_IRQHandler)
    USART3_Read                              0x080044d5   Thumb Code    30  uart3_irq.o(i.USART3_Read)
    USART3_Write                             0x080044fd   Thumb Code    40  uart3_irq.o(i.USART3_Write)
    Uart3_Lock_Init                          0x08004529   Thumb Code    22  uart3_irq.o(i.Uart3_Lock_Init)
    UsageFault_Handler                       0x08004549   Thumb Code     4  stm32f4xx_it.o(i.UsageFault_Handler)
    __0printf$8                              0x0800454d   Thumb Code    22  printf8.o(i.__0printf$8)
    __1printf$8                              0x0800454d   Thumb Code     0  printf8.o(i.__0printf$8)
    __2printf                                0x0800454d   Thumb Code     0  printf8.o(i.__0printf$8)
    __0sprintf$8                             0x0800456d   Thumb Code    34  printf8.o(i.__0sprintf$8)
    __1sprintf$8                             0x0800456d   Thumb Code     0  printf8.o(i.__0sprintf$8)
    __2sprintf                               0x0800456d   Thumb Code     0  printf8.o(i.__0sprintf$8)
    __scatterload_copy                       0x080045d3   Thumb Code    14  handlers.o(i.__scatterload_copy)
    __scatterload_null                       0x080045e1   Thumb Code     2  handlers.o(i.__scatterload_null)
    __scatterload_zeroinit                   0x080045e3   Thumb Code    14  handlers.o(i.__scatterload_zeroinit)
    bufchar                                  0x08004a7d   Thumb Code    36  mqttpacket.o(i.bufchar)
    fputc                                    0x08004b35   Thumb Code    34  driver_usart.o(i.fputc)
    main                                     0x08004b61   Thumb Code    80  main.o(i.main)
    mqtt_connect                             0x08004f3b   Thumb Code    12  mqttclient.o(i.mqtt_connect)
    mqtt_keep_alive                          0x08005599   Thumb Code   140  mqttclient.o(i.mqtt_keep_alive)
    mqtt_lease                               0x0800566d   Thumb Code    42  mqttclient.o(i.mqtt_lease)
    mqtt_list_add_tail                       0x08005697   Thumb Code    18  mqtt_list.o(i.mqtt_list_add_tail)
    mqtt_list_del                            0x080056a9   Thumb Code    14  mqtt_list.o(i.mqtt_list_del)
    mqtt_list_del_init                       0x080056b7   Thumb Code    18  mqtt_list.o(i.mqtt_list_del_init)
    mqtt_list_init                           0x080056c9   Thumb Code     6  mqtt_list.o(i.mqtt_list_init)
    mqtt_list_is_empty                       0x080056cf   Thumb Code    16  mqtt_list.o(i.mqtt_list_is_empty)
    mqtt_publish                             0x08005961   Thumb Code   316  mqttclient.o(i.mqtt_publish)
    mqtt_set_clean_session                   0x08005f51   Thumb Code    50  mqttclient.o(i.mqtt_set_clean_session)
    mqtt_set_client_id                       0x08005fcd   Thumb Code    38  mqttclient.o(i.mqtt_set_client_id)
    mqtt_set_host                            0x08006059   Thumb Code    38  mqttclient.o(i.mqtt_set_host)
    mqtt_set_password                        0x080060c9   Thumb Code    38  mqttclient.o(i.mqtt_set_password)
    mqtt_set_port                            0x08006139   Thumb Code    38  mqttclient.o(i.mqtt_set_port)
    mqtt_set_user_name                       0x080061f5   Thumb Code    38  mqttclient.o(i.mqtt_set_user_name)
    mqtt_sleep_ms                            0x08006265   Thumb Code    18  mqttclient.o(i.mqtt_sleep_ms)
    mqtt_subscribe                           0x0800632d   Thumb Code   194  mqttclient.o(i.mqtt_subscribe)
    nettype_tcp_connect                      0x080069ed   Thumb Code    30  nettype_tcp.o(i.nettype_tcp_connect)
    nettype_tcp_disconnect                   0x08006a0b   Thumb Code    20  nettype_tcp.o(i.nettype_tcp_disconnect)
    nettype_tcp_read                         0x08006a1f   Thumb Code    28  nettype_tcp.o(i.nettype_tcp_read)
    nettype_tcp_write                        0x08006a3b   Thumb Code    28  nettype_tcp.o(i.nettype_tcp_write)
    network_connect                          0x08006a57   Thumb Code    12  network.o(i.network_connect)
    network_disconnect                       0x08006a63   Thumb Code    12  network.o(i.network_disconnect)
    network_init                             0x08006a6f   Thumb Code    26  network.o(i.network_init)
    network_read                             0x08006a89   Thumb Code    28  network.o(i.network_read)
    network_release                          0x08006aa5   Thumb Code    26  network.o(i.network_release)
    network_write                            0x08006abf   Thumb Code    28  network.o(i.network_write)
    osKernelInitialize                       0x08006add   Thumb Code    38  cmsis_os2.o(i.osKernelInitialize)
    osKernelStart                            0x08006b09   Thumb Code    82  cmsis_os2.o(i.osKernelStart)
    osThreadNew                              0x08006b69   Thumb Code   186  cmsis_os2.o(i.osThreadNew)
    platform_memory_alloc                    0x08006c23   Thumb Code    26  platform_memory.o(i.platform_memory_alloc)
    platform_memory_free                     0x08006c3d   Thumb Code    12  platform_memory.o(i.platform_memory_free)
    platform_mutex_init                      0x08006c49   Thumb Code    32  platform_mutex.o(i.platform_mutex_init)
    platform_mutex_lock                      0x08006c69   Thumb Code    16  platform_mutex.o(i.platform_mutex_lock)
    platform_mutex_lock_timeout              0x08006c79   Thumb Code    16  platform_mutex.o(i.platform_mutex_lock_timeout)
    platform_mutex_unlock                    0x08006c89   Thumb Code    18  platform_mutex.o(i.platform_mutex_unlock)
    platform_mutex_unlock_Fromisr            0x08006c9d   Thumb Code    38  platform_mutex.o(i.platform_mutex_unlock_Fromisr)
    platform_net_socket_close                0x08006ccd   Thumb Code    20  platform_net_socket.o(i.platform_net_socket_close)
    platform_net_socket_connect              0x08006ced   Thumb Code   172  platform_net_socket.o(i.platform_net_socket_connect)
    platform_net_socket_recv_timeout         0x08006e49   Thumb Code    44  platform_net_socket.o(i.platform_net_socket_recv_timeout)
    platform_net_socket_write_timeout        0x08006e75   Thumb Code   104  platform_net_socket.o(i.platform_net_socket_write_timeout)
    platform_thread_destroy                  0x08006f2d   Thumb Code    20  platform_thread.o(i.platform_thread_destroy)
    platform_thread_init                     0x08006f41   Thumb Code    64  platform_thread.o(i.platform_thread_init)
    platform_thread_start                    0x08006f81   Thumb Code    12  platform_thread.o(i.platform_thread_start)
    platform_thread_startup                  0x08006f8d   Thumb Code     2  platform_thread.o(i.platform_thread_startup)
    platform_thread_stop                     0x08006f8f   Thumb Code    12  platform_thread.o(i.platform_thread_stop)
    platform_timer_cutdown                   0x08006f9b   Thumb Code    20  platform_timer.o(i.platform_timer_cutdown)
    platform_timer_init                      0x08006faf   Thumb Code     6  platform_timer.o(i.platform_timer_init)
    platform_timer_is_expired                0x08006fb5   Thumb Code    22  platform_timer.o(i.platform_timer_is_expired)
    platform_timer_now                       0x08006fcb   Thumb Code     8  platform_timer.o(i.platform_timer_now)
    platform_timer_remain                    0x08006fd3   Thumb Code    26  platform_timer.o(i.platform_timer_remain)
    platform_timer_usleep                    0x08006fed   Thumb Code    20  platform_timer.o(i.platform_timer_usleep)
    pvPortMalloc                             0x08007b79   Thumb Code   306  heap_4.o(i.pvPortMalloc)
    pvTaskIncrementMutexHeldCount            0x08007cc5   Thumb Code    26  tasks.o(i.pvTaskIncrementMutexHeldCount)
    pxPortInitialiseStack                    0x08007ce5   Thumb Code    38  port.o(i.pxPortInitialiseStack)
    random_number                            0x08007d11   Thumb Code    50  random.o(i.random_number)
    random_string                            0x08007d49   Thumb Code   202  random.o(i.random_string)
    readChar                                 0x08007e19   Thumb Code    14  mqttpacket.o(i.readChar)
    readInt                                  0x08007e27   Thumb Code    26  mqttpacket.o(i.readInt)
    readMQTTLenString                        0x08007e41   Thumb Code    58  mqttpacket.o(i.readMQTTLenString)
    ring_buffer_init                         0x08007e7b   Thumb Code     8  ring_buffer.o(i.ring_buffer_init)
    ring_buffer_read                         0x08007e83   Thumb Code    40  ring_buffer.o(i.ring_buffer_read)
    ring_buffer_write                        0x08007eab   Thumb Code    28  ring_buffer.o(i.ring_buffer_write)
    uxListRemove                             0x08007f59   Thumb Code    40  list.o(i.uxListRemove)
    uxTaskResetEventItemValue                0x08007f81   Thumb Code    24  tasks.o(i.uxTaskResetEventItemValue)
    vApplicationGetIdleTaskMemory            0x08007f9d   Thumb Code    16  cmsis_os2.o(i.vApplicationGetIdleTaskMemory)
    vApplicationGetTimerTaskMemory           0x08007fb5   Thumb Code    16  cmsis_os2.o(i.vApplicationGetTimerTaskMemory)
    vListInitialise                          0x08007fcd   Thumb Code    26  list.o(i.vListInitialise)
    vListInitialiseItem                      0x08007fe7   Thumb Code     6  list.o(i.vListInitialiseItem)
    vListInsert                              0x08007fed   Thumb Code    52  list.o(i.vListInsert)
    vListInsertEnd                           0x08008021   Thumb Code    24  list.o(i.vListInsertEnd)
    vPortEnterCritical                       0x08008039   Thumb Code    76  port.o(i.vPortEnterCritical)
    vPortExitCritical                        0x0800808d   Thumb Code    56  port.o(i.vPortExitCritical)
    vPortFree                                0x080080c9   Thumb Code   150  heap_4.o(i.vPortFree)
    vPortSetupTimerInterrupt                 0x0800816d   Thumb Code    36  port.o(i.vPortSetupTimerInterrupt)
    vPortValidateInterruptPriority           0x08008195   Thumb Code   106  port.o(i.vPortValidateInterruptPriority)
    vQueueAddToRegistry                      0x0800820d   Thumb Code    38  queue.o(i.vQueueAddToRegistry)
    vQueueWaitForMessageRestricted           0x08008239   Thumb Code    74  queue.o(i.vQueueWaitForMessageRestricted)
    vTaskDelay                               0x08008285   Thumb Code    82  tasks.o(i.vTaskDelay)
    vTaskDelete                              0x080082e1   Thumb Code   168  tasks.o(i.vTaskDelete)
    vTaskInternalSetTimeOutState             0x080083a9   Thumb Code    14  tasks.o(i.vTaskInternalSetTimeOutState)
    vTaskMissedYield                         0x080083c1   Thumb Code     8  tasks.o(i.vTaskMissedYield)
    vTaskPlaceOnEventList                    0x080083cd   Thumb Code    52  tasks.o(i.vTaskPlaceOnEventList)
    vTaskPlaceOnEventListRestricted          0x08008405   Thumb Code    60  tasks.o(i.vTaskPlaceOnEventListRestricted)
    vTaskPlaceOnUnorderedEventList           0x08008445   Thumb Code   100  tasks.o(i.vTaskPlaceOnUnorderedEventList)
    vTaskPriorityDisinheritAfterTimeout      0x080084b1   Thumb Code   194  tasks.o(i.vTaskPriorityDisinheritAfterTimeout)
    vTaskRemoveFromUnorderedEventList        0x08008581   Thumb Code   140  tasks.o(i.vTaskRemoveFromUnorderedEventList)
    vTaskResume                              0x08008621   Thumb Code   126  tasks.o(i.vTaskResume)
    vTaskStartScheduler                      0x080086b1   Thumb Code   156  tasks.o(i.vTaskStartScheduler)
    vTaskSuspend                             0x08008769   Thumb Code   176  tasks.o(i.vTaskSuspend)
    vTaskSuspendAll                          0x08008831   Thumb Code    12  tasks.o(i.vTaskSuspendAll)
    vTaskSwitchContext                       0x08008841   Thumb Code   122  tasks.o(i.vTaskSwitchContext)
    writeCString                             0x080088d1   Thumb Code    40  mqttpacket.o(i.writeCString)
    writeChar                                0x080088f9   Thumb Code    12  mqttpacket.o(i.writeChar)
    writeInt                                 0x08008905   Thumb Code    48  mqttpacket.o(i.writeInt)
    writeMQTTString                          0x08008935   Thumb Code    62  mqttpacket.o(i.writeMQTTString)
    xEventGroupCreate                        0x08008973   Thumb Code    30  event_groups.o(i.xEventGroupCreate)
    xEventGroupSetBits                       0x08008991   Thumb Code   206  event_groups.o(i.xEventGroupSetBits)
    xEventGroupWaitBits                      0x08008a61   Thumb Code   338  event_groups.o(i.xEventGroupWaitBits)
    xPortStartScheduler                      0x08008bb9   Thumb Code   330  port.o(i.xPortStartScheduler)
    xPortSysTickHandler                      0x08008d21   Thumb Code    46  port.o(i.xPortSysTickHandler)
    xQueueCreateMutex                        0x08008d55   Thumb Code    34  queue.o(i.xQueueCreateMutex)
    xQueueGenericCreate                      0x08008d77   Thumb Code    90  queue.o(i.xQueueGenericCreate)
    xQueueGenericCreateStatic                0x08008dd1   Thumb Code   224  queue.o(i.xQueueGenericCreateStatic)
    xQueueGenericReset                       0x08008eb1   Thumb Code   146  queue.o(i.xQueueGenericReset)
    xQueueGenericSend                        0x08008f49   Thumb Code   466  queue.o(i.xQueueGenericSend)
    xQueueGenericSendFromISR                 0x08009121   Thumb Code   274  queue.o(i.xQueueGenericSendFromISR)
    xQueueGiveFromISR                        0x08009233   Thumb Code   244  queue.o(i.xQueueGiveFromISR)
    xQueueReceive                            0x08009329   Thumb Code   356  queue.o(i.xQueueReceive)
    xQueueSemaphoreTake                      0x08009491   Thumb Code   434  queue.o(i.xQueueSemaphoreTake)
    xTaskCheckForTimeOut                     0x08009649   Thumb Code   132  tasks.o(i.xTaskCheckForTimeOut)
    xTaskCreate                              0x080096d5   Thumb Code   100  tasks.o(i.xTaskCreate)
    xTaskCreateStatic                        0x08009739   Thumb Code   186  tasks.o(i.xTaskCreateStatic)
    xTaskGetSchedulerState                   0x080097f5   Thumb Code    24  tasks.o(i.xTaskGetSchedulerState)
    xTaskGetTickCount                        0x08009815   Thumb Code     6  tasks.o(i.xTaskGetTickCount)
    xTaskIncrementTick                       0x08009821   Thumb Code   280  tasks.o(i.xTaskIncrementTick)
    xTaskPriorityDisinherit                  0x08009965   Thumb Code   152  tasks.o(i.xTaskPriorityDisinherit)
    xTaskPriorityInherit                     0x08009a09   Thumb Code   150  tasks.o(i.xTaskPriorityInherit)
    xTaskRemoveFromEventList                 0x08009aad   Thumb Code   126  tasks.o(i.xTaskRemoveFromEventList)
    xTaskResumeAll                           0x08009b45   Thumb Code   222  tasks.o(i.xTaskResumeAll)
    xTimerCreateTimerTask                    0x08009c49   Thumb Code   100  timers.o(i.xTimerCreateTimerTask)
    xTimerGenericCommand                     0x08009cc1   Thumb Code   128  timers.o(i.xTimerGenericCommand)
    defaultTask_attributes                   0x08009d44   Data          36  freertos.o(.constdata)
    AHBPrescTable                            0x08009d68   Data          16  system_stm32f4xx.o(.constdata)
    APBPrescTable                            0x08009d78   Data           8  system_stm32f4xx.o(.constdata)
    WIFI_CONECT                              0x0800a04c   Data           4  mqtt_task.o(.constdata)
    PING_MODE1                               0x0800a050   Data           4  mqtt_task.o(.constdata)
    PING_MODE2                               0x0800a054   Data           4  mqtt_task.o(.constdata)
    MESSAGE_DATA_TX_NUM                      0x0800a058   Data           4  mqtt_task.o(.constdata)
    MESSAGE_DATA_TX_LEN                      0x0800a05c   Data           4  mqtt_task.o(.constdata)
    Region$$Table$$Base                      0x0800a17c   Number         0  anon$$obj.o(Region$$Table)
    Region$$Table$$Limit                     0x0800a19c   Number         0  anon$$obj.o(Region$$Table)
    defaultTaskHandle                        0x20000000   Data           4  freertos.o(.data)
    G_xMQTTClientInitHandle                  0x20000004   Data           4  freertos.o(.data)
    uwTick                                   0x20000008   Data           4  stm32f4xx_hal.o(.data)
    uwTickPrio                               0x2000000c   Data           4  stm32f4xx_hal.o(.data)
    uwTickFreq                               0x20000010   Data           1  stm32f4xx_hal.o(.data)
    SystemCoreClock                          0x20000014   Data           4  system_stm32f4xx.o(.data)
    pxCurrentTCB                             0x20000018   Data           4  tasks.o(.data)
    G_xMQTT_Client_Task                      0x200000bc   Data           4  mqtt_task.o(.data)
    G_xQueuePlatform                         0x200000c0   Data           4  mqtt_task.o(.data)
    G_xDHT11_Task_Handler                    0x200000c4   Data           4  mqtt_task.o(.data)
    G_xLightSensor_Task_Handler              0x200000c8   Data           4  mqtt_task.o(.data)
    G_xTaskMutex                             0x200000cc   Data           4  mqtt_task.o(.data)
    Event_Handle                             0x200000d0   Data           4  mqtt_task.o(.data)
    G_xMessageQueueToMQTT                    0x200000d4   Data           4  mqtt_task.o(.data)
    client                                   0x200000d8   Data           4  mqtt_task.o(.data)
    __stdout                                 0x200000e0   Data           4  stdout.o(.data)
    test_buffer                              0x200000e4   Data        1032  main.o(.bss)
    hadc1                                    0x200004ec   Data          72  adc.o(.bss)
    hspi1                                    0x20000534   Data          88  spi.o(.bss)
    htim5                                    0x2000058c   Data          72  tim.o(.bss)
    htim7                                    0x200005d4   Data          72  tim.o(.bss)
    huart1                                   0x2000061c   Data          72  usart.o(.bss)
    huart3                                   0x20000664   Data          72  usart.o(.bss)
    htim4                                    0x200006ac   Data          72  stm32f4xx_hal_timebase_tim.o(.bss)
    xQueueRegistry                           0x200006f4   Data          64  queue.o(.bss)
    msg                                      0x20006240   Data          16  mqtt_task.o(.bss)
    __initial_sp                             0x20006a50   Data           0  startup_stm32f407xx.o(STACK)



==============================================================================

Memory Map of the image

  Image Entry point : 0x08000189

  Load Region LR_IROM1 (Base: 0x08000000, Size: 0x0000a280, Max: 0x00080000, ABSOLUTE)

    Execution Region ER_IROM1 (Exec base: 0x08000000, Load base: 0x08000000, Size: 0x0000a19c, Max: 0x00080000, ABSOLUTE)

    Exec Addr    Load Addr    Size         Type   Attr      Idx    E Section Name        Object

    0x08000000   0x08000000   0x00000188   Data   RO            3    RESET               startup_stm32f407xx.o
    0x08000188   0x08000188   0x00000000   Code   RO         7737  * .ARM.Collect$$$$00000000  mc_w.l(entry.o)
    0x08000188   0x08000188   0x00000004   Code   RO         8022    .ARM.Collect$$$$00000001  mc_w.l(entry2.o)
    0x0800018c   0x0800018c   0x00000004   Code   RO         8025    .ARM.Collect$$$$00000004  mc_w.l(entry5.o)
    0x08000190   0x08000190   0x00000000   Code   RO         8027    .ARM.Collect$$$$00000008  mc_w.l(entry7b.o)
    0x08000190   0x08000190   0x00000000   Code   RO         8029    .ARM.Collect$$$$0000000A  mc_w.l(entry8b.o)
    0x08000190   0x08000190   0x00000008   Code   RO         8030    .ARM.Collect$$$$0000000B  mc_w.l(entry9a.o)
    0x08000198   0x08000198   0x00000000   Code   RO         8032    .ARM.Collect$$$$0000000D  mc_w.l(entry10a.o)
    0x08000198   0x08000198   0x00000000   Code   RO         8034    .ARM.Collect$$$$0000000F  mc_w.l(entry11a.o)
    0x08000198   0x08000198   0x00000004   Code   RO         8023    .ARM.Collect$$$$00002712  mc_w.l(entry2.o)
    0x0800019c   0x0800019c   0x000000be   Code   RO         5905    .emb_text           port.o
    0x0800025a   0x0800025a   0x00000002   PAD
    0x0800025c   0x0800025c   0x00000024   Code   RO            4    .text               startup_stm32f407xx.o
    0x08000280   0x08000280   0x00000062   Code   RO         7740    .text               mc_w.l(uldiv.o)
    0x080002e2   0x080002e2   0x00000002   PAD
    0x080002e4   0x080002e4   0x00000024   Code   RO         7742    .text               mc_w.l(rand.o)
    0x08000308   0x08000308   0x00000024   Code   RO         7745    .text               mc_w.l(memcpya.o)
    0x0800032c   0x0800032c   0x00000024   Code   RO         7749    .text               mc_w.l(memseta.o)
    0x08000350   0x08000350   0x00000024   Code   RO         7751    .text               mc_w.l(strstr.o)
    0x08000374   0x08000374   0x0000000e   Code   RO         7753    .text               mc_w.l(strlen.o)
    0x08000382   0x08000382   0x0000001e   Code   RO         7757    .text               mc_w.l(strncmp.o)
    0x080003a0   0x080003a0   0x0000001e   Code   RO         8039    .text               mc_w.l(llshl.o)
    0x080003be   0x080003be   0x00000020   Code   RO         8041    .text               mc_w.l(llushr.o)
    0x080003de   0x080003de   0x00000002   PAD
    0x080003e0   0x080003e0   0x00000024   Code   RO         8054    .text               mc_w.l(init.o)
    0x08000404   0x08000404   0x00000010   Code   RO          815    i.ADC_IRQHandler    stm32f4xx_it.o
    0x08000414   0x08000414   0x00000160   Code   RO          963    i.ADC_Init          stm32f4xx_hal_adc.o
    0x08000574   0x08000574   0x00000030   Code   RO         7567    i.ATInit            atcommand.o
    0x080005a4   0x080005a4   0x00000038   Code   RO         7568    i.ATReadData        atcommand.o
    0x080005dc   0x080005dc   0x00000034   Code   RO         7569    i.ATSendData        atcommand.o
    0x08000610   0x08000610   0x000000b0   Code   RO         7570    i.AT_RecvParse      atcommand.o
    0x080006c0   0x080006c0   0x0000006c   Code   RO         7571    i.AT_SendCmd        atcommand.o
    0x0800072c   0x0800072c   0x00000004   Code   RO          816    i.BusFault_Handler  stm32f4xx_it.o
    0x08000730   0x08000730   0x0000010c   Code   RO         7436    i.DHT11_MQTT_Task   dth11.o
    0x0800083c   0x0800083c   0x0000002c   Code   RO         7437    i.DHT11_PinCfgAsInput  dth11.o
    0x08000868   0x08000868   0x0000002c   Code   RO         7438    i.DHT11_PinCfgAsOutput  dth11.o
    0x08000894   0x08000894   0x0000001e   Code   RO         7439    i.DHT11_ReadByte    dth11.o
    0x080008b2   0x080008b2   0x00000002   PAD
    0x080008b4   0x080008b4   0x0000005c   Code   RO         7440    i.DHT11_Read_Bit    dth11.o
    0x08000910   0x08000910   0x00000050   Code   RO         7441    i.DHT11_Read_Data   dth11.o
    0x08000960   0x08000960   0x00000030   Code   RO         7442    i.DHT11_Start       dth11.o
    0x08000990   0x08000990   0x0000005c   Code   RO         7444    i.DHT11_Wait_Ack    dth11.o
    0x080009ec   0x080009ec   0x00000002   Code   RO          817    i.DebugMon_Handler  stm32f4xx_it.o
    0x080009ee   0x080009ee   0x00000018   Code   RO          700    i.Delay_ms          tim.o
    0x08000a06   0x08000a06   0x00000002   PAD
    0x08000a08   0x08000a08   0x00000048   Code   RO          701    i.Delay_us          tim.o
    0x08000a50   0x08000a50   0x00000028   Code   RO         5986    i.EnableDebugIRQ    driver_usart.o
    0x08000a78   0x08000a78   0x00000038   Code   RO         5987    i.EnableUART3IRQ    driver_usart.o
    0x08000ab0   0x08000ab0   0x00000006   Code   RO           13    i.Error_Handler     main.o
    0x08000ab6   0x08000ab6   0x00000002   PAD
    0x08000ab8   0x08000ab8   0x0000000c   Code   RO         7572    i.GetATstatus       atcommand.o
    0x08000ac4   0x08000ac4   0x00000020   Code   RO         7573    i.GetSpecialATString  atcommand.o
    0x08000ae4   0x08000ae4   0x00000002   Code   RO         1134    i.HAL_ADCEx_InjectedConvCpltCallback  stm32f4xx_hal_adc_ex.o
    0x08000ae6   0x08000ae6   0x00000002   PAD
    0x08000ae8   0x08000ae8   0x0000018c   Code   RO          965    i.HAL_ADC_ConfigChannel  stm32f4xx_hal_adc.o
    0x08000c74   0x08000c74   0x00000002   Code   RO          966    i.HAL_ADC_ConvCpltCallback  stm32f4xx_hal_adc.o
    0x08000c76   0x08000c76   0x00000002   Code   RO          969    i.HAL_ADC_ErrorCallback  stm32f4xx_hal_adc.o
    0x08000c78   0x08000c78   0x00000008   Code   RO          972    i.HAL_ADC_GetValue  stm32f4xx_hal_adc.o
    0x08000c80   0x08000c80   0x00000162   Code   RO          973    i.HAL_ADC_IRQHandler  stm32f4xx_hal_adc.o
    0x08000de2   0x08000de2   0x00000002   PAD
    0x08000de4   0x08000de4   0x00000068   Code   RO          974    i.HAL_ADC_Init      stm32f4xx_hal_adc.o
    0x08000e4c   0x08000e4c   0x00000002   Code   RO          975    i.HAL_ADC_LevelOutOfWindowCallback  stm32f4xx_hal_adc.o
    0x08000e4e   0x08000e4e   0x00000002   PAD
    0x08000e50   0x08000e50   0x00000090   Code   RO          617    i.HAL_ADC_MspInit   adc.o
    0x08000ee0   0x08000ee0   0x000000ce   Code   RO          978    i.HAL_ADC_PollForConversion  stm32f4xx_hal_adc.o
    0x08000fae   0x08000fae   0x00000002   PAD
    0x08000fb0   0x08000fb0   0x0000014c   Code   RO          980    i.HAL_ADC_Start     stm32f4xx_hal_adc.o
    0x080010fc   0x080010fc   0x0000015c   Code   RO          982    i.HAL_ADC_Start_IT  stm32f4xx_hal_adc.o
    0x08001258   0x08001258   0x00000010   Code   RO         7644    i.HAL_AT_Receive    hal_uart.o
    0x08001268   0x08001268   0x000000ac   Code   RO         1745    i.HAL_DMA_Abort     stm32f4xx_hal_dma.o
    0x08001314   0x08001314   0x00000028   Code   RO         1746    i.HAL_DMA_Abort_IT  stm32f4xx_hal_dma.o
    0x0800133c   0x0800133c   0x000001f4   Code   RO         1638    i.HAL_GPIO_Init     stm32f4xx_hal_gpio.o
    0x08001530   0x08001530   0x00000010   Code   RO         1640    i.HAL_GPIO_ReadPin  stm32f4xx_hal_gpio.o
    0x08001540   0x08001540   0x0000000c   Code   RO         1642    i.HAL_GPIO_WritePin  stm32f4xx_hal_gpio.o
    0x0800154c   0x0800154c   0x0000000c   Code   RO         2181    i.HAL_GetTick       stm32f4xx_hal.o
    0x08001558   0x08001558   0x00000018   Code   RO         2187    i.HAL_IncTick       stm32f4xx_hal.o
    0x08001570   0x08001570   0x0000003c   Code   RO         2188    i.HAL_Init          stm32f4xx_hal.o
    0x080015ac   0x080015ac   0x000000b4   Code   RO          921    i.HAL_InitTick      stm32f4xx_hal_timebase_tim.o
    0x08001660   0x08001660   0x00000054   Code   RO          897    i.HAL_MspInit       stm32f4xx_hal_msp.o
    0x080016b4   0x080016b4   0x00000028   Code   RO         2028    i.HAL_NVIC_EnableIRQ  stm32f4xx_hal_cortex.o
    0x080016dc   0x080016dc   0x0000007c   Code   RO         2034    i.HAL_NVIC_SetPriority  stm32f4xx_hal_cortex.o
    0x08001758   0x08001758   0x00000028   Code   RO         2035    i.HAL_NVIC_SetPriorityGrouping  stm32f4xx_hal_cortex.o
    0x08001780   0x08001780   0x00000184   Code   RO         1239    i.HAL_RCC_ClockConfig  stm32f4xx_hal_rcc.o
    0x08001904   0x08001904   0x00000044   Code   RO         1243    i.HAL_RCC_GetClockConfig  stm32f4xx_hal_rcc.o
    0x08001948   0x08001948   0x0000000c   Code   RO         1244    i.HAL_RCC_GetHCLKFreq  stm32f4xx_hal_rcc.o
    0x08001954   0x08001954   0x00000020   Code   RO         1246    i.HAL_RCC_GetPCLK1Freq  stm32f4xx_hal_rcc.o
    0x08001974   0x08001974   0x00000020   Code   RO         1247    i.HAL_RCC_GetPCLK2Freq  stm32f4xx_hal_rcc.o
    0x08001994   0x08001994   0x000000b0   Code   RO         1248    i.HAL_RCC_GetSysClockFreq  stm32f4xx_hal_rcc.o
    0x08001a44   0x08001a44   0x0000049c   Code   RO         1251    i.HAL_RCC_OscConfig  stm32f4xx_hal_rcc.o
    0x08001ee0   0x08001ee0   0x00000002   Code   RO         2433    i.HAL_SPI_ErrorCallback  stm32f4xx_hal_spi.o
    0x08001ee2   0x08001ee2   0x00000002   PAD
    0x08001ee4   0x08001ee4   0x0000015c   Code   RO         2436    i.HAL_SPI_IRQHandler  stm32f4xx_hal_spi.o
    0x08002040   0x08002040   0x000000c8   Code   RO         2437    i.HAL_SPI_Init      stm32f4xx_hal_spi.o
    0x08002108   0x08002108   0x00000098   Code   RO          659    i.HAL_SPI_MspInit   spi.o
    0x080021a0   0x080021a0   0x00000002   Code   RO         3465    i.HAL_TIMEx_BreakCallback  stm32f4xx_hal_tim_ex.o
    0x080021a2   0x080021a2   0x00000002   Code   RO         3466    i.HAL_TIMEx_CommutCallback  stm32f4xx_hal_tim_ex.o
    0x080021a4   0x080021a4   0x000000b4   Code   RO         3484    i.HAL_TIMEx_MasterConfigSynchronization  stm32f4xx_hal_tim_ex.o
    0x08002258   0x08002258   0x00000066   Code   RO         2750    i.HAL_TIM_Base_Init  stm32f4xx_hal_tim.o
    0x080022be   0x080022be   0x00000002   PAD
    0x080022c0   0x080022c0   0x00000074   Code   RO          703    i.HAL_TIM_Base_MspInit  tim.o
    0x08002334   0x08002334   0x000000a8   Code   RO         2755    i.HAL_TIM_Base_Start_IT  stm32f4xx_hal_tim.o
    0x080023dc   0x080023dc   0x00000002   Code   RO         2784    i.HAL_TIM_IC_CaptureCallback  stm32f4xx_hal_tim.o
    0x080023de   0x080023de   0x0000016c   Code   RO         2798    i.HAL_TIM_IRQHandler  stm32f4xx_hal_tim.o
    0x0800254a   0x0800254a   0x00000002   Code   RO         2801    i.HAL_TIM_OC_DelayElapsedCallback  stm32f4xx_hal_tim.o
    0x0800254c   0x0800254c   0x00000002   Code   RO         2828    i.HAL_TIM_PWM_PulseFinishedCallback  stm32f4xx_hal_tim.o
    0x0800254e   0x0800254e   0x00000002   PAD
    0x08002550   0x08002550   0x00000018   Code   RO           14    i.HAL_TIM_PeriodElapsedCallback  main.o
    0x08002568   0x08002568   0x0000006c   Code   RO         2839    i.HAL_TIM_SlaveConfigSynchro  stm32f4xx_hal_tim.o
    0x080025d4   0x080025d4   0x00000002   Code   RO         2841    i.HAL_TIM_TriggerCallback  stm32f4xx_hal_tim.o
    0x080025d6   0x080025d6   0x00000002   Code   RO         3744    i.HAL_UARTEx_RxEventCallback  stm32f4xx_hal_uart.o
    0x080025d8   0x080025d8   0x00000002   Code   RO         3758    i.HAL_UART_ErrorCallback  stm32f4xx_hal_uart.o
    0x080025da   0x080025da   0x00000002   PAD
    0x080025dc   0x080025dc   0x000002e8   Code   RO         3761    i.HAL_UART_IRQHandler  stm32f4xx_hal_uart.o
    0x080028c4   0x080028c4   0x00000076   Code   RO         3762    i.HAL_UART_Init     stm32f4xx_hal_uart.o
    0x0800293a   0x0800293a   0x00000002   PAD
    0x0800293c   0x0800293c   0x00000120   Code   RO          768    i.HAL_UART_MspInit  usart.o
    0x08002a5c   0x08002a5c   0x00000018   Code   RO         5988    i.HAL_UART_RxCpltCallback  driver_usart.o
    0x08002a74   0x08002a74   0x00000038   Code   RO         3772    i.HAL_UART_Transmit_IT  stm32f4xx_hal_uart.o
    0x08002aac   0x08002aac   0x00000018   Code   RO         5989    i.HAL_UART_TxCpltCallback  driver_usart.o
    0x08002ac4   0x08002ac4   0x00000010   Code   RO         7645    i.Hal_Uart_Send     hal_uart.o
    0x08002ad4   0x08002ad4   0x00000004   Code   RO          818    i.HardFault_Handler  stm32f4xx_it.o
    0x08002ad8   0x08002ad8   0x00000010   Code   RO         7519    i.LightSensor_Init  lightsensor.o
    0x08002ae8   0x08002ae8   0x00000148   Code   RO         7520    i.LightSensor_MQTT_Task  lightsensor.o
    0x08002c30   0x08002c30   0x00000034   Code   RO         7521    i.LightSensor_Read  lightsensor.o
    0x08002c64   0x08002c64   0x0000006c   Code   RO         6296    i.MQTTDeserialize_ack  mqttdeserializepublish.o
    0x08002cd0   0x08002cd0   0x00000076   Code   RO         6202    i.MQTTDeserialize_connack  mqttconnectclient.o
    0x08002d46   0x08002d46   0x000000a8   Code   RO         6297    i.MQTTDeserialize_publish  mqttdeserializepublish.o
    0x08002dee   0x08002dee   0x00000092   Code   RO         6529    i.MQTTDeserialize_suback  mqttsubscribeclient.o
    0x08002e80   0x08002e80   0x0000002e   Code   RO         6571    i.MQTTDeserialize_unsuback  mqttunsubscribeclient.o
    0x08002eae   0x08002eae   0x00000058   Code   RO         6372    i.MQTTPacket_decode  mqttpacket.o
    0x08002f06   0x08002f06   0x00000002   PAD
    0x08002f08   0x08002f08   0x0000001c   Code   RO         6373    i.MQTTPacket_decodeBuf  mqttpacket.o
    0x08002f24   0x08002f24   0x00000036   Code   RO         6375    i.MQTTPacket_encode  mqttpacket.o
    0x08002f5a   0x08002f5a   0x00000042   Code   RO         6376    i.MQTTPacket_equals  mqttpacket.o
    0x08002f9c   0x08002f9c   0x00000028   Code   RO         6377    i.MQTTPacket_len    mqttpacket.o
    0x08002fc4   0x08002fc4   0x00000072   Code   RO         6487    i.MQTTSerialize_ack  mqttserializepublish.o
    0x08003036   0x08003036   0x00000002   PAD
    0x08003038   0x08003038   0x00000168   Code   RO         6203    i.MQTTSerialize_connect  mqttconnectclient.o
    0x080031a0   0x080031a0   0x00000076   Code   RO         6204    i.MQTTSerialize_connectLength  mqttconnectclient.o
    0x08003216   0x08003216   0x00000012   Code   RO         6206    i.MQTTSerialize_pingreq  mqttconnectclient.o
    0x08003228   0x08003228   0x000000b0   Code   RO         6490    i.MQTTSerialize_publish  mqttserializepublish.o
    0x080032d8   0x080032d8   0x00000022   Code   RO         6491    i.MQTTSerialize_publishLength  mqttserializepublish.o
    0x080032fa   0x080032fa   0x000000b0   Code   RO         6530    i.MQTTSerialize_subscribe  mqttsubscribeclient.o
    0x080033aa   0x080033aa   0x0000002e   Code   RO         6531    i.MQTTSerialize_subscribeLength  mqttsubscribeclient.o
    0x080033d8   0x080033d8   0x0000004c   Code   RO         6207    i.MQTTSerialize_zero  mqttconnectclient.o
    0x08003424   0x08003424   0x0000027c   Code   RO         7674    i.MQTT_Client_Init  mqtt_task.o
    0x080036a0   0x080036a0   0x0000013c   Code   RO         7675    i.MQTT_Client_Task  mqtt_task.o
    0x080037dc   0x080037dc   0x00000154   Code   RO         7676    i.MQTT_Platform     mqtt_task.o
    0x08003930   0x08003930   0x00000018   Code   RO         6380    i.MQTTstrlen        mqttpacket.o
    0x08003948   0x08003948   0x00000070   Code   RO          618    i.MX_ADC1_Init      adc.o
    0x080039b8   0x080039b8   0x00000048   Code   RO          344    i.MX_FREERTOS_Init  freertos.o
    0x08003a00   0x08003a00   0x00000134   Code   RO          316    i.MX_GPIO_Init      gpio.o
    0x08003b34   0x08003b34   0x00000044   Code   RO          660    i.MX_SPI1_Init      spi.o
    0x08003b78   0x08003b78   0x0000006c   Code   RO          704    i.MX_TIM5_Init      tim.o
    0x08003be4   0x08003be4   0x00000048   Code   RO          705    i.MX_TIM7_Init      tim.o
    0x08003c2c   0x08003c2c   0x00000038   Code   RO          769    i.MX_USART1_UART_Init  usart.o
    0x08003c64   0x08003c64   0x00000038   Code   RO          770    i.MX_USART3_UART_Init  usart.o
    0x08003c9c   0x08003c9c   0x00000004   Code   RO          819    i.MemManage_Handler  stm32f4xx_it.o
    0x08003ca0   0x08003ca0   0x00000004   Code   RO          820    i.NMI_Handler       stm32f4xx_it.o
    0x08003ca4   0x08003ca4   0x00000060   Code   RO         7574    i.ProcessSpecialATString  atcommand.o
    0x08003d04   0x08003d04   0x00000010   Code   RO          821    i.SPI1_IRQHandler   stm32f4xx_it.o
    0x08003d14   0x08003d14   0x00000014   Code   RO         2464    i.SPI_DMAAbortOnError  stm32f4xx_hal_spi.o
    0x08003d28   0x08003d28   0x00000010   Code   RO         7575    i.SetATstatus       atcommand.o
    0x08003d38   0x08003d38   0x00000016   Code   RO         5319    i.SysTick_Handler   cmsis_os2.o
    0x08003d4e   0x08003d4e   0x00000002   PAD
    0x08003d50   0x08003d50   0x000000b4   Code   RO           15    i.SystemClock_Config  main.o
    0x08003e04   0x08003e04   0x00000014   Code   RO         4106    i.SystemInit        system_stm32f4xx.o
    0x08003e18   0x08003e18   0x00000010   Code   RO          822    i.TIM4_IRQHandler   stm32f4xx_it.o
    0x08003e28   0x08003e28   0x00000010   Code   RO          823    i.TIM7_IRQHandler   stm32f4xx_it.o
    0x08003e38   0x08003e38   0x000000e8   Code   RO         2843    i.TIM_Base_SetConfig  stm32f4xx_hal_tim.o
    0x08003f20   0x08003f20   0x00000016   Code   RO         2854    i.TIM_ETR_SetConfig  stm32f4xx_hal_tim.o
    0x08003f36   0x08003f36   0x000000b2   Code   RO         2860    i.TIM_SlaveTimer_SetConfig  stm32f4xx_hal_tim.o
    0x08003fe8   0x08003fe8   0x00000026   Code   RO         2861    i.TIM_TI1_ConfigInputStage  stm32f4xx_hal_tim.o
    0x0800400e   0x0800400e   0x00000028   Code   RO         2863    i.TIM_TI2_ConfigInputStage  stm32f4xx_hal_tim.o
    0x08004036   0x08004036   0x00000014   Code   RO         3775    i.UART_DMAAbortOnError  stm32f4xx_hal_uart.o
    0x0800404a   0x0800404a   0x0000006c   Code   RO         3785    i.UART_EndRxTransfer  stm32f4xx_hal_uart.o
    0x080040b6   0x080040b6   0x00000020   Code   RO         3786    i.UART_EndTransmit_IT  stm32f4xx_hal_uart.o
    0x080040d6   0x080040d6   0x000000fc   Code   RO         3788    i.UART_Receive_IT   stm32f4xx_hal_uart.o
    0x080041d2   0x080041d2   0x00000002   PAD
    0x080041d4   0x080041d4   0x0000022c   Code   RO         3789    i.UART_SetConfig    stm32f4xx_hal_uart.o
    0x08004400   0x08004400   0x00000060   Code   RO         3792    i.UART_Transmit_IT  stm32f4xx_hal_uart.o
    0x08004460   0x08004460   0x00000030   Code   RO         5990    i.USART1_IRQHandler  driver_usart.o
    0x08004490   0x08004490   0x00000044   Code   RO         7378    i.USART3_IRQHandler  uart3_irq.o
    0x080044d4   0x080044d4   0x00000028   Code   RO         7379    i.USART3_Read       uart3_irq.o
    0x080044fc   0x080044fc   0x0000002c   Code   RO         7380    i.USART3_Write      uart3_irq.o
    0x08004528   0x08004528   0x00000020   Code   RO         7381    i.Uart3_Lock_Init   uart3_irq.o
    0x08004548   0x08004548   0x00000004   Code   RO          824    i.UsageFault_Handler  stm32f4xx_it.o
    0x0800454c   0x0800454c   0x00000020   Code   RO         7968    i.__0printf$8       mc_w.l(printf8.o)
    0x0800456c   0x0800456c   0x00000028   Code   RO         7970    i.__0sprintf$8      mc_w.l(printf8.o)
    0x08004594   0x08004594   0x00000010   Code   RO         2041    i.__NVIC_GetPriorityGrouping  stm32f4xx_hal_cortex.o
    0x080045a4   0x080045a4   0x00000028   Code   RO         2042    i.__NVIC_SetPriority  stm32f4xx_hal_cortex.o
    0x080045cc   0x080045cc   0x00000006   Code   RO         5321    i.__get_IPSR        cmsis_os2.o
    0x080045d2   0x080045d2   0x0000000e   Code   RO         8062    i.__scatterload_copy  mc_w.l(handlers.o)
    0x080045e0   0x080045e0   0x00000002   Code   RO         8063    i.__scatterload_null  mc_w.l(handlers.o)
    0x080045e2   0x080045e2   0x0000000e   Code   RO         8064    i.__scatterload_zeroinit  mc_w.l(handlers.o)
    0x080045f0   0x080045f0   0x0000000a   Code   RO         6130    i._mqtt_list_add    mqtt_list.o
    0x080045fa   0x080045fa   0x00000006   Code   RO         6131    i._mqtt_list_del    mqtt_list.o
    0x08004600   0x08004600   0x0000000e   Code   RO         6132    i._mqtt_list_del_entry  mqtt_list.o
    0x0800460e   0x0800460e   0x00000002   PAD
    0x08004610   0x08004610   0x00000410   Code   RO         7975    i._printf_core      mc_w.l(printf8.o)
    0x08004a20   0x08004a20   0x00000024   Code   RO         7976    i._printf_post_padding  mc_w.l(printf8.o)
    0x08004a44   0x08004a44   0x0000002e   Code   RO         7977    i._printf_pre_padding  mc_w.l(printf8.o)
    0x08004a72   0x08004a72   0x0000000a   Code   RO         7979    i._sputc            mc_w.l(printf8.o)
    0x08004a7c   0x08004a7c   0x00000028   Code   RO         6381    i.bufchar           mqttpacket.o
    0x08004aa4   0x08004aa4   0x00000080   Code   RO         6613    i.default_msg_handler  mqttclient.o
    0x08004b24   0x08004b24   0x00000010   Code   RO         6092    i.do_random         random.o
    0x08004b34   0x08004b34   0x0000002c   Code   RO         5992    i.fputc             driver_usart.o
    0x08004b60   0x08004b60   0x00000064   Code   RO           16    i.main              main.o
    0x08004bc4   0x08004bc4   0x0000005c   Code   RO         6614    i.mqtt_ack_handler_create  mqttclient.o
    0x08004c20   0x08004c20   0x00000014   Code   RO         6615    i.mqtt_ack_handler_destroy  mqttclient.o
    0x08004c34   0x08004c34   0x00000014   Code   RO         6616    i.mqtt_ack_handler_is_maximum  mqttclient.o
    0x08004c48   0x08004c48   0x000000bc   Code   RO         6617    i.mqtt_ack_handler_resend  mqttclient.o
    0x08004d04   0x08004d04   0x00000042   Code   RO         6618    i.mqtt_ack_list_node_is_exist  mqttclient.o
    0x08004d46   0x08004d46   0x00000058   Code   RO         6619    i.mqtt_ack_list_record  mqttclient.o
    0x08004d9e   0x08004d9e   0x00000094   Code   RO         6620    i.mqtt_ack_list_scan  mqttclient.o
    0x08004e32   0x08004e32   0x0000005a   Code   RO         6621    i.mqtt_ack_list_unrecord  mqttclient.o
    0x08004e8c   0x08004e8c   0x00000024   Code   RO         6622    i.mqtt_add_ack_handler_num  mqttclient.o
    0x08004eb0   0x08004eb0   0x0000008a   Code   RO         6623    i.mqtt_clean_session  mqttclient.o
    0x08004f3a   0x08004f3a   0x0000000c   Code   RO         6624    i.mqtt_connect      mqttclient.o
    0x08004f46   0x08004f46   0x00000002   PAD
    0x08004f48   0x08004f48   0x00000388   Code   RO         6625    i.mqtt_connect_with_results  mqttclient.o
    0x080052d0   0x080052d0   0x00000068   Code   RO         6626    i.mqtt_decode_packet  mqttclient.o
    0x08005338   0x08005338   0x00000070   Code   RO         6627    i.mqtt_deliver_message  mqttclient.o
    0x080053a8   0x080053a8   0x00000008   Code   RO         6629    i.mqtt_get_client_state  mqttclient.o
    0x080053b0   0x080053b0   0x00000042   Code   RO         6630    i.mqtt_get_msg_handler  mqttclient.o
    0x080053f2   0x080053f2   0x0000002c   Code   RO         6631    i.mqtt_get_next_packet_id  mqttclient.o
    0x0800541e   0x0800541e   0x00000002   PAD
    0x08005420   0x08005420   0x00000120   Code   RO         6632    i.mqtt_init         mqttclient.o
    0x08005540   0x08005540   0x00000024   Code   RO         6633    i.mqtt_is_connected  mqttclient.o
    0x08005564   0x08005564   0x00000032   Code   RO         6634    i.mqtt_is_topic_equals  mqttclient.o
    0x08005596   0x08005596   0x00000002   PAD
    0x08005598   0x08005598   0x000000d4   Code   RO         6635    i.mqtt_keep_alive   mqttclient.o
    0x0800566c   0x0800566c   0x0000002a   Code   RO         6636    i.mqtt_lease        mqttclient.o
    0x08005696   0x08005696   0x00000012   Code   RO         6134    i.mqtt_list_add_tail  mqtt_list.o
    0x080056a8   0x080056a8   0x0000000e   Code   RO         6135    i.mqtt_list_del     mqtt_list.o
    0x080056b6   0x080056b6   0x00000012   Code   RO         6136    i.mqtt_list_del_init  mqtt_list.o
    0x080056c8   0x080056c8   0x00000006   Code   RO         6137    i.mqtt_list_init    mqtt_list.o
    0x080056ce   0x080056ce   0x00000010   Code   RO         6138    i.mqtt_list_is_empty  mqtt_list.o
    0x080056de   0x080056de   0x0000002c   Code   RO         6638    i.mqtt_msg_handler_create  mqttclient.o
    0x0800570a   0x0800570a   0x00000014   Code   RO         6639    i.mqtt_msg_handler_destory  mqttclient.o
    0x0800571e   0x0800571e   0x00000002   PAD
    0x08005720   0x08005720   0x00000090   Code   RO         6640    i.mqtt_msg_handler_is_exist  mqttclient.o
    0x080057b0   0x080057b0   0x00000032   Code   RO         6641    i.mqtt_msg_handlers_install  mqttclient.o
    0x080057e2   0x080057e2   0x0000002c   Code   RO         6642    i.mqtt_new_message_data  mqttclient.o
    0x0800580e   0x0800580e   0x00000058   Code   RO         6643    i.mqtt_packet_drain  mqttclient.o
    0x08005866   0x08005866   0x00000002   PAD
    0x08005868   0x08005868   0x000000b0   Code   RO         6644    i.mqtt_packet_handle  mqttclient.o
    0x08005918   0x08005918   0x00000048   Code   RO         6645    i.mqtt_puback_and_pubcomp_packet_handle  mqttclient.o
    0x08005960   0x08005960   0x000001e0   Code   RO         6646    i.mqtt_publish      mqttclient.o
    0x08005b40   0x08005b40   0x0000009a   Code   RO         6647    i.mqtt_publish_ack_packet  mqttclient.o
    0x08005bda   0x08005bda   0x000000fa   Code   RO         6648    i.mqtt_publish_packet_handle  mqttclient.o
    0x08005cd4   0x08005cd4   0x0000005a   Code   RO         6649    i.mqtt_pubrec_and_pubrel_packet_handle  mqttclient.o
    0x08005d2e   0x08005d2e   0x00000002   PAD
    0x08005d30   0x08005d30   0x000000dc   Code   RO         6650    i.mqtt_read_buf_malloc  mqttclient.o
    0x08005e0c   0x08005e0c   0x000000d0   Code   RO         6651    i.mqtt_read_packet  mqttclient.o
    0x08005edc   0x08005edc   0x00000074   Code   RO         6653    i.mqtt_send_packet  mqttclient.o
    0x08005f50   0x08005f50   0x0000007c   Code   RO         6655    i.mqtt_set_clean_session  mqttclient.o
    0x08005fcc   0x08005fcc   0x00000070   Code   RO         6656    i.mqtt_set_client_id  mqttclient.o
    0x0800603c   0x0800603c   0x0000001c   Code   RO         6657    i.mqtt_set_client_state  mqttclient.o
    0x08006058   0x08006058   0x00000070   Code   RO         6659    i.mqtt_set_host     mqttclient.o
    0x080060c8   0x080060c8   0x00000070   Code   RO         6662    i.mqtt_set_password  mqttclient.o
    0x08006138   0x08006138   0x00000070   Code   RO         6663    i.mqtt_set_port     mqttclient.o
    0x080061a8   0x080061a8   0x0000004c   Code   RO         6664    i.mqtt_set_publish_dup  mqttclient.o
    0x080061f4   0x080061f4   0x00000070   Code   RO         6669    i.mqtt_set_user_name  mqttclient.o
    0x08006264   0x08006264   0x00000012   Code   RO         6674    i.mqtt_sleep_ms     mqttclient.o
    0x08006276   0x08006276   0x00000002   PAD
    0x08006278   0x08006278   0x000000b4   Code   RO         6675    i.mqtt_suback_packet_handle  mqttclient.o
    0x0800632c   0x0800632c   0x000000c8   Code   RO         6676    i.mqtt_subscribe    mqttclient.o
    0x080063f4   0x080063f4   0x00000034   Code   RO         6677    i.mqtt_subtract_ack_handler_num  mqttclient.o
    0x08006428   0x08006428   0x00000076   Code   RO         6678    i.mqtt_topic_is_matched  mqttclient.o
    0x0800649e   0x0800649e   0x00000002   PAD
    0x080064a0   0x080064a0   0x000000a4   Code   RO         6679    i.mqtt_try_do_reconnect  mqttclient.o
    0x08006544   0x08006544   0x0000002c   Code   RO         6680    i.mqtt_try_reconnect  mqttclient.o
    0x08006570   0x08006570   0x000000ec   Code   RO         6681    i.mqtt_try_resubscribe  mqttclient.o
    0x0800665c   0x0800665c   0x00000054   Code   RO         6682    i.mqtt_unsuback_packet_handle  mqttclient.o
    0x080066b0   0x080066b0   0x00000034   Code   RO         6684    i.mqtt_wait_packet  mqttclient.o
    0x080066e4   0x080066e4   0x000000e0   Code   RO         6685    i.mqtt_write_buf_malloc  mqttclient.o
    0x080067c4   0x080067c4   0x000000dc   Code   RO         6686    i.mqtt_yield        mqttclient.o
    0x080068a0   0x080068a0   0x0000014c   Code   RO         6687    i.mqtt_yield_thread  mqttclient.o
    0x080069ec   0x080069ec   0x0000001e   Code   RO         7045    i.nettype_tcp_connect  nettype_tcp.o
    0x08006a0a   0x08006a0a   0x00000014   Code   RO         7046    i.nettype_tcp_disconnect  nettype_tcp.o
    0x08006a1e   0x08006a1e   0x0000001c   Code   RO         7047    i.nettype_tcp_read  nettype_tcp.o
    0x08006a3a   0x08006a3a   0x0000001c   Code   RO         7048    i.nettype_tcp_write  nettype_tcp.o
    0x08006a56   0x08006a56   0x0000000c   Code   RO         7081    i.network_connect   network.o
    0x08006a62   0x08006a62   0x0000000c   Code   RO         7082    i.network_disconnect  network.o
    0x08006a6e   0x08006a6e   0x0000001a   Code   RO         7083    i.network_init      network.o
    0x08006a88   0x08006a88   0x0000001c   Code   RO         7084    i.network_read      network.o
    0x08006aa4   0x08006aa4   0x0000001a   Code   RO         7085    i.network_release   network.o
    0x08006abe   0x08006abe   0x0000001c   Code   RO         7089    i.network_write     network.o
    0x08006ada   0x08006ada   0x00000002   PAD
    0x08006adc   0x08006adc   0x0000002c   Code   RO         5336    i.osKernelInitialize  cmsis_os2.o
    0x08006b08   0x08006b08   0x00000060   Code   RO         5339    i.osKernelStart     cmsis_os2.o
    0x08006b68   0x08006b68   0x000000ba   Code   RO         5381    i.osThreadNew       cmsis_os2.o
    0x08006c22   0x08006c22   0x0000001a   Code   RO         7141    i.platform_memory_alloc  platform_memory.o
    0x08006c3c   0x08006c3c   0x0000000c   Code   RO         7143    i.platform_memory_free  platform_memory.o
    0x08006c48   0x08006c48   0x00000020   Code   RO         7169    i.platform_mutex_init  platform_mutex.o
    0x08006c68   0x08006c68   0x00000010   Code   RO         7170    i.platform_mutex_lock  platform_mutex.o
    0x08006c78   0x08006c78   0x00000010   Code   RO         7171    i.platform_mutex_lock_timeout  platform_mutex.o
    0x08006c88   0x08006c88   0x00000012   Code   RO         7173    i.platform_mutex_unlock  platform_mutex.o
    0x08006c9a   0x08006c9a   0x00000002   PAD
    0x08006c9c   0x08006c9c   0x00000030   Code   RO         7174    i.platform_mutex_unlock_Fromisr  platform_mutex.o
    0x08006ccc   0x08006ccc   0x00000020   Code   RO         7223    i.platform_net_socket_close  platform_net_socket.o
    0x08006cec   0x08006cec   0x0000015c   Code   RO         7224    i.platform_net_socket_connect  platform_net_socket.o
    0x08006e48   0x08006e48   0x0000002c   Code   RO         7225    i.platform_net_socket_recv_timeout  platform_net_socket.o
    0x08006e74   0x08006e74   0x000000b8   Code   RO         7229    i.platform_net_socket_write_timeout  platform_net_socket.o
    0x08006f2c   0x08006f2c   0x00000014   Code   RO         7286    i.platform_thread_destroy  platform_thread.o
    0x08006f40   0x08006f40   0x00000040   Code   RO         7287    i.platform_thread_init  platform_thread.o
    0x08006f80   0x08006f80   0x0000000c   Code   RO         7288    i.platform_thread_start  platform_thread.o
    0x08006f8c   0x08006f8c   0x00000002   Code   RO         7289    i.platform_thread_startup  platform_thread.o
    0x08006f8e   0x08006f8e   0x0000000c   Code   RO         7290    i.platform_thread_stop  platform_thread.o
    0x08006f9a   0x08006f9a   0x00000014   Code   RO         7325    i.platform_timer_cutdown  platform_timer.o
    0x08006fae   0x08006fae   0x00000006   Code   RO         7326    i.platform_timer_init  platform_timer.o
    0x08006fb4   0x08006fb4   0x00000016   Code   RO         7327    i.platform_timer_is_expired  platform_timer.o
    0x08006fca   0x08006fca   0x00000008   Code   RO         7328    i.platform_timer_now  platform_timer.o
    0x08006fd2   0x08006fd2   0x0000001a   Code   RO         7329    i.platform_timer_remain  platform_timer.o
    0x08006fec   0x08006fec   0x00000014   Code   RO         7330    i.platform_timer_usleep  platform_timer.o
    0x08007000   0x08007000   0x00000008   Code   RO         7331    i.platform_uptime_ms  platform_timer.o
    0x08007008   0x08007008   0x0000007c   Code   RO         4759    i.prvAddCurrentTaskToDelayedList  tasks.o
    0x08007084   0x08007084   0x000000b8   Code   RO         4760    i.prvAddNewTaskToReadyList  tasks.o
    0x0800713c   0x0800713c   0x00000074   Code   RO         5135    i.prvCheckForValidListAndQueue  timers.o
    0x080071b0   0x080071b0   0x00000048   Code   RO         4761    i.prvCheckTasksWaitingTermination  tasks.o
    0x080071f8   0x080071f8   0x0000002a   Code   RO         4311    i.prvCopyDataFromQueue  queue.o
    0x08007222   0x08007222   0x0000007e   Code   RO         4312    i.prvCopyDataToQueue  queue.o
    0x080072a0   0x080072a0   0x00000050   Code   RO         4762    i.prvDeleteTCB      tasks.o
    0x080072f0   0x080072f0   0x00000014   Code   RO         4313    i.prvGetDisinheritPriorityAfterTimeout  queue.o
    0x08007304   0x08007304   0x00000028   Code   RO         5136    i.prvGetNextExpireTime  timers.o
    0x0800732c   0x0800732c   0x0000007c   Code   RO         5850    i.prvHeapInit       heap_4.o
    0x080073a8   0x080073a8   0x00000028   Code   RO         4763    i.prvIdleTask       tasks.o
    0x080073d0   0x080073d0   0x0000001e   Code   RO         4314    i.prvInitialiseMutex  queue.o
    0x080073ee   0x080073ee   0x0000002e   Code   RO         4315    i.prvInitialiseNewQueue  queue.o
    0x0800741c   0x0800741c   0x000000be   Code   RO         4764    i.prvInitialiseNewTask  tasks.o
    0x080074da   0x080074da   0x00000002   PAD
    0x080074dc   0x080074dc   0x00000068   Code   RO         4765    i.prvInitialiseTaskLists  tasks.o
    0x08007544   0x08007544   0x00000068   Code   RO         5851    i.prvInsertBlockIntoFreeList  heap_4.o
    0x080075ac   0x080075ac   0x00000058   Code   RO         5138    i.prvInsertTimerInActiveList  timers.o
    0x08007604   0x08007604   0x0000001a   Code   RO         4316    i.prvIsQueueEmpty   queue.o
    0x0800761e   0x0800761e   0x0000001e   Code   RO         4317    i.prvIsQueueFull    queue.o
    0x0800763c   0x0800763c   0x0000008a   Code   RO         4318    i.prvNotifyQueueSetContainer  queue.o
    0x080076c6   0x080076c6   0x00000002   PAD
    0x080076c8   0x080076c8   0x00000074   Code   RO         5139    i.prvProcessExpiredTimer  timers.o
    0x0800773c   0x0800773c   0x00000164   Code   RO         5140    i.prvProcessReceivedCommands  timers.o
    0x080078a0   0x080078a0   0x00000074   Code   RO         5141    i.prvProcessTimerOrBlockTask  timers.o
    0x08007914   0x08007914   0x00000034   Code   RO         4767    i.prvResetNextTaskUnblockTime  tasks.o
    0x08007948   0x08007948   0x0000002c   Code   RO         5142    i.prvSampleTimeNow  timers.o
    0x08007974   0x08007974   0x000000a4   Code   RO         5143    i.prvSwitchTimerLists  timers.o
    0x08007a18   0x08007a18   0x00000040   Code   RO         5906    i.prvTaskExitError  port.o
    0x08007a58   0x08007a58   0x00000058   Code   RO         4769    i.prvTaskIsTaskSuspended  tasks.o
    0x08007ab0   0x08007ab0   0x0000001e   Code   RO         4152    i.prvTestWaitCondition  event_groups.o
    0x08007ace   0x08007ace   0x0000001a   Code   RO         5144    i.prvTimerTask      timers.o
    0x08007ae8   0x08007ae8   0x00000090   Code   RO         4319    i.prvUnlockQueue    queue.o
    0x08007b78   0x08007b78   0x0000014c   Code   RO         5852    i.pvPortMalloc      heap_4.o
    0x08007cc4   0x08007cc4   0x00000020   Code   RO         4770    i.pvTaskIncrementMutexHeldCount  tasks.o
    0x08007ce4   0x08007ce4   0x0000002c   Code   RO         5907    i.pxPortInitialiseStack  port.o
    0x08007d10   0x08007d10   0x00000038   Code   RO         6093    i.random_number     random.o
    0x08007d48   0x08007d48   0x000000d0   Code   RO         6095    i.random_string     random.o
    0x08007e18   0x08007e18   0x0000000e   Code   RO         6383    i.readChar          mqttpacket.o
    0x08007e26   0x08007e26   0x0000001a   Code   RO         6384    i.readInt           mqttpacket.o
    0x08007e40   0x08007e40   0x0000003a   Code   RO         6385    i.readMQTTLenString  mqttpacket.o
    0x08007e7a   0x08007e7a   0x00000008   Code   RO         6056    i.ring_buffer_init  ring_buffer.o
    0x08007e82   0x08007e82   0x00000028   Code   RO         6057    i.ring_buffer_read  ring_buffer.o
    0x08007eaa   0x08007eaa   0x0000001c   Code   RO         6058    i.ring_buffer_write  ring_buffer.o
    0x08007ec6   0x08007ec6   0x00000002   PAD
    0x08007ec8   0x08007ec8   0x00000090   Code   RO         7677    i.topic1_handler    mqtt_task.o
    0x08007f58   0x08007f58   0x00000028   Code   RO         4271    i.uxListRemove      list.o
    0x08007f80   0x08007f80   0x0000001c   Code   RO         4779    i.uxTaskResetEventItemValue  tasks.o
    0x08007f9c   0x08007f9c   0x00000018   Code   RO         5393    i.vApplicationGetIdleTaskMemory  cmsis_os2.o
    0x08007fb4   0x08007fb4   0x00000018   Code   RO         5394    i.vApplicationGetTimerTaskMemory  cmsis_os2.o
    0x08007fcc   0x08007fcc   0x0000001a   Code   RO         4272    i.vListInitialise   list.o
    0x08007fe6   0x08007fe6   0x00000006   Code   RO         4273    i.vListInitialiseItem  list.o
    0x08007fec   0x08007fec   0x00000034   Code   RO         4274    i.vListInsert       list.o
    0x08008020   0x08008020   0x00000018   Code   RO         4275    i.vListInsertEnd    list.o
    0x08008038   0x08008038   0x00000054   Code   RO         5909    i.vPortEnterCritical  port.o
    0x0800808c   0x0800808c   0x0000003c   Code   RO         5910    i.vPortExitCritical  port.o
    0x080080c8   0x080080c8   0x000000a4   Code   RO         5853    i.vPortFree         heap_4.o
    0x0800816c   0x0800816c   0x00000028   Code   RO         5911    i.vPortSetupTimerInterrupt  port.o
    0x08008194   0x08008194   0x00000078   Code   RO         5912    i.vPortValidateInterruptPriority  port.o
    0x0800820c   0x0800820c   0x0000002c   Code   RO         4325    i.vQueueAddToRegistry  queue.o
    0x08008238   0x08008238   0x0000004a   Code   RO         4329    i.vQueueWaitForMessageRestricted  queue.o
    0x08008282   0x08008282   0x00000002   PAD
    0x08008284   0x08008284   0x0000005c   Code   RO         4780    i.vTaskDelay        tasks.o
    0x080082e0   0x080082e0   0x000000c8   Code   RO         4782    i.vTaskDelete       tasks.o
    0x080083a8   0x080083a8   0x00000018   Code   RO         4785    i.vTaskInternalSetTimeOutState  tasks.o
    0x080083c0   0x080083c0   0x0000000c   Code   RO         4786    i.vTaskMissedYield  tasks.o
    0x080083cc   0x080083cc   0x00000038   Code   RO         4788    i.vTaskPlaceOnEventList  tasks.o
    0x08008404   0x08008404   0x00000040   Code   RO         4789    i.vTaskPlaceOnEventListRestricted  tasks.o
    0x08008444   0x08008444   0x0000006c   Code   RO         4790    i.vTaskPlaceOnUnorderedEventList  tasks.o
    0x080084b0   0x080084b0   0x000000d0   Code   RO         4791    i.vTaskPriorityDisinheritAfterTimeout  tasks.o
    0x08008580   0x08008580   0x000000a0   Code   RO         4793    i.vTaskRemoveFromUnorderedEventList  tasks.o
    0x08008620   0x08008620   0x00000090   Code   RO         4794    i.vTaskResume       tasks.o
    0x080086b0   0x080086b0   0x000000b8   Code   RO         4797    i.vTaskStartScheduler  tasks.o
    0x08008768   0x08008768   0x000000c8   Code   RO         4798    i.vTaskSuspend      tasks.o
    0x08008830   0x08008830   0x00000010   Code   RO         4799    i.vTaskSuspendAll   tasks.o
    0x08008840   0x08008840   0x00000090   Code   RO         4800    i.vTaskSwitchContext  tasks.o
    0x080088d0   0x080088d0   0x00000028   Code   RO         6386    i.writeCString      mqttpacket.o
    0x080088f8   0x080088f8   0x0000000c   Code   RO         6387    i.writeChar         mqttpacket.o
    0x08008904   0x08008904   0x00000030   Code   RO         6388    i.writeInt          mqttpacket.o
    0x08008934   0x08008934   0x0000003e   Code   RO         6389    i.writeMQTTString   mqttpacket.o
    0x08008972   0x08008972   0x0000001e   Code   RO         4160    i.xEventGroupCreate  event_groups.o
    0x08008990   0x08008990   0x000000ce   Code   RO         4163    i.xEventGroupSetBits  event_groups.o
    0x08008a5e   0x08008a5e   0x00000002   PAD
    0x08008a60   0x08008a60   0x00000158   Code   RO         4166    i.xEventGroupWaitBits  event_groups.o
    0x08008bb8   0x08008bb8   0x00000168   Code   RO         5913    i.xPortStartScheduler  port.o
    0x08008d20   0x08008d20   0x00000034   Code   RO         5914    i.xPortSysTickHandler  port.o
    0x08008d54   0x08008d54   0x00000022   Code   RO         4333    i.xQueueCreateMutex  queue.o
    0x08008d76   0x08008d76   0x0000005a   Code   RO         4336    i.xQueueGenericCreate  queue.o
    0x08008dd0   0x08008dd0   0x000000e0   Code   RO         4337    i.xQueueGenericCreateStatic  queue.o
    0x08008eb0   0x08008eb0   0x00000098   Code   RO         4338    i.xQueueGenericReset  queue.o
    0x08008f48   0x08008f48   0x000001d8   Code   RO         4339    i.xQueueGenericSend  queue.o
    0x08009120   0x08009120   0x00000112   Code   RO         4340    i.xQueueGenericSendFromISR  queue.o
    0x08009232   0x08009232   0x000000f4   Code   RO         4343    i.xQueueGiveFromISR  queue.o
    0x08009326   0x08009326   0x00000002   PAD
    0x08009328   0x08009328   0x00000168   Code   RO         4349    i.xQueueReceive     queue.o
    0x08009490   0x08009490   0x000001b8   Code   RO         4354    i.xQueueSemaphoreTake  queue.o
    0x08009648   0x08009648   0x0000008c   Code   RO         4802    i.xTaskCheckForTimeOut  tasks.o
    0x080096d4   0x080096d4   0x00000064   Code   RO         4803    i.xTaskCreate       tasks.o
    0x08009738   0x08009738   0x000000ba   Code   RO         4804    i.xTaskCreateStatic  tasks.o
    0x080097f2   0x080097f2   0x00000002   PAD
    0x080097f4   0x080097f4   0x00000020   Code   RO         4808    i.xTaskGetSchedulerState  tasks.o
    0x08009814   0x08009814   0x0000000c   Code   RO         4809    i.xTaskGetTickCount  tasks.o
    0x08009820   0x08009820   0x00000144   Code   RO         4811    i.xTaskIncrementTick  tasks.o
    0x08009964   0x08009964   0x000000a4   Code   RO         4814    i.xTaskPriorityDisinherit  tasks.o
    0x08009a08   0x08009a08   0x000000a4   Code   RO         4815    i.xTaskPriorityInherit  tasks.o
    0x08009aac   0x08009aac   0x00000098   Code   RO         4816    i.xTaskRemoveFromEventList  tasks.o
    0x08009b44   0x08009b44   0x00000104   Code   RO         4817    i.xTaskResumeAll    tasks.o
    0x08009c48   0x08009c48   0x00000078   Code   RO         5153    i.xTimerCreateTimerTask  timers.o
    0x08009cc0   0x08009cc0   0x00000084   Code   RO         5154    i.xTimerGenericCommand  timers.o
    0x08009d44   0x08009d44   0x00000024   Data   RO          346    .constdata          freertos.o
    0x08009d68   0x08009d68   0x00000018   Data   RO         4107    .constdata          system_stm32f4xx.o
    0x08009d80   0x08009d80   0x000002cc   Data   RO         6688    .constdata          mqttclient.o
    0x0800a04c   0x0800a04c   0x00000023   Data   RO         7679    .constdata          mqtt_task.o
    0x0800a06f   0x0800a06f   0x00000001   PAD
    0x0800a070   0x0800a070   0x0000000c   Data   RO          347    .conststring        freertos.o
    0x0800a07c   0x0800a07c   0x000000aa   Data   RO         6689    .conststring        mqttclient.o
    0x0800a126   0x0800a126   0x00000002   PAD
    0x0800a128   0x0800a128   0x00000054   Data   RO         7680    .conststring        mqtt_task.o
    0x0800a17c   0x0800a17c   0x00000020   Data   RO         8060    Region$$Table       anon$$obj.o


    Execution Region RW_IRAM2 (Exec base: 0x10000000, Load base: 0x0800a280, Size: 0x00000000, Max: 0x00010000, ABSOLUTE)

    **** No section assigned to this execution region ****


    Execution Region RW_IRAM1 (Exec base: 0x20000000, Load base: 0x0800a19c, Size: 0x00006a50, Max: 0x00020000, ABSOLUTE)

    Exec Addr    Load Addr    Size         Type   Attr      Idx    E Section Name        Object

    0x20000000   0x0800a19c   0x00000008   Data   RW          348    .data               freertos.o
    0x20000008   0x0800a1a4   0x00000009   Data   RW         2195    .data               stm32f4xx_hal.o
    0x20000011   0x0800a1ad   0x00000003   PAD
    0x20000014   0x0800a1b0   0x00000004   Data   RW         4108    .data               system_stm32f4xx.o
    0x20000018   0x0800a1b4   0x0000003c   Data   RW         4820    .data               tasks.o
    0x20000054   0x0800a1f0   0x00000014   Data   RW         5162    .data               timers.o
    0x20000068   0x0800a204   0x00000004   Data   RW         5396    .data               cmsis_os2.o
    0x2000006c   0x0800a208   0x00000020   Data   RW         5859    .data               heap_4.o
    0x2000008c   0x0800a228   0x0000000c   Data   RW         5915    .data               port.o
    0x20000098   0x0800a234   0x00000003   Data   RW         5993    .data               driver_usart.o
    0x2000009b   0x0800a237   0x00000001   PAD
    0x2000009c   0x0800a238   0x00000004   Data   RW         6096    .data               random.o
    0x200000a0   0x0800a23c   0x00000004   Data   RW         6390    .data               mqttpacket.o
    0x200000a4   0x0800a240   0x00000004   Data   RW         7175    .data               platform_mutex.o
    0x200000a8   0x0800a244   0x00000004   Data   RW         7383    .data               uart3_irq.o
    0x200000ac   0x0800a248   0x00000004   Data   RW         7523    .data               lightsensor.o
    0x200000b0   0x0800a24c   0x0000000c   Data   RW         7577    .data               atcommand.o
    0x200000bc   0x0800a258   0x00000020   Data   RW         7681    .data               mqtt_task.o
    0x200000dc   0x0800a278   0x00000004   Data   RW         7743    .data               mc_w.l(rand.o)
    0x200000e0   0x0800a27c   0x00000004   Data   RW         8036    .data               mc_w.l(stdout.o)
    0x200000e4        -       0x00000408   Zero   RW           17    .bss                main.o
    0x200004ec        -       0x00000048   Zero   RW          619    .bss                adc.o
    0x20000534        -       0x00000058   Zero   RW          661    .bss                spi.o
    0x2000058c        -       0x00000090   Zero   RW          707    .bss                tim.o
    0x2000061c        -       0x00000090   Zero   RW          771    .bss                usart.o
    0x200006ac        -       0x00000048   Zero   RW          924    .bss                stm32f4xx_hal_timebase_tim.o
    0x200006f4        -       0x00000040   Zero   RW         4356    .bss                queue.o
    0x20000734        -       0x000004c4   Zero   RW         4819    .bss                tasks.o
    0x20000bf8        -       0x0000011c   Zero   RW         5161    .bss                timers.o
    0x20000d14        -       0x000010b8   Zero   RW         5395    .bss                cmsis_os2.o
    0x20001dcc        -       0x00003c00   Zero   RW         5858    .bss                heap_4.o
    0x200059cc        -       0x00000408   Zero   RW         7382    .bss                uart3_irq.o
    0x20005dd4        -       0x0000046c   Zero   RW         7576    .bss                atcommand.o
    0x20006240        -       0x00000010   Zero   RW         7678    .bss                mqtt_task.o
    0x20006250        -       0x00000800   Zero   RW            1    STACK               startup_stm32f407xx.o


==============================================================================

Image component sizes


      Code (inc. data)   RO Data    RW Data    ZI Data      Debug   Object Name

       256         28          0          0         72       1829   adc.o
       596         94          0         12       1132       6516   atcommand.o
       402         36          0          4       4280      62001   cmsis_os2.o
       236         46          0          3          0       4122   driver_usart.o
       698        132          0          0          0       5874   dth11.o
       610          6          0          0          0      25567   event_groups.o
        72         38         48          8          0     617378   freertos.o
       308         16          0          0          0       1099   gpio.o
        32          0          0          0          0       1233   hal_uart.o
       724         74          0         32      15360       5031   heap_4.o
       396        134          0          4          0       3271   lightsensor.o
       148          0          0          0          0       3734   list.o
       310         36          0          0       1032     744598   main.o
       102          0          0          0          0       6152   mqtt_list.o
      1436        728        119         32         16       7190   mqtt_task.o
      7760       2024        886          0          0      56568   mqttclient.o
       690         18          0          0          0       8481   mqttconnectclient.o
       276          0          0          0          0       2664   mqttdeserializepublish.o
       600         18          0          4          0      10112   mqttpacket.o
       324          0          0          0          0       2818   mqttserializepublish.o
       368          0          0          0          0       3363   mqttsubscribeclient.o
        46          0          0          0          0        827   mqttunsubscribeclient.o
       106          0          0          0          0       3146   nettype_tcp.o
       132          0          0          0          0       4391   network.o
        38          0          0          0          0       1303   platform_memory.o
       130         10          0          4          0       4146   platform_mutex.o
       608        268          0          0          0       3561   platform_net_socket.o
       110          0          0          0          0       4350   platform_thread.o
       110          0          0          0          0       5368   platform_timer.o
      1014         92          0         12          0      12017   port.o
      3010         28          0          0         64      25244   queue.o
       280         12          0          4          0       2252   random.o
        76          0          0          0          0       2698   ring_buffer.o
       220         24          0          0         88       1785   spi.o
        36          8        392          0       2048        864   startup_stm32f407xx.o
        96         20          0          9          0       8238   stm32f4xx_hal.o
      2106         80          0          0          0       9112   stm32f4xx_hal_adc.o
         2          0          0          0          0       1061   stm32f4xx_hal_adc_ex.o
       260         22          0          0          0      33726   stm32f4xx_hal_cortex.o
       212          0          0          0          0       2035   stm32f4xx_hal_dma.o
       528         46          0          0          0       2891   stm32f4xx_hal_gpio.o
        84          6          0          0          0        914   stm32f4xx_hal_msp.o
      1888         94          0          0          0       6481   stm32f4xx_hal_rcc.o
       570          6          0          0          0       3556   stm32f4xx_hal_spi.o
      1260         84          0          0          0      10400   stm32f4xx_hal_tim.o
       184         30          0          0          0       2629   stm32f4xx_hal_tim_ex.o
       180         20          0          0         72       1547   stm32f4xx_hal_timebase_tim.o
      1986         14          0          0          0       9499   stm32f4xx_hal_uart.o
        86         24          0          0          0       5036   stm32f4xx_it.o
         0          0          0          0          0        404   stream_buffer.o
        20          6         24          4          0       1211   system_stm32f4xx.o
      4140        494          0         60       1220      37035   tasks.o
       392         34          0          0        144       3789   tim.o
      1318        124          0         20        284      30871   timers.o
       184         38          0          4       1032       2695   uart3_irq.o
       400         40          0          0        144       2503   usart.o

    ----------------------------------------------------------------------
     38226       5052       1504        220      26988    1827186   Object Totals
         0          0         32          0          0          0   (incl. Generated)
        70          0          3          4          0          0   (incl. Padding)

    ----------------------------------------------------------------------

      Code (inc. data)   RO Data    RW Data    ZI Data      Debug   Library Member Name

         0          0          0          0          0          0   entry.o
         0          0          0          0          0          0   entry10a.o
         0          0          0          0          0          0   entry11a.o
         8          4          0          0          0          0   entry2.o
         4          0          0          0          0          0   entry5.o
         0          0          0          0          0          0   entry7b.o
         0          0          0          0          0          0   entry8b.o
         8          4          0          0          0          0   entry9a.o
        30          0          0          0          0          0   handlers.o
        36          8          0          0          0         68   init.o
        30          0          0          0          0         68   llshl.o
        32          0          0          0          0         68   llushr.o
        36          0          0          0          0         68   memcpya.o
        36          0          0          0          0        108   memseta.o
      1204         60          0          0          0        504   printf8.o
        36         10          0          4          0        136   rand.o
         0          0          0          4          0          0   stdout.o
        14          0          0          0          0         68   strlen.o
        30          0          0          0          0         80   strncmp.o
        36          0          0          0          0         80   strstr.o
        98          0          0          0          0         92   uldiv.o

    ----------------------------------------------------------------------
      1642         86          0          8          0       1340   Library Totals
         4          0          0          0          0          0   (incl. Padding)

    ----------------------------------------------------------------------

      Code (inc. data)   RO Data    RW Data    ZI Data      Debug   Library Name

      1638         86          0          8          0       1340   mc_w.l

    ----------------------------------------------------------------------
      1642         86          0          8          0       1340   Library Totals

    ----------------------------------------------------------------------

==============================================================================


      Code (inc. data)   RO Data    RW Data    ZI Data      Debug   

     39868       5138       1504        228      26988    1792806   Grand Totals
     39868       5138       1504        228      26988    1792806   ELF Image Totals
     39868       5138       1504        228          0          0   ROM Totals

==============================================================================

    Total RO  Size (Code + RO Data)                41372 (  40.40kB)
    Total RW  Size (RW Data + ZI Data)             27216 (  26.58kB)
    Total ROM Size (Code + RO Data + RW Data)      41600 (  40.63kB)

==============================================================================

