Component: ARM Compiler 5.06 update 5 (build 528) Tool: armlink [4d35e2]

==============================================================================

Section Cross References

    startup_stm32f407xx.o(RESET) refers to startup_stm32f407xx.o(STACK) for __initial_sp
    startup_stm32f407xx.o(RESET) refers to startup_stm32f407xx.o(.text) for Reset_Handler
    startup_stm32f407xx.o(RESET) refers to stm32f4xx_it.o(i.NMI_Handler) for NMI_Handler
    startup_stm32f407xx.o(RESET) refers to stm32f4xx_it.o(i.HardFault_Handler) for HardFault_Handler
    startup_stm32f407xx.o(RESET) refers to stm32f4xx_it.o(i.MemManage_Handler) for MemManage_Handler
    startup_stm32f407xx.o(RESET) refers to stm32f4xx_it.o(i.BusFault_Handler) for BusFault_Handler
    startup_stm32f407xx.o(RESET) refers to stm32f4xx_it.o(i.UsageFault_Handler) for UsageFault_Handler
    startup_stm32f407xx.o(RESET) refers to port.o(.emb_text) for SVC_Handler
    startup_stm32f407xx.o(RESET) refers to stm32f4xx_it.o(i.DebugMon_Handler) for DebugMon_Handler
    startup_stm32f407xx.o(RESET) refers to cmsis_os2.o(i.SysTick_Handler) for SysTick_Handler
    startup_stm32f407xx.o(RESET) refers to stm32f4xx_it.o(i.ADC_IRQHandler) for ADC_IRQHandler
    startup_stm32f407xx.o(RESET) refers to stm32f4xx_it.o(i.TIM4_IRQHandler) for TIM4_IRQHandler
    startup_stm32f407xx.o(RESET) refers to stm32f4xx_it.o(i.SPI1_IRQHandler) for SPI1_IRQHandler
    startup_stm32f407xx.o(RESET) refers to driver_usart.o(i.USART1_IRQHandler) for USART1_IRQHandler
    startup_stm32f407xx.o(RESET) refers to uart3_irq.o(i.USART3_IRQHandler) for USART3_IRQHandler
    startup_stm32f407xx.o(RESET) refers to stm32f4xx_it.o(i.TIM7_IRQHandler) for TIM7_IRQHandler
    startup_stm32f407xx.o(RESET) refers to stm32f4xx_it.o(i.DMA2_Stream0_IRQHandler) for DMA2_Stream0_IRQHandler
    startup_stm32f407xx.o(RESET) refers to stm32f4xx_it.o(i.DMA2_Stream3_IRQHandler) for DMA2_Stream3_IRQHandler
    startup_stm32f407xx.o(.text) refers to system_stm32f4xx.o(i.SystemInit) for SystemInit
    startup_stm32f407xx.o(.text) refers to entry.o(.ARM.Collect$$$$00000000) for __main
    main.o(i.HAL_TIM_PeriodElapsedCallback) refers to stm32f4xx_hal.o(i.HAL_IncTick) for HAL_IncTick
    main.o(i.SystemClock_Config) refers to memseta.o(.text) for __aeabi_memclr4
    main.o(i.SystemClock_Config) refers to stm32f4xx_hal_rcc.o(i.HAL_RCC_OscConfig) for HAL_RCC_OscConfig
    main.o(i.SystemClock_Config) refers to main.o(i.Error_Handler) for Error_Handler
    main.o(i.SystemClock_Config) refers to stm32f4xx_hal_rcc.o(i.HAL_RCC_ClockConfig) for HAL_RCC_ClockConfig
    main.o(i.main) refers to stm32f4xx_hal.o(i.HAL_Init) for HAL_Init
    main.o(i.main) refers to main.o(i.SystemClock_Config) for SystemClock_Config
    main.o(i.main) refers to gpio.o(i.MX_GPIO_Init) for MX_GPIO_Init
    main.o(i.main) refers to dma.o(i.MX_DMA_Init) for MX_DMA_Init
    main.o(i.main) refers to tim.o(i.MX_TIM5_Init) for MX_TIM5_Init
    main.o(i.main) refers to usart.o(i.MX_USART1_UART_Init) for MX_USART1_UART_Init
    main.o(i.main) refers to usart.o(i.MX_USART3_UART_Init) for MX_USART3_UART_Init
    main.o(i.main) refers to adc.o(i.MX_ADC1_Init) for MX_ADC1_Init
    main.o(i.main) refers to spi.o(i.MX_SPI1_Init) for MX_SPI1_Init
    main.o(i.main) refers to tim.o(i.MX_TIM7_Init) for MX_TIM7_Init
    main.o(i.main) refers to lcd_init.o(i.LCD_Init) for LCD_Init
    main.o(i.main) refers to lcd.o(i.LCD_Fill) for LCD_Fill
    main.o(i.main) refers to driver_usart.o(i.EnableDebugIRQ) for EnableDebugIRQ
    main.o(i.main) refers to driver_usart.o(i.EnableUART3IRQ) for EnableUART3IRQ
    main.o(i.main) refers to uart3_irq.o(i.Uart3_Lock_Init) for Uart3_Lock_Init
    main.o(i.main) refers to ring_buffer.o(i.ring_buffer_init) for ring_buffer_init
    main.o(i.main) refers to atcommand.o(i.ATInit) for ATInit
    main.o(i.main) refers to printf8.o(i.__0printf$8) for __2printf
    main.o(i.main) refers to lcd.o(i.LCD_ShowString) for LCD_ShowString
    main.o(i.main) refers to cmsis_os2.o(i.osKernelInitialize) for osKernelInitialize
    main.o(i.main) refers to freertos.o(i.MX_FREERTOS_Init) for MX_FREERTOS_Init
    main.o(i.main) refers to cmsis_os2.o(i.osKernelStart) for osKernelStart
    main.o(i.main) refers to main.o(.bss) for test_buffer
    gpio.o(i.MX_GPIO_Init) refers to memseta.o(.text) for __aeabi_memclr4
    gpio.o(i.MX_GPIO_Init) refers to stm32f4xx_hal_gpio.o(i.HAL_GPIO_WritePin) for HAL_GPIO_WritePin
    gpio.o(i.MX_GPIO_Init) refers to stm32f4xx_hal_gpio.o(i.HAL_GPIO_Init) for HAL_GPIO_Init
    freertos.o(i.MX_FREERTOS_Init) refers to cmsis_os2.o(i.osThreadNew) for osThreadNew
    freertos.o(i.MX_FREERTOS_Init) refers to tasks.o(i.xTaskCreate) for xTaskCreate
    freertos.o(i.MX_FREERTOS_Init) refers to freertos.o(.constdata) for defaultTask_attributes
    freertos.o(i.MX_FREERTOS_Init) refers to freertos.o(i.StartDefaultTask) for StartDefaultTask
    freertos.o(i.MX_FREERTOS_Init) refers to freertos.o(.data) for defaultTaskHandle
[...]
    HAL_ADC_ConvCpltCallback                 0x08000da1   Thumb Code     2  stm32f4xx_hal_adc.o(i.HAL_ADC_ConvCpltCallback)
    HAL_ADC_ErrorCallback                    0x08000da3   Thumb Code     2  stm32f4xx_hal_adc.o(i.HAL_ADC_ErrorCallback)
    HAL_ADC_GetValue                         0x08000da5   Thumb Code     8  stm32f4xx_hal_adc.o(i.HAL_ADC_GetValue)
    HAL_ADC_IRQHandler                       0x08000dad   Thumb Code   354  stm32f4xx_hal_adc.o(i.HAL_ADC_IRQHandler)
    HAL_ADC_Init                             0x08000f11   Thumb Code   100  stm32f4xx_hal_adc.o(i.HAL_ADC_Init)
    HAL_ADC_LevelOutOfWindowCallback         0x08000f79   Thumb Code     2  stm32f4xx_hal_adc.o(i.HAL_ADC_LevelOutOfWindowCallback)
    HAL_ADC_MspInit                          0x08000f7d   Thumb Code   130  adc.o(i.HAL_ADC_MspInit)
    HAL_ADC_PollForConversion                0x0800100d   Thumb Code   206  stm32f4xx_hal_adc.o(i.HAL_ADC_PollForConversion)
    HAL_ADC_Start                            0x080010dd   Thumb Code   308  stm32f4xx_hal_adc.o(i.HAL_ADC_Start)
    HAL_ADC_Start_IT                         0x08001229   Thumb Code   320  stm32f4xx_hal_adc.o(i.HAL_ADC_Start_IT)
    HAL_AT_Receive                           0x08001385   Thumb Code    16  hal_uart.o(i.HAL_AT_Receive)
    HAL_DMA_Abort                            0x08001395   Thumb Code   172  stm32f4xx_hal_dma.o(i.HAL_DMA_Abort)
    HAL_DMA_Abort_IT                         0x08001441   Thumb Code    40  stm32f4xx_hal_dma.o(i.HAL_DMA_Abort_IT)
    HAL_DMA_IRQHandler                       0x08001469   Thumb Code   570  stm32f4xx_hal_dma.o(i.HAL_DMA_IRQHandler)
    HAL_DMA_Init                             0x080016a9   Thumb Code   232  stm32f4xx_hal_dma.o(i.HAL_DMA_Init)
    HAL_DMA_Start_IT                         0x08001795   Thumb Code   146  stm32f4xx_hal_dma.o(i.HAL_DMA_Start_IT)
    HAL_GPIO_Init                            0x08001829   Thumb Code   454  stm32f4xx_hal_gpio.o(i.HAL_GPIO_Init)
    HAL_GPIO_ReadPin                         0x08001a1d   Thumb Code    16  stm32f4xx_hal_gpio.o(i.HAL_GPIO_ReadPin)
    HAL_GPIO_WritePin                        0x08001a2d   Thumb Code    12  stm32f4xx_hal_gpio.o(i.HAL_GPIO_WritePin)
    HAL_GetTick                              0x08001a39   Thumb Code     6  stm32f4xx_hal.o(i.HAL_GetTick)
    HAL_IncTick                              0x08001a45   Thumb Code    16  stm32f4xx_hal.o(i.HAL_IncTick)
    HAL_Init                                 0x08001a5d   Thumb Code    54  stm32f4xx_hal.o(i.HAL_Init)
    HAL_InitTick                             0x08001a99   Thumb Code   160  stm32f4xx_hal_timebase_tim.o(i.HAL_InitTick)
    HAL_MspInit                              0x08001b4d   Thumb Code    78  stm32f4xx_hal_msp.o(i.HAL_MspInit)
    HAL_NVIC_EnableIRQ                       0x08001ba1   Thumb Code    40  stm32f4xx_hal_cortex.o(i.HAL_NVIC_EnableIRQ)
    HAL_NVIC_SetPriority                     0x08001bc9   Thumb Code   124  stm32f4xx_hal_cortex.o(i.HAL_NVIC_SetPriority)
    HAL_NVIC_SetPriorityGrouping             0x08001c45   Thumb Code    32  stm32f4xx_hal_cortex.o(i.HAL_NVIC_SetPriorityGrouping)
    HAL_RCC_ClockConfig                      0x08001c6d   Thumb Code   368  stm32f4xx_hal_rcc.o(i.HAL_RCC_ClockConfig)
    HAL_RCC_GetClockConfig                   0x08001df1   Thumb Code    58  stm32f4xx_hal_rcc.o(i.HAL_RCC_GetClockConfig)
    HAL_RCC_GetHCLKFreq                      0x08001e35   Thumb Code     6  stm32f4xx_hal_rcc.o(i.HAL_RCC_GetHCLKFreq)
    HAL_RCC_GetPCLK1Freq                     0x08001e41   Thumb Code    22  stm32f4xx_hal_rcc.o(i.HAL_RCC_GetPCLK1Freq)
    HAL_RCC_GetPCLK2Freq                     0x08001e61   Thumb Code    22  stm32f4xx_hal_rcc.o(i.HAL_RCC_GetPCLK2Freq)
    HAL_RCC_GetSysClockFreq                  0x08001e81   Thumb Code   162  stm32f4xx_hal_rcc.o(i.HAL_RCC_GetSysClockFreq)
    HAL_RCC_OscConfig                        0x08001f31   Thumb Code  1172  stm32f4xx_hal_rcc.o(i.HAL_RCC_OscConfig)
    HAL_SPI_Abort                            0x080023cd   Thumb Code   356  stm32f4xx_hal_spi.o(i.HAL_SPI_Abort)
    HAL_SPI_ErrorCallback                    0x0800253d   Thumb Code     2  stm32f4xx_hal_spi.o(i.HAL_SPI_ErrorCallback)
    HAL_SPI_IRQHandler                       0x08002541   Thumb Code   342  stm32f4xx_hal_spi.o(i.HAL_SPI_IRQHandler)
    HAL_SPI_Init                             0x0800269d   Thumb Code   200  stm32f4xx_hal_spi.o(i.HAL_SPI_Init)
    HAL_SPI_MspInit                          0x08002765   Thumb Code   270  spi.o(i.HAL_SPI_MspInit)
    HAL_SPI_Transmit_DMA                     0x0800288d   Thumb Code   234  stm32f4xx_hal_spi.o(i.HAL_SPI_Transmit_DMA)
    HAL_SPI_TxCpltCallback                   0x08002985   Thumb Code     2  stm32f4xx_hal_spi.o(i.HAL_SPI_TxCpltCallback)
    HAL_SPI_TxHalfCpltCallback               0x08002987   Thumb Code     2  stm32f4xx_hal_spi.o(i.HAL_SPI_TxHalfCpltCallback)
    HAL_TIMEx_BreakCallback                  0x08002989   Thumb Code     2  stm32f4xx_hal_tim_ex.o(i.HAL_TIMEx_BreakCallback)
    HAL_TIMEx_CommutCallback                 0x0800298b   Thumb Code     2  stm32f4xx_hal_tim_ex.o(i.HAL_TIMEx_CommutCallback)
    HAL_TIMEx_MasterConfigSynchronization    0x0800298d   Thumb Code   150  stm32f4xx_hal_tim_ex.o(i.HAL_TIMEx_MasterConfigSynchronization)
    HAL_TIM_Base_Init                        0x08002a41   Thumb Code   102  stm32f4xx_hal_tim.o(i.HAL_TIM_Base_Init)
    HAL_TIM_Base_MspInit                     0x08002aa9   Thumb Code   102  tim.o(i.HAL_TIM_Base_MspInit)
    HAL_TIM_Base_Start_IT                    0x08002b1d   Thumb Code   138  stm32f4xx_hal_tim.o(i.HAL_TIM_Base_Start_IT)
    HAL_TIM_IC_CaptureCallback               0x08002bc5   Thumb Code     2  stm32f4xx_hal_tim.o(i.HAL_TIM_IC_CaptureCallback)
    HAL_TIM_IRQHandler                       0x08002bc7   Thumb Code   364  stm32f4xx_hal_tim.o(i.HAL_TIM_IRQHandler)
    HAL_TIM_OC_DelayElapsedCallback          0x08002d33   Thumb Code     2  stm32f4xx_hal_tim.o(i.HAL_TIM_OC_DelayElapsedCallback)
    HAL_TIM_PWM_PulseFinishedCallback        0x08002d35   Thumb Code     2  stm32f4xx_hal_tim.o(i.HAL_TIM_PWM_PulseFinishedCallback)
    HAL_TIM_PeriodElapsedCallback            0x08002d39   Thumb Code    18  main.o(i.HAL_TIM_PeriodElapsedCallback)
    HAL_TIM_SlaveConfigSynchro               0x08002d51   Thumb Code   108  stm32f4xx_hal_tim.o(i.HAL_TIM_SlaveConfigSynchro)
    HAL_TIM_TriggerCallback                  0x08002dbd   Thumb Code     2  stm32f4xx_hal_tim.o(i.HAL_TIM_TriggerCallback)
    HAL_UARTEx_RxEventCallback               0x08002dbf   Thumb Code     2  stm32f4xx_hal_uart.o(i.HAL_UARTEx_RxEventCallback)
    HAL_UART_ErrorCallback                   0x08002dc1   Thumb Code     2  stm32f4xx_hal_uart.o(i.HAL_UART_ErrorCallback)
    HAL_UART_IRQHandler                      0x08002dc5   Thumb Code   740  stm32f4xx_hal_uart.o(i.HAL_UART_IRQHandler)
    HAL_UART_Init                            0x080030ad   Thumb Code   118  stm32f4xx_hal_uart.o(i.HAL_UART_Init)
    HAL_UART_MspInit                         0x08003125   Thumb Code   268  usart.o(i.HAL_UART_MspInit)
    HAL_UART_RxCpltCallback                  0x08003245   Thumb Code    16  driver_usart.o(i.HAL_UART_RxCpltCallback)
    HAL_UART_Transmit_IT                     0x0800325d   Thumb Code    56  stm32f4xx_hal_uart.o(i.HAL_UART_Transmit_IT)
    HAL_UART_TxCpltCallback                  0x08003295   Thumb Code    16  driver_usart.o(i.HAL_UART_TxCpltCallback)
    Hal_Uart_Send                            0x080032ad   Thumb Code    16  hal_uart.o(i.Hal_Uart_Send)
    HardFault_Handler                        0x080032bd   Thumb Code     4  stm32f4xx_it.o(i.HardFault_Handler)
    LCD_Address_Set                          0x080032c1   Thumb Code    66  lcd_init.o(i.LCD_Address_Set)
    LCD_DrawPoint                            0x08003303   Thumb Code    28  lcd.o(i.LCD_DrawPoint)
    LCD_Fill                                 0x08003321   Thumb Code   110  lcd.o(i.LCD_Fill)
    LCD_Init                                 0x08003399   Thumb Code   502  lcd_init.o(i.LCD_Init)
    LCD_ShowChar                             0x08003595   Thumb Code   328  lcd.o(i.LCD_ShowChar)
    LCD_ShowIntNum                           0x080036ed   Thumb Code   150  lcd.o(i.LCD_ShowIntNum)
    LCD_ShowString                           0x08003783   Thumb Code    66  lcd.o(i.LCD_ShowString)
    LCD_WR_DATA                              0x080037c5   Thumb Code    18  lcd_init.o(i.LCD_WR_DATA)
    LCD_WR_DATA8                             0x080037d7   Thumb Code    12  lcd_init.o(i.LCD_WR_DATA8)
    LCD_WR_REG                               0x080037e5   Thumb Code    32  lcd_init.o(i.LCD_WR_REG)
    LCD_Writ_Bus                             0x08003809   Thumb Code    32  lcd_init.o(i.LCD_Writ_Bus)
    LightSensor_Init                         0x0800382d   Thumb Code    10  lightsensor.o(i.LightSensor_Init)
    LightSensor_MQTT_Task                    0x0800383d   Thumb Code   214  lightsensor.o(i.LightSensor_MQTT_Task)
    LightSensor_Read                         0x08003965   Thumb Code    46  lightsensor.o(i.LightSensor_Read)
    MQTTDeserialize_ack                      0x08003999   Thumb Code   108  mqttdeserializepublish.o(i.MQTTDeserialize_ack)
    MQTTDeserialize_connack                  0x08003a05   Thumb Code   118  mqttconnectclient.o(i.MQTTDeserialize_connack)
    MQTTDeserialize_publish                  0x08003a7b   Thumb Code   168  mqttdeserializepublish.o(i.MQTTDeserialize_publish)
    MQTTDeserialize_suback                   0x08003b23   Thumb Code   146  mqttsubscribeclient.o(i.MQTTDeserialize_suback)
    MQTTDeserialize_unsuback                 0x08003bb5   Thumb Code    46  mqttunsubscribeclient.o(i.MQTTDeserialize_unsuback)
    MQTTPacket_decode                        0x08003be3   Thumb Code    88  mqttpacket.o(i.MQTTPacket_decode)
    MQTTPacket_decodeBuf                     0x08003c3d   Thumb Code    20  mqttpacket.o(i.MQTTPacket_decodeBuf)
    MQTTPacket_encode                        0x08003c59   Thumb Code    54  mqttpacket.o(i.MQTTPacket_encode)
    MQTTPacket_equals                        0x08003c8f   Thumb Code    66  mqttpacket.o(i.MQTTPacket_equals)
    MQTTPacket_len                           0x08003cd1   Thumb Code    34  mqttpacket.o(i.MQTTPacket_len)
    MQTTSerialize_ack                        0x08003cf9   Thumb Code   114  mqttserializepublish.o(i.MQTTSerialize_ack)
    MQTTSerialize_connect                    0x08003d6d   Thumb Code   342  mqttconnectclient.o(i.MQTTSerialize_connect)
    MQTTSerialize_connectLength              0x08003ed5   Thumb Code   118  mqttconnectclient.o(i.MQTTSerialize_connectLength)
    MQTTSerialize_pingreq                    0x08003f4b   Thumb Code    18  mqttconnectclient.o(i.MQTTSerialize_pingreq)
    MQTTSerialize_publish                    0x08003f5d   Thumb Code   176  mqttserializepublish.o(i.MQTTSerialize_publish)
    MQTTSerialize_publishLength              0x0800400d   Thumb Code    34  mqttserializepublish.o(i.MQTTSerialize_publishLength)
    MQTTSerialize_subscribe                  0x0800402f   Thumb Code   176  mqttsubscribeclient.o(i.MQTTSerialize_subscribe)
    MQTTSerialize_subscribeLength            0x080040df   Thumb Code    46  mqttsubscribeclient.o(i.MQTTSerialize_subscribeLength)
    MQTTSerialize_zero                       0x0800410d   Thumb Code    76  mqttconnectclient.o(i.MQTTSerialize_zero)
    MQTT_Client_Init                         0x08004159   Thumb Code   292  mqtt_task.o(i.MQTT_Client_Init)
    MQTT_Client_Task                         0x080043d5   Thumb Code   144  mqtt_task.o(i.MQTT_Client_Task)
    MQTTstrlen                               0x08004619   Thumb Code    24  mqttpacket.o(i.MQTTstrlen)
    MX_ADC1_Init                             0x08004631   Thumb Code    98  adc.o(i.MX_ADC1_Init)
    MX_DMA_Init                              0x080046a1   Thumb Code    68  dma.o(i.MX_DMA_Init)
    MX_FREERTOS_Init                         0x080046e9   Thumb Code    48  freertos.o(i.MX_FREERTOS_Init)
    MX_GPIO_Init                             0x08004745   Thumb Code   298  gpio.o(i.MX_GPIO_Init)
    MX_SPI1_Init                             0x08004881   Thumb Code    60  spi.o(i.MX_SPI1_Init)
    MX_TIM5_Init                             0x080048c5   Thumb Code   100  tim.o(i.MX_TIM5_Init)
    MX_TIM7_Init                             0x08004931   Thumb Code    64  tim.o(i.MX_TIM7_Init)
    MX_USART1_UART_Init                      0x08004979   Thumb Code    46  usart.o(i.MX_USART1_UART_Init)
    MX_USART3_UART_Init                      0x080049b1   Thumb Code    46  usart.o(i.MX_USART3_UART_Init)
    MemManage_Handler                        0x080049e9   Thumb Code     4  stm32f4xx_it.o(i.MemManage_Handler)
    NMI_Handler                              0x080049ed   Thumb Code     4  stm32f4xx_it.o(i.NMI_Handler)
    SPI1_IRQHandler                          0x08004a51   Thumb Code    10  stm32f4xx_it.o(i.SPI1_IRQHandler)
    SPI_WriteByte_DMA                        0x08004d1d   Thumb Code    34  spi.o(i.SPI_WriteByte_DMA)
    SPIv_WriteData                           0x08004d45   Thumb Code    12  lcd_init.o(i.SPIv_WriteData)
    SetATstatus                              0x08004d51   Thumb Code    10  atcommand.o(i.SetATstatus)
    StartDefaultTask                         0x08004d61   Thumb Code    16  freertos.o(i.StartDefaultTask)
    SysTick_Handler                          0x08004d85   Thumb Code    22  cmsis_os2.o(i.SysTick_Handler)
    SystemClock_Config                       0x08004d9d   Thumb Code   170  main.o(i.SystemClock_Config)
    SystemInit                               0x08004e51   Thumb Code    14  system_stm32f4xx.o(i.SystemInit)
    TIM4_IRQHandler                          0x08004e65   Thumb Code    10  stm32f4xx_it.o(i.TIM4_IRQHandler)
    TIM7_IRQHandler                          0x08004e75   Thumb Code    10  stm32f4xx_it.o(i.TIM7_IRQHandler)
    TIM_Base_SetConfig                       0x08004e85   Thumb Code   186  stm32f4xx_hal_tim.o(i.TIM_Base_SetConfig)
    TIM_ETR_SetConfig                        0x08004f6d   Thumb Code    22  stm32f4xx_hal_tim.o(i.TIM_ETR_SetConfig)
    USART1_IRQHandler                        0x080054ad   Thumb Code    36  driver_usart.o(i.USART1_IRQHandler)
    USART3_IRQHandler                        0x080054dd   Thumb Code    54  uart3_irq.o(i.USART3_IRQHandler)
    USART3_Read                              0x08005521   Thumb Code    30  uart3_irq.o(i.USART3_Read)
    USART3_Write                             0x08005549   Thumb Code    40  uart3_irq.o(i.USART3_Write)
    Uart3_Lock_Init                          0x08005575   Thumb Code    22  uart3_irq.o(i.Uart3_Lock_Init)
    UsageFault_Handler                       0x08005595   Thumb Code     4  stm32f4xx_it.o(i.UsageFault_Handler)
    __0printf$8                              0x08005599   Thumb Code    22  printf8.o(i.__0printf$8)
    __1printf$8                              0x08005599   Thumb Code     0  printf8.o(i.__0printf$8)
    __2printf                                0x08005599   Thumb Code     0  printf8.o(i.__0printf$8)
    __0sprintf$8                             0x080055b9   Thumb Code    34  printf8.o(i.__0sprintf$8)
    __1sprintf$8                             0x080055b9   Thumb Code     0  printf8.o(i.__0sprintf$8)
    __2sprintf                               0x080055b9   Thumb Code     0  printf8.o(i.__0sprintf$8)
    __scatterload_copy                       0x0800561f   Thumb Code    14  handlers.o(i.__scatterload_copy)
    __scatterload_null                       0x0800562d   Thumb Code     2  handlers.o(i.__scatterload_null)
    __scatterload_zeroinit                   0x0800562f   Thumb Code    14  handlers.o(i.__scatterload_zeroinit)
    bufchar                                  0x08005ac9   Thumb Code    36  mqttpacket.o(i.bufchar)
    fputc                                    0x08005b81   Thumb Code    34  driver_usart.o(i.fputc)
    main                                     0x08005bad   Thumb Code   204  main.o(i.main)
    mqtt_connect                             0x0800604b   Thumb Code    12  mqttclient.o(i.mqtt_connect)
    mqtt_keep_alive                          0x080066a9   Thumb Code   140  mqttclient.o(i.mqtt_keep_alive)
    mqtt_lease                               0x0800677d   Thumb Code    42  mqttclient.o(i.mqtt_lease)
    mqtt_list_add_tail                       0x080067a7   Thumb Code    18  mqtt_list.o(i.mqtt_list_add_tail)
    mqtt_list_del                            0x080067b9   Thumb Code    14  mqtt_list.o(i.mqtt_list_del)
    mqtt_list_del_init                       0x080067c7   Thumb Code    18  mqtt_list.o(i.mqtt_list_del_init)
    mqtt_list_init                           0x080067d9   Thumb Code     6  mqtt_list.o(i.mqtt_list_init)
    mqtt_list_is_empty                       0x080067df   Thumb Code    16  mqtt_list.o(i.mqtt_list_is_empty)
    mqtt_publish                             0x08006a71   Thumb Code   316  mqttclient.o(i.mqtt_publish)
    mqtt_set_clean_session                   0x08007061   Thumb Code    50  mqttclient.o(i.mqtt_set_clean_session)
    mqtt_set_client_id                       0x080070dd   Thumb Code    38  mqttclient.o(i.mqtt_set_client_id)
    mqtt_set_host                            0x08007169   Thumb Code    38  mqttclient.o(i.mqtt_set_host)
    mqtt_set_password                        0x080071d9   Thumb Code    38  mqttclient.o(i.mqtt_set_password)
    mqtt_set_port                            0x08007249   Thumb Code    38  mqttclient.o(i.mqtt_set_port)
    mqtt_set_user_name                       0x08007305   Thumb Code    38  mqttclient.o(i.mqtt_set_user_name)
    mqtt_sleep_ms                            0x08007375   Thumb Code    18  mqttclient.o(i.mqtt_sleep_ms)
    mqtt_subscribe                           0x0800743d   Thumb Code   194  mqttclient.o(i.mqtt_subscribe)
    mypow                                    0x08007afd   Thumb Code    22  lcd.o(i.mypow)
    nettype_tcp_connect                      0x08007b13   Thumb Code    30  nettype_tcp.o(i.nettype_tcp_connect)
    nettype_tcp_disconnect                   0x08007b31   Thumb Code    20  nettype_tcp.o(i.nettype_tcp_disconnect)
    nettype_tcp_read                         0x08007b45   Thumb Code    28  nettype_tcp.o(i.nettype_tcp_read)
    nettype_tcp_write                        0x08007b61   Thumb Code    28  nettype_tcp.o(i.nettype_tcp_write)
    network_connect                          0x08007b7d   Thumb Code    12  network.o(i.network_connect)
    network_disconnect                       0x08007b89   Thumb Code    12  network.o(i.network_disconnect)
    network_init                             0x08007b95   Thumb Code    26  network.o(i.network_init)
    network_read                             0x08007baf   Thumb Code    28  network.o(i.network_read)
    network_release                          0x08007bcb   Thumb Code    26  network.o(i.network_release)
    network_write                            0x08007be5   Thumb Code    28  network.o(i.network_write)
    osDelay                                  0x08007c01   Thumb Code    30  cmsis_os2.o(i.osDelay)
    osKernelInitialize                       0x08007c21   Thumb Code    38  cmsis_os2.o(i.osKernelInitialize)
    osKernelStart                            0x08007c4d   Thumb Code    82  cmsis_os2.o(i.osKernelStart)
    osThreadNew                              0x08007cad   Thumb Code   186  cmsis_os2.o(i.osThreadNew)
    platform_memory_alloc                    0x08007d67   Thumb Code    26  platform_memory.o(i.platform_memory_alloc)
    platform_memory_free                     0x08007d81   Thumb Code    12  platform_memory.o(i.platform_memory_free)
    platform_mutex_init                      0x08007d8d   Thumb Code    32  platform_mutex.o(i.platform_mutex_init)
    platform_mutex_lock                      0x08007dad   Thumb Code    16  platform_mutex.o(i.platform_mutex_lock)
    platform_mutex_lock_timeout              0x08007dbd   Thumb Code    16  platform_mutex.o(i.platform_mutex_lock_timeout)
    platform_mutex_unlock                    0x08007dcd   Thumb Code    18  platform_mutex.o(i.platform_mutex_unlock)
    platform_mutex_unlock_Fromisr            0x08007de1   Thumb Code    38  platform_mutex.o(i.platform_mutex_unlock_Fromisr)
    platform_net_socket_close                0x08007e11   Thumb Code    20  platform_net_socket.o(i.platform_net_socket_close)
    platform_net_socket_connect              0x08007e31   Thumb Code   172  platform_net_socket.o(i.platform_net_socket_connect)
    platform_net_socket_recv_timeout         0x08007f89   Thumb Code    44  platform_net_socket.o(i.platform_net_socket_recv_timeout)
    platform_net_socket_write_timeout        0x08007fb5   Thumb Code   104  platform_net_socket.o(i.platform_net_socket_write_timeout)
    platform_thread_destroy                  0x0800806d   Thumb Code    20  platform_thread.o(i.platform_thread_destroy)
    platform_thread_init                     0x08008081   Thumb Code    64  platform_thread.o(i.platform_thread_init)
    platform_thread_start                    0x080080c1   Thumb Code    12  platform_thread.o(i.platform_thread_start)
    platform_thread_startup                  0x080080cd   Thumb Code     2  platform_thread.o(i.platform_thread_startup)
    platform_thread_stop                     0x080080cf   Thumb Code    12  platform_thread.o(i.platform_thread_stop)
    platform_timer_cutdown                   0x080080db   Thumb Code    20  platform_timer.o(i.platform_timer_cutdown)
    platform_timer_init                      0x080080ef   Thumb Code     6  platform_timer.o(i.platform_timer_init)
    platform_timer_is_expired                0x080080f5   Thumb Code    22  platform_timer.o(i.platform_timer_is_expired)
    platform_timer_now                       0x0800810b   Thumb Code     8  platform_timer.o(i.platform_timer_now)
    platform_timer_remain                    0x08008113   Thumb Code    26  platform_timer.o(i.platform_timer_remain)
    platform_timer_usleep                    0x0800812d   Thumb Code    20  platform_timer.o(i.platform_timer_usleep)
    pvPortMalloc                             0x08008bf9   Thumb Code   306  heap_4.o(i.pvPortMalloc)
    pvTaskIncrementMutexHeldCount            0x08008d45   Thumb Code    26  tasks.o(i.pvTaskIncrementMutexHeldCount)
    pxPortInitialiseStack                    0x08008d65   Thumb Code    38  port.o(i.pxPortInitialiseStack)
    random_number                            0x08008d91   Thumb Code    50  random.o(i.random_number)
    random_string                            0x08008dc9   Thumb Code   202  random.o(i.random_string)
    readChar                                 0x08008e99   Thumb Code    14  mqttpacket.o(i.readChar)
    readInt                                  0x08008ea7   Thumb Code    26  mqttpacket.o(i.readInt)
    readMQTTLenString                        0x08008ec1   Thumb Code    58  mqttpacket.o(i.readMQTTLenString)
    ring_buffer_init                         0x08008efb   Thumb Code     8  ring_buffer.o(i.ring_buffer_init)
    ring_buffer_read                         0x08008f03   Thumb Code    40  ring_buffer.o(i.ring_buffer_read)
    ring_buffer_write                        0x08008f2b   Thumb Code    28  ring_buffer.o(i.ring_buffer_write)
    uxListRemove                             0x08008fd9   Thumb Code    40  list.o(i.uxListRemove)
    uxTaskResetEventItemValue                0x08009001   Thumb Code    24  tasks.o(i.uxTaskResetEventItemValue)
    vApplicationGetIdleTaskMemory            0x0800901d   Thumb Code    16  cmsis_os2.o(i.vApplicationGetIdleTaskMemory)
    vApplicationGetTimerTaskMemory           0x08009035   Thumb Code    16  cmsis_os2.o(i.vApplicationGetTimerTaskMemory)
    vListInitialise                          0x0800904d   Thumb Code    26  list.o(i.vListInitialise)
    vListInitialiseItem                      0x08009067   Thumb Code     6  list.o(i.vListInitialiseItem)
    vListInsert                              0x0800906d   Thumb Code    52  list.o(i.vListInsert)
    vListInsertEnd                           0x080090a1   Thumb Code    24  list.o(i.vListInsertEnd)
    vPortEnterCritical                       0x080090b9   Thumb Code    76  port.o(i.vPortEnterCritical)
    vPortExitCritical                        0x0800910d   Thumb Code    56  port.o(i.vPortExitCritical)
    vPortFree                                0x08009149   Thumb Code   150  heap_4.o(i.vPortFree)
    vPortSetupTimerInterrupt                 0x080091ed   Thumb Code    36  port.o(i.vPortSetupTimerInterrupt)
    vPortValidateInterruptPriority           0x08009215   Thumb Code   106  port.o(i.vPortValidateInterruptPriority)
    vQueueAddToRegistry                      0x0800928d   Thumb Code    38  queue.o(i.vQueueAddToRegistry)
    vQueueWaitForMessageRestricted           0x080092b9   Thumb Code    74  queue.o(i.vQueueWaitForMessageRestricted)
    vTaskDelay                               0x08009305   Thumb Code    82  tasks.o(i.vTaskDelay)
    vTaskDelete                              0x08009361   Thumb Code   168  tasks.o(i.vTaskDelete)
    vTaskInternalSetTimeOutState             0x08009429   Thumb Code    14  tasks.o(i.vTaskInternalSetTimeOutState)
    vTaskMissedYield                         0x08009441   Thumb Code     8  tasks.o(i.vTaskMissedYield)
    vTaskPlaceOnEventList                    0x0800944d   Thumb Code    52  tasks.o(i.vTaskPlaceOnEventList)
    vTaskPlaceOnEventListRestricted          0x08009485   Thumb Code    60  tasks.o(i.vTaskPlaceOnEventListRestricted)
    vTaskPlaceOnUnorderedEventList           0x080094c5   Thumb Code   100  tasks.o(i.vTaskPlaceOnUnorderedEventList)
    vTaskPriorityDisinheritAfterTimeout      0x08009531   Thumb Code   194  tasks.o(i.vTaskPriorityDisinheritAfterTimeout)
    vTaskRemoveFromUnorderedEventList        0x08009601   Thumb Code   140  tasks.o(i.vTaskRemoveFromUnorderedEventList)
    vTaskResume                              0x080096a1   Thumb Code   126  tasks.o(i.vTaskResume)
    vTaskStartScheduler                      0x08009731   Thumb Code   156  tasks.o(i.vTaskStartScheduler)
    vTaskSuspend                             0x080097e9   Thumb Code   176  tasks.o(i.vTaskSuspend)
    vTaskSuspendAll                          0x080098b1   Thumb Code    12  tasks.o(i.vTaskSuspendAll)
    vTaskSwitchContext                       0x080098c1   Thumb Code   122  tasks.o(i.vTaskSwitchContext)
    writeCString                             0x08009951   Thumb Code    40  mqttpacket.o(i.writeCString)
    writeChar                                0x08009979   Thumb Code    12  mqttpacket.o(i.writeChar)
    writeInt                                 0x08009985   Thumb Code    48  mqttpacket.o(i.writeInt)
    writeMQTTString                          0x080099b5   Thumb Code    62  mqttpacket.o(i.writeMQTTString)
    xEventGroupCreate                        0x080099f3   Thumb Code    30  event_groups.o(i.xEventGroupCreate)
    xEventGroupSetBits                       0x08009a11   Thumb Code   206  event_groups.o(i.xEventGroupSetBits)
    xEventGroupWaitBits                      0x08009ae1   Thumb Code   338  event_groups.o(i.xEventGroupWaitBits)
    xPortStartScheduler                      0x08009c39   Thumb Code   330  port.o(i.xPortStartScheduler)
    xPortSysTickHandler                      0x08009da1   Thumb Code    46  port.o(i.xPortSysTickHandler)
    xQueueGenericCreate                      0x08009dd5   Thumb Code    90  queue.o(i.xQueueGenericCreate)
    xQueueGenericCreateStatic                0x08009e2f   Thumb Code   224  queue.o(i.xQueueGenericCreateStatic)
    xQueueGenericReset                       0x08009f11   Thumb Code   146  queue.o(i.xQueueGenericReset)
    xQueueGenericSend                        0x08009fa9   Thumb Code   420  queue.o(i.xQueueGenericSend)
    xQueueGenericSendFromISR                 0x0800a151   Thumb Code   252  queue.o(i.xQueueGenericSendFromISR)
    xQueueGiveFromISR                        0x0800a24d   Thumb Code   224  queue.o(i.xQueueGiveFromISR)
    xQueueReceive                            0x0800a32d   Thumb Code   356  queue.o(i.xQueueReceive)
    xQueueSemaphoreTake                      0x0800a495   Thumb Code   434  queue.o(i.xQueueSemaphoreTake)
    xTaskCheckForTimeOut                     0x0800a64d   Thumb Code   132  tasks.o(i.xTaskCheckForTimeOut)
    xTaskCreate                              0x0800a6d9   Thumb Code   100  tasks.o(i.xTaskCreate)
    xTaskCreateStatic                        0x0800a73d   Thumb Code   186  tasks.o(i.xTaskCreateStatic)
    xTaskGetSchedulerState                   0x0800a7f9   Thumb Code    24  tasks.o(i.xTaskGetSchedulerState)
    xTaskGetTickCount                        0x0800a819   Thumb Code     6  tasks.o(i.xTaskGetTickCount)
    xTaskIncrementTick                       0x0800a825   Thumb Code   280  tasks.o(i.xTaskIncrementTick)
    xTaskPriorityDisinherit                  0x0800a969   Thumb Code   152  tasks.o(i.xTaskPriorityDisinherit)
    xTaskPriorityInherit                     0x0800aa0d   Thumb Code   150  tasks.o(i.xTaskPriorityInherit)
    xTaskRemoveFromEventList                 0x0800aab1   Thumb Code   126  tasks.o(i.xTaskRemoveFromEventList)
    xTaskResumeAll                           0x0800ab49   Thumb Code   222  tasks.o(i.xTaskResumeAll)
    xTimerCreateTimerTask                    0x0800ac4d   Thumb Code   100  timers.o(i.xTimerCreateTimerTask)
    xTimerGenericCommand                     0x0800acc5   Thumb Code   128  timers.o(i.xTimerGenericCommand)
    defaultTask_attributes                   0x0800ad48   Data          36  freertos.o(.constdata)
    AHBPrescTable                            0x0800ad74   Data          16  system_stm32f4xx.o(.constdata)
    APBPrescTable                            0x0800ad84   Data           8  system_stm32f4xx.o(.constdata)
    ascii_1206                               0x0800b058   Data        1140  lcd.o(.constdata)
    ascii_1608                               0x0800b4cc   Data        1520  lcd.o(.constdata)
    ascii_2412                               0x0800babc   Data        4560  lcd.o(.constdata)
    ascii_3216                               0x0800cc8c   Data        6080  lcd.o(.constdata)
    tfont12                                  0x0800e44c   Data         130  lcd.o(.constdata)
    tfont16                                  0x0800e4ce   Data         170  lcd.o(.constdata)
    tfont24                                  0x0800e578   Data         370  lcd.o(.constdata)
    tfont32                                  0x0800e6ea   Data         650  lcd.o(.constdata)
    gImage_1                                 0x0800e974   Data        3200  lcd.o(.constdata)
    WIFI_CONECT                              0x0800f5f4   Data           4  mqtt_task.o(.constdata)
    PING_MODE1                               0x0800f5f8   Data           4  mqtt_task.o(.constdata)
    PING_MODE2                               0x0800f5fc   Data           4  mqtt_task.o(.constdata)
    MESSAGE_DATA_TX_NUM                      0x0800f600   Data           4  mqtt_task.o(.constdata)
    MESSAGE_DATA_TX_LEN                      0x0800f604   Data           4  mqtt_task.o(.constdata)
    Region$$Table$$Base                      0x0800f724   Number         0  anon$$obj.o(Region$$Table)
    Region$$Table$$Limit                     0x0800f744   Number         0  anon$$obj.o(Region$$Table)
    G_xMQTTClientInitHandle                  0x20000000   Data           4  freertos.o(.data)
    defaultTaskHandle                        0x20000004   Data           4  freertos.o(.data)
    uwTick                                   0x20000008   Data           4  stm32f4xx_hal.o(.data)
    uwTickPrio                               0x2000000c   Data           4  stm32f4xx_hal.o(.data)
    uwTickFreq                               0x20000010   Data           1  stm32f4xx_hal.o(.data)
    SystemCoreClock                          0x20000014   Data           4  system_stm32f4xx.o(.data)
    pxCurrentTCB                             0x20000018   Data           4  tasks.o(.data)
    G_xMQTT_Client_Task                      0x200000bc   Data           4  mqtt_task.o(.data)
    G_xQueuePlatform                         0x200000c0   Data           4  mqtt_task.o(.data)
    G_xDHT11_Task_Handler                    0x200000c4   Data           4  mqtt_task.o(.data)
    G_xLightSensor_Task_Handler              0x200000c8   Data           4  mqtt_task.o(.data)
    G_xTaskMutex                             0x200000cc   Data           4  mqtt_task.o(.data)
    Event_Handle                             0x200000d0   Data           4  mqtt_task.o(.data)
    G_xMessageQueueToMQTT                    0x200000d4   Data           4  mqtt_task.o(.data)
    client                                   0x200000d8   Data           4  mqtt_task.o(.data)
    __stdout                                 0x200000e0   Data           4  stdout.o(.data)
    test_buffer                              0x200000e4   Data        1032  main.o(.bss)
    hadc1                                    0x200004ec   Data          72  adc.o(.bss)
    hspi1                                    0x20000534   Data          88  spi.o(.bss)
    hdma_spi1_rx                             0x2000058c   Data          96  spi.o(.bss)
    hdma_spi1_tx                             0x200005ec   Data          96  spi.o(.bss)
    htim5                                    0x2000064c   Data          72  tim.o(.bss)
    htim7                                    0x20000694   Data          72  tim.o(.bss)
    huart1                                   0x200006dc   Data          72  usart.o(.bss)
    huart3                                   0x20000724   Data          72  usart.o(.bss)
    htim4                                    0x2000076c   Data          72  stm32f4xx_hal_timebase_tim.o(.bss)
    xQueueRegistry                           0x200007b4   Data          64  queue.o(.bss)
    msg                                      0x20005efc   Data          16  mqtt_task.o(.bss)
    __initial_sp                             0x20006310   Data           0  startup_stm32f407xx.o(STACK)



==============================================================================

Memory Map of the image

  Image Entry point : 0x08000189

  Load Region LR_IROM1 (Base: 0x08000000, Size: 0x0000f828, Max: 0x00080000, ABSOLUTE)

    Execution Region ER_IROM1 (Exec base: 0x08000000, Load base: 0x08000000, Size: 0x0000f744, Max: 0x00080000, ABSOLUTE)

    Exec Addr    Load Addr    Size         Type   Attr      Idx    E Section Name        Object

    0x08000000   0x08000000   0x00000188   Data   RO            3    RESET               startup_stm32f407xx.o
    0x08000188   0x08000188   0x00000000   Code   RO         7693  * .ARM.Collect$$$$00000000  mc_w.l(entry.o)
    0x08000188   0x08000188   0x00000004   Code   RO         7984    .ARM.Collect$$$$00000001  mc_w.l(entry2.o)
    0x0800018c   0x0800018c   0x00000004   Code   RO         7987    .ARM.Collect$$$$00000004  mc_w.l(entry5.o)
    0x08000190   0x08000190   0x00000000   Code   RO         7989    .ARM.Collect$$$$00000008  mc_w.l(entry7b.o)
    0x08000190   0x08000190   0x00000000   Code   RO         7991    .ARM.Collect$$$$0000000A  mc_w.l(entry8b.o)
    0x08000190   0x08000190   0x00000008   Code   RO         7992    .ARM.Collect$$$$0000000B  mc_w.l(entry9a.o)
    0x08000198   0x08000198   0x00000000   Code   RO         7994    .ARM.Collect$$$$0000000D  mc_w.l(entry10a.o)
    0x08000198   0x08000198   0x00000000   Code   RO         7996    .ARM.Collect$$$$0000000F  mc_w.l(entry11a.o)
    0x08000198   0x08000198   0x00000004   Code   RO         7985    .ARM.Collect$$$$00002712  mc_w.l(entry2.o)
    0x0800019c   0x0800019c   0x000000be   Code   RO         5688    .emb_text           port.o
    0x0800025a   0x0800025a   0x00000002   PAD
    0x0800025c   0x0800025c   0x00000024   Code   RO            4    .text               startup_stm32f407xx.o
    0x08000280   0x08000280   0x00000062   Code   RO         7696    .text               mc_w.l(uldiv.o)
    0x080002e2   0x080002e2   0x00000002   PAD
    0x080002e4   0x080002e4   0x00000024   Code   RO         7698    .text               mc_w.l(rand.o)
    0x08000308   0x08000308   0x00000024   Code   RO         7701    .text               mc_w.l(memcpya.o)
    0x0800032c   0x0800032c   0x00000024   Code   RO         7705    .text               mc_w.l(memseta.o)
    0x08000350   0x08000350   0x00000024   Code   RO         7707    .text               mc_w.l(strstr.o)
    0x08000374   0x08000374   0x0000000e   Code   RO         7709    .text               mc_w.l(strlen.o)
    0x08000382   0x08000382   0x0000001e   Code   RO         7713    .text               mc_w.l(strncmp.o)
    0x080003a0   0x080003a0   0x0000001e   Code   RO         8001    .text               mc_w.l(llshl.o)
    0x080003be   0x080003be   0x00000020   Code   RO         8003    .text               mc_w.l(llushr.o)
    0x080003de   0x080003de   0x00000002   PAD
    0x080003e0   0x080003e0   0x00000024   Code   RO         8020    .text               mc_w.l(init.o)
    0x08000404   0x08000404   0x00000010   Code   RO          629    i.ADC_IRQHandler    stm32f4xx_it.o
    0x08000414   0x08000414   0x00000160   Code   RO          789    i.ADC_Init          stm32f4xx_hal_adc.o
    0x08000574   0x08000574   0x00000030   Code   RO         7535    i.ATInit            atcommand.o
    0x080005a4   0x080005a4   0x00000038   Code   RO         7536    i.ATReadData        atcommand.o
    0x080005dc   0x080005dc   0x00000034   Code   RO         7537    i.ATSendData        atcommand.o
    0x08000610   0x08000610   0x000000b0   Code   RO         7538    i.AT_RecvParse      atcommand.o
    0x080006c0   0x080006c0   0x0000006c   Code   RO         7539    i.AT_SendCmd        atcommand.o
    0x0800072c   0x0800072c   0x00000004   Code   RO          630    i.BusFault_Handler  stm32f4xx_it.o
    0x08000730   0x08000730   0x00000110   Code   RO         7219    i.DHT11_MQTT_Task   dth11.o
    0x08000840   0x08000840   0x0000002c   Code   RO         7220    i.DHT11_PinCfgAsInput  dth11.o
    0x0800086c   0x0800086c   0x0000002c   Code   RO         7221    i.DHT11_PinCfgAsOutput  dth11.o
    0x08000898   0x08000898   0x0000001e   Code   RO         7222    i.DHT11_ReadByte    dth11.o
    0x080008b6   0x080008b6   0x00000002   PAD
    0x080008b8   0x080008b8   0x0000005c   Code   RO         7223    i.DHT11_Read_Bit    dth11.o
    0x08000914   0x08000914   0x00000050   Code   RO         7224    i.DHT11_Read_Data   dth11.o
    0x08000964   0x08000964   0x00000030   Code   RO         7225    i.DHT11_Start       dth11.o
    0x08000994   0x08000994   0x0000005c   Code   RO         7227    i.DHT11_Wait_Ack    dth11.o
    0x080009f0   0x080009f0   0x00000010   Code   RO          631    i.DMA2_Stream0_IRQHandler  stm32f4xx_it.o
    0x08000a00   0x08000a00   0x00000010   Code   RO          632    i.DMA2_Stream3_IRQHandler  stm32f4xx_it.o
    0x08000a10   0x08000a10   0x00000034   Code   RO         1568    i.DMA_CalcBaseAndBitshift  stm32f4xx_hal_dma.o
    0x08000a44   0x08000a44   0x000000aa   Code   RO         1569    i.DMA_CheckFifoParam  stm32f4xx_hal_dma.o
    0x08000aee   0x08000aee   0x0000002c   Code   RO         1570    i.DMA_SetConfig     stm32f4xx_hal_dma.o
    0x08000b1a   0x08000b1a   0x00000002   Code   RO          633    i.DebugMon_Handler  stm32f4xx_it.o
    0x08000b1c   0x08000b1c   0x00000018   Code   RO          514    i.Delay_ms          tim.o
    0x08000b34   0x08000b34   0x00000048   Code   RO          515    i.Delay_us          tim.o
    0x08000b7c   0x08000b7c   0x00000028   Code   RO         5769    i.EnableDebugIRQ    driver_usart.o
    0x08000ba4   0x08000ba4   0x00000038   Code   RO         5770    i.EnableUART3IRQ    driver_usart.o
    0x08000bdc   0x08000bdc   0x00000006   Code   RO           13    i.Error_Handler     main.o
    0x08000be2   0x08000be2   0x00000002   PAD
    0x08000be4   0x08000be4   0x0000000c   Code   RO         7540    i.GetATstatus       atcommand.o
    0x08000bf0   0x08000bf0   0x00000020   Code   RO         7541    i.GetSpecialATString  atcommand.o
    0x08000c10   0x08000c10   0x00000002   Code   RO          960    i.HAL_ADCEx_InjectedConvCpltCallback  stm32f4xx_hal_adc_ex.o
    0x08000c12   0x08000c12   0x00000002   PAD
    0x08000c14   0x08000c14   0x0000018c   Code   RO          791    i.HAL_ADC_ConfigChannel  stm32f4xx_hal_adc.o
    0x08000da0   0x08000da0   0x00000002   Code   RO          792    i.HAL_ADC_ConvCpltCallback  stm32f4xx_hal_adc.o
    0x08000da2   0x08000da2   0x00000002   Code   RO          795    i.HAL_ADC_ErrorCallback  stm32f4xx_hal_adc.o
    0x08000da4   0x08000da4   0x00000008   Code   RO          798    i.HAL_ADC_GetValue  stm32f4xx_hal_adc.o
    0x08000dac   0x08000dac   0x00000162   Code   RO          799    i.HAL_ADC_IRQHandler  stm32f4xx_hal_adc.o
    0x08000f0e   0x08000f0e   0x00000002   PAD
    0x08000f10   0x08000f10   0x00000068   Code   RO          800    i.HAL_ADC_Init      stm32f4xx_hal_adc.o
    0x08000f78   0x08000f78   0x00000002   Code   RO          801    i.HAL_ADC_LevelOutOfWindowCallback  stm32f4xx_hal_adc.o
    0x08000f7a   0x08000f7a   0x00000002   PAD
    0x08000f7c   0x08000f7c   0x00000090   Code   RO          401    i.HAL_ADC_MspInit   adc.o
    0x0800100c   0x0800100c   0x000000ce   Code   RO          804    i.HAL_ADC_PollForConversion  stm32f4xx_hal_adc.o
    0x080010da   0x080010da   0x00000002   PAD
    0x080010dc   0x080010dc   0x0000014c   Code   RO          806    i.HAL_ADC_Start     stm32f4xx_hal_adc.o
    0x08001228   0x08001228   0x0000015c   Code   RO          808    i.HAL_ADC_Start_IT  stm32f4xx_hal_adc.o
    0x08001384   0x08001384   0x00000010   Code   RO         7612    i.HAL_AT_Receive    hal_uart.o
    0x08001394   0x08001394   0x000000ac   Code   RO         1571    i.HAL_DMA_Abort     stm32f4xx_hal_dma.o
    0x08001440   0x08001440   0x00000028   Code   RO         1572    i.HAL_DMA_Abort_IT  stm32f4xx_hal_dma.o
    0x08001468   0x08001468   0x00000240   Code   RO         1576    i.HAL_DMA_IRQHandler  stm32f4xx_hal_dma.o
    0x080016a8   0x080016a8   0x000000ec   Code   RO         1577    i.HAL_DMA_Init      stm32f4xx_hal_dma.o
    0x08001794   0x08001794   0x00000092   Code   RO         1581    i.HAL_DMA_Start_IT  stm32f4xx_hal_dma.o
    0x08001826   0x08001826   0x00000002   PAD
    0x08001828   0x08001828   0x000001f4   Code   RO         1464    i.HAL_GPIO_Init     stm32f4xx_hal_gpio.o
    0x08001a1c   0x08001a1c   0x00000010   Code   RO         1466    i.HAL_GPIO_ReadPin  stm32f4xx_hal_gpio.o
    0x08001a2c   0x08001a2c   0x0000000c   Code   RO         1468    i.HAL_GPIO_WritePin  stm32f4xx_hal_gpio.o
    0x08001a38   0x08001a38   0x0000000c   Code   RO         2007    i.HAL_GetTick       stm32f4xx_hal.o
    0x08001a44   0x08001a44   0x00000018   Code   RO         2013    i.HAL_IncTick       stm32f4xx_hal.o
    0x08001a5c   0x08001a5c   0x0000003c   Code   RO         2014    i.HAL_Init          stm32f4xx_hal.o
    0x08001a98   0x08001a98   0x000000b4   Code   RO          747    i.HAL_InitTick      stm32f4xx_hal_timebase_tim.o
    0x08001b4c   0x08001b4c   0x00000054   Code   RO          723    i.HAL_MspInit       stm32f4xx_hal_msp.o
    0x08001ba0   0x08001ba0   0x00000028   Code   RO         1854    i.HAL_NVIC_EnableIRQ  stm32f4xx_hal_cortex.o
    0x08001bc8   0x08001bc8   0x0000007c   Code   RO         1860    i.HAL_NVIC_SetPriority  stm32f4xx_hal_cortex.o
    0x08001c44   0x08001c44   0x00000028   Code   RO         1861    i.HAL_NVIC_SetPriorityGrouping  stm32f4xx_hal_cortex.o
    0x08001c6c   0x08001c6c   0x00000184   Code   RO         1065    i.HAL_RCC_ClockConfig  stm32f4xx_hal_rcc.o
    0x08001df0   0x08001df0   0x00000044   Code   RO         1069    i.HAL_RCC_GetClockConfig  stm32f4xx_hal_rcc.o
    0x08001e34   0x08001e34   0x0000000c   Code   RO         1070    i.HAL_RCC_GetHCLKFreq  stm32f4xx_hal_rcc.o
    0x08001e40   0x08001e40   0x00000020   Code   RO         1072    i.HAL_RCC_GetPCLK1Freq  stm32f4xx_hal_rcc.o
    0x08001e60   0x08001e60   0x00000020   Code   RO         1073    i.HAL_RCC_GetPCLK2Freq  stm32f4xx_hal_rcc.o
    0x08001e80   0x08001e80   0x000000b0   Code   RO         1074    i.HAL_RCC_GetSysClockFreq  stm32f4xx_hal_rcc.o
    0x08001f30   0x08001f30   0x0000049c   Code   RO         1077    i.HAL_RCC_OscConfig  stm32f4xx_hal_rcc.o
    0x080023cc   0x080023cc   0x00000170   Code   RO         2252    i.HAL_SPI_Abort     stm32f4xx_hal_spi.o
    0x0800253c   0x0800253c   0x00000002   Code   RO         2259    i.HAL_SPI_ErrorCallback  stm32f4xx_hal_spi.o
    0x0800253e   0x0800253e   0x00000002   PAD
    0x08002540   0x08002540   0x0000015c   Code   RO         2262    i.HAL_SPI_IRQHandler  stm32f4xx_hal_spi.o
    0x0800269c   0x0800269c   0x000000c8   Code   RO         2263    i.HAL_SPI_Init      stm32f4xx_hal_spi.o
    0x08002764   0x08002764   0x00000128   Code   RO          467    i.HAL_SPI_MspInit   spi.o
    0x0800288c   0x0800288c   0x000000f8   Code   RO         2275    i.HAL_SPI_Transmit_DMA  stm32f4xx_hal_spi.o
    0x08002984   0x08002984   0x00000002   Code   RO         2277    i.HAL_SPI_TxCpltCallback  stm32f4xx_hal_spi.o
    0x08002986   0x08002986   0x00000002   Code   RO         2278    i.HAL_SPI_TxHalfCpltCallback  stm32f4xx_hal_spi.o
    0x08002988   0x08002988   0x00000002   Code   RO         3291    i.HAL_TIMEx_BreakCallback  stm32f4xx_hal_tim_ex.o
    0x0800298a   0x0800298a   0x00000002   Code   RO         3292    i.HAL_TIMEx_CommutCallback  stm32f4xx_hal_tim_ex.o
    0x0800298c   0x0800298c   0x000000b4   Code   RO         3310    i.HAL_TIMEx_MasterConfigSynchronization  stm32f4xx_hal_tim_ex.o
    0x08002a40   0x08002a40   0x00000066   Code   RO         2576    i.HAL_TIM_Base_Init  stm32f4xx_hal_tim.o
    0x08002aa6   0x08002aa6   0x00000002   PAD
    0x08002aa8   0x08002aa8   0x00000074   Code   RO          517    i.HAL_TIM_Base_MspInit  tim.o
    0x08002b1c   0x08002b1c   0x000000a8   Code   RO         2581    i.HAL_TIM_Base_Start_IT  stm32f4xx_hal_tim.o
    0x08002bc4   0x08002bc4   0x00000002   Code   RO         2610    i.HAL_TIM_IC_CaptureCallback  stm32f4xx_hal_tim.o
    0x08002bc6   0x08002bc6   0x0000016c   Code   RO         2624    i.HAL_TIM_IRQHandler  stm32f4xx_hal_tim.o
    0x08002d32   0x08002d32   0x00000002   Code   RO         2627    i.HAL_TIM_OC_DelayElapsedCallback  stm32f4xx_hal_tim.o
    0x08002d34   0x08002d34   0x00000002   Code   RO         2654    i.HAL_TIM_PWM_PulseFinishedCallback  stm32f4xx_hal_tim.o
    0x08002d36   0x08002d36   0x00000002   PAD
    0x08002d38   0x08002d38   0x00000018   Code   RO           14    i.HAL_TIM_PeriodElapsedCallback  main.o
    0x08002d50   0x08002d50   0x0000006c   Code   RO         2665    i.HAL_TIM_SlaveConfigSynchro  stm32f4xx_hal_tim.o
    0x08002dbc   0x08002dbc   0x00000002   Code   RO         2667    i.HAL_TIM_TriggerCallback  stm32f4xx_hal_tim.o
    0x08002dbe   0x08002dbe   0x00000002   Code   RO         3570    i.HAL_UARTEx_RxEventCallback  stm32f4xx_hal_uart.o
    0x08002dc0   0x08002dc0   0x00000002   Code   RO         3584    i.HAL_UART_ErrorCallback  stm32f4xx_hal_uart.o
    0x08002dc2   0x08002dc2   0x00000002   PAD
    0x08002dc4   0x08002dc4   0x000002e8   Code   RO         3587    i.HAL_UART_IRQHandler  stm32f4xx_hal_uart.o
    0x080030ac   0x080030ac   0x00000076   Code   RO         3588    i.HAL_UART_Init     stm32f4xx_hal_uart.o
    0x08003122   0x08003122   0x00000002   PAD
    0x08003124   0x08003124   0x00000120   Code   RO          582    i.HAL_UART_MspInit  usart.o
    0x08003244   0x08003244   0x00000018   Code   RO         5771    i.HAL_UART_RxCpltCallback  driver_usart.o
    0x0800325c   0x0800325c   0x00000038   Code   RO         3598    i.HAL_UART_Transmit_IT  stm32f4xx_hal_uart.o
    0x08003294   0x08003294   0x00000018   Code   RO         5772    i.HAL_UART_TxCpltCallback  driver_usart.o
    0x080032ac   0x080032ac   0x00000010   Code   RO         7613    i.Hal_Uart_Send     hal_uart.o
    0x080032bc   0x080032bc   0x00000004   Code   RO          634    i.HardFault_Handler  stm32f4xx_it.o
    0x080032c0   0x080032c0   0x00000042   Code   RO         7466    i.LCD_Address_Set   lcd_init.o
    0x08003302   0x08003302   0x0000001c   Code   RO         7350    i.LCD_DrawPoint     lcd.o
    0x0800331e   0x0800331e   0x00000002   PAD
    0x08003320   0x08003320   0x00000078   Code   RO         7351    i.LCD_Fill          lcd.o
    0x08003398   0x08003398   0x000001fc   Code   RO         7468    i.LCD_Init          lcd_init.o
    0x08003594   0x08003594   0x00000158   Code   RO         7352    i.LCD_ShowChar      lcd.o
    0x080036ec   0x080036ec   0x00000096   Code   RO         7359    i.LCD_ShowIntNum    lcd.o
    0x08003782   0x08003782   0x00000042   Code   RO         7361    i.LCD_ShowString    lcd.o
    0x080037c4   0x080037c4   0x00000012   Code   RO         7469    i.LCD_WR_DATA       lcd_init.o
    0x080037d6   0x080037d6   0x0000000c   Code   RO         7470    i.LCD_WR_DATA8      lcd_init.o
    0x080037e2   0x080037e2   0x00000002   PAD
    0x080037e4   0x080037e4   0x00000024   Code   RO         7471    i.LCD_WR_REG        lcd_init.o
    0x08003808   0x08003808   0x00000024   Code   RO         7472    i.LCD_Writ_Bus      lcd_init.o
    0x0800382c   0x0800382c   0x00000010   Code   RO         7295    i.LightSensor_Init  lightsensor.o
    0x0800383c   0x0800383c   0x00000128   Code   RO         7296    i.LightSensor_MQTT_Task  lightsensor.o
    0x08003964   0x08003964   0x00000034   Code   RO         7297    i.LightSensor_Read  lightsensor.o
    0x08003998   0x08003998   0x0000006c   Code   RO         6079    i.MQTTDeserialize_ack  mqttdeserializepublish.o
    0x08003a04   0x08003a04   0x00000076   Code   RO         5985    i.MQTTDeserialize_connack  mqttconnectclient.o
    0x08003a7a   0x08003a7a   0x000000a8   Code   RO         6080    i.MQTTDeserialize_publish  mqttdeserializepublish.o
    0x08003b22   0x08003b22   0x00000092   Code   RO         6312    i.MQTTDeserialize_suback  mqttsubscribeclient.o
    0x08003bb4   0x08003bb4   0x0000002e   Code   RO         6354    i.MQTTDeserialize_unsuback  mqttunsubscribeclient.o
    0x08003be2   0x08003be2   0x00000058   Code   RO         6155    i.MQTTPacket_decode  mqttpacket.o
    0x08003c3a   0x08003c3a   0x00000002   PAD
    0x08003c3c   0x08003c3c   0x0000001c   Code   RO         6156    i.MQTTPacket_decodeBuf  mqttpacket.o
    0x08003c58   0x08003c58   0x00000036   Code   RO         6158    i.MQTTPacket_encode  mqttpacket.o
    0x08003c8e   0x08003c8e   0x00000042   Code   RO         6159    i.MQTTPacket_equals  mqttpacket.o
    0x08003cd0   0x08003cd0   0x00000028   Code   RO         6160    i.MQTTPacket_len    mqttpacket.o
    0x08003cf8   0x08003cf8   0x00000072   Code   RO         6270    i.MQTTSerialize_ack  mqttserializepublish.o
    0x08003d6a   0x08003d6a   0x00000002   PAD
    0x08003d6c   0x08003d6c   0x00000168   Code   RO         5986    i.MQTTSerialize_connect  mqttconnectclient.o
    0x08003ed4   0x08003ed4   0x00000076   Code   RO         5987    i.MQTTSerialize_connectLength  mqttconnectclient.o
    0x08003f4a   0x08003f4a   0x00000012   Code   RO         5989    i.MQTTSerialize_pingreq  mqttconnectclient.o
    0x08003f5c   0x08003f5c   0x000000b0   Code   RO         6273    i.MQTTSerialize_publish  mqttserializepublish.o
    0x0800400c   0x0800400c   0x00000022   Code   RO         6274    i.MQTTSerialize_publishLength  mqttserializepublish.o
    0x0800402e   0x0800402e   0x000000b0   Code   RO         6313    i.MQTTSerialize_subscribe  mqttsubscribeclient.o
    0x080040de   0x080040de   0x0000002e   Code   RO         6314    i.MQTTSerialize_subscribeLength  mqttsubscribeclient.o
    0x0800410c   0x0800410c   0x0000004c   Code   RO         5990    i.MQTTSerialize_zero  mqttconnectclient.o
    0x08004158   0x08004158   0x0000027c   Code   RO         7642    i.MQTT_Client_Init  mqtt_task.o
    0x080043d4   0x080043d4   0x00000138   Code   RO         7643    i.MQTT_Client_Task  mqtt_task.o
    0x0800450c   0x0800450c   0x0000010c   Code   RO         7644    i.MQTT_Platform     mqtt_task.o
    0x08004618   0x08004618   0x00000018   Code   RO         6163    i.MQTTstrlen        mqttpacket.o
    0x08004630   0x08004630   0x00000070   Code   RO          402    i.MX_ADC1_Init      adc.o
    0x080046a0   0x080046a0   0x00000048   Code   RO          442    i.MX_DMA_Init       dma.o
    0x080046e8   0x080046e8   0x0000005c   Code   RO          353    i.MX_FREERTOS_Init  freertos.o
    0x08004744   0x08004744   0x0000013c   Code   RO          325    i.MX_GPIO_Init      gpio.o
    0x08004880   0x08004880   0x00000044   Code   RO          468    i.MX_SPI1_Init      spi.o
    0x080048c4   0x080048c4   0x0000006c   Code   RO          518    i.MX_TIM5_Init      tim.o
    0x08004930   0x08004930   0x00000048   Code   RO          519    i.MX_TIM7_Init      tim.o
    0x08004978   0x08004978   0x00000038   Code   RO          583    i.MX_USART1_UART_Init  usart.o
    0x080049b0   0x080049b0   0x00000038   Code   RO          584    i.MX_USART3_UART_Init  usart.o
    0x080049e8   0x080049e8   0x00000004   Code   RO          635    i.MemManage_Handler  stm32f4xx_it.o
    0x080049ec   0x080049ec   0x00000004   Code   RO          636    i.NMI_Handler       stm32f4xx_it.o
    0x080049f0   0x080049f0   0x00000060   Code   RO         7542    i.ProcessSpecialATString  atcommand.o
    0x08004a50   0x08004a50   0x00000010   Code   RO          637    i.SPI1_IRQHandler   stm32f4xx_it.o
    0x08004a60   0x08004a60   0x00000070   Code   RO         2285    i.SPI_AbortRx_ISR   stm32f4xx_hal_spi.o
    0x08004ad0   0x08004ad0   0x00000020   Code   RO         2286    i.SPI_AbortTx_ISR   stm32f4xx_hal_spi.o
    0x08004af0   0x08004af0   0x00000014   Code   RO         2290    i.SPI_DMAAbortOnError  stm32f4xx_hal_spi.o
    0x08004b04   0x08004b04   0x00000028   Code   RO         2291    i.SPI_DMAError      stm32f4xx_hal_spi.o
    0x08004b2c   0x08004b2c   0x0000000e   Code   RO         2293    i.SPI_DMAHalfTransmitCplt  stm32f4xx_hal_spi.o
    0x08004b3a   0x08004b3a   0x00000080   Code   RO         2297    i.SPI_DMATransmitCplt  stm32f4xx_hal_spi.o
    0x08004bba   0x08004bba   0x00000002   PAD
    0x08004bbc   0x08004bbc   0x00000088   Code   RO         2301    i.SPI_EndRxTxTransaction  stm32f4xx_hal_spi.o
    0x08004c44   0x08004c44   0x000000d8   Code   RO         2306    i.SPI_WaitFlagStateUntilTimeout  stm32f4xx_hal_spi.o
    0x08004d1c   0x08004d1c   0x00000028   Code   RO          469    i.SPI_WriteByte_DMA  spi.o
    0x08004d44   0x08004d44   0x0000000c   Code   RO         7473    i.SPIv_WriteData    lcd_init.o
    0x08004d50   0x08004d50   0x00000010   Code   RO         7543    i.SetATstatus       atcommand.o
    0x08004d60   0x08004d60   0x00000024   Code   RO          354    i.StartDefaultTask  freertos.o
    0x08004d84   0x08004d84   0x00000016   Code   RO         5106    i.SysTick_Handler   cmsis_os2.o
    0x08004d9a   0x08004d9a   0x00000002   PAD
    0x08004d9c   0x08004d9c   0x000000b4   Code   RO           15    i.SystemClock_Config  main.o
    0x08004e50   0x08004e50   0x00000014   Code   RO         3932    i.SystemInit        system_stm32f4xx.o
    0x08004e64   0x08004e64   0x00000010   Code   RO          638    i.TIM4_IRQHandler   stm32f4xx_it.o
    0x08004e74   0x08004e74   0x00000010   Code   RO          639    i.TIM7_IRQHandler   stm32f4xx_it.o
    0x08004e84   0x08004e84   0x000000e8   Code   RO         2669    i.TIM_Base_SetConfig  stm32f4xx_hal_tim.o
    0x08004f6c   0x08004f6c   0x00000016   Code   RO         2680    i.TIM_ETR_SetConfig  stm32f4xx_hal_tim.o
    0x08004f82   0x08004f82   0x000000b2   Code   RO         2686    i.TIM_SlaveTimer_SetConfig  stm32f4xx_hal_tim.o
    0x08005034   0x08005034   0x00000026   Code   RO         2687    i.TIM_TI1_ConfigInputStage  stm32f4xx_hal_tim.o
    0x0800505a   0x0800505a   0x00000028   Code   RO         2689    i.TIM_TI2_ConfigInputStage  stm32f4xx_hal_tim.o
    0x08005082   0x08005082   0x00000014   Code   RO         3601    i.UART_DMAAbortOnError  stm32f4xx_hal_uart.o
    0x08005096   0x08005096   0x0000006c   Code   RO         3611    i.UART_EndRxTransfer  stm32f4xx_hal_uart.o
    0x08005102   0x08005102   0x00000020   Code   RO         3612    i.UART_EndTransmit_IT  stm32f4xx_hal_uart.o
    0x08005122   0x08005122   0x000000fc   Code   RO         3614    i.UART_Receive_IT   stm32f4xx_hal_uart.o
    0x0800521e   0x0800521e   0x00000002   PAD
    0x08005220   0x08005220   0x0000022c   Code   RO         3615    i.UART_SetConfig    stm32f4xx_hal_uart.o
    0x0800544c   0x0800544c   0x00000060   Code   RO         3618    i.UART_Transmit_IT  stm32f4xx_hal_uart.o
    0x080054ac   0x080054ac   0x00000030   Code   RO         5773    i.USART1_IRQHandler  driver_usart.o
    0x080054dc   0x080054dc   0x00000044   Code   RO         7161    i.USART3_IRQHandler  uart3_irq.o
    0x08005520   0x08005520   0x00000028   Code   RO         7162    i.USART3_Read       uart3_irq.o
    0x08005548   0x08005548   0x0000002c   Code   RO         7163    i.USART3_Write      uart3_irq.o
    0x08005574   0x08005574   0x00000020   Code   RO         7164    i.Uart3_Lock_Init   uart3_irq.o
    0x08005594   0x08005594   0x00000004   Code   RO          640    i.UsageFault_Handler  stm32f4xx_it.o
    0x08005598   0x08005598   0x00000020   Code   RO         7924    i.__0printf$8       mc_w.l(printf8.o)
    0x080055b8   0x080055b8   0x00000028   Code   RO         7926    i.__0sprintf$8      mc_w.l(printf8.o)
    0x080055e0   0x080055e0   0x00000010   Code   RO         1867    i.__NVIC_GetPriorityGrouping  stm32f4xx_hal_cortex.o
    0x080055f0   0x080055f0   0x00000028   Code   RO         1868    i.__NVIC_SetPriority  stm32f4xx_hal_cortex.o
    0x08005618   0x08005618   0x00000006   Code   RO         5108    i.__get_IPSR        cmsis_os2.o
    0x0800561e   0x0800561e   0x0000000e   Code   RO         8024    i.__scatterload_copy  mc_w.l(handlers.o)
    0x0800562c   0x0800562c   0x00000002   Code   RO         8025    i.__scatterload_null  mc_w.l(handlers.o)
    0x0800562e   0x0800562e   0x0000000e   Code   RO         8026    i.__scatterload_zeroinit  mc_w.l(handlers.o)
    0x0800563c   0x0800563c   0x0000000a   Code   RO         5913    i._mqtt_list_add    mqtt_list.o
    0x08005646   0x08005646   0x00000006   Code   RO         5914    i._mqtt_list_del    mqtt_list.o
    0x0800564c   0x0800564c   0x0000000e   Code   RO         5915    i._mqtt_list_del_entry  mqtt_list.o
    0x0800565a   0x0800565a   0x00000002   PAD
    0x0800565c   0x0800565c   0x00000410   Code   RO         7931    i._printf_core      mc_w.l(printf8.o)
    0x08005a6c   0x08005a6c   0x00000024   Code   RO         7932    i._printf_post_padding  mc_w.l(printf8.o)
    0x08005a90   0x08005a90   0x0000002e   Code   RO         7933    i._printf_pre_padding  mc_w.l(printf8.o)
    0x08005abe   0x08005abe   0x0000000a   Code   RO         7935    i._sputc            mc_w.l(printf8.o)
    0x08005ac8   0x08005ac8   0x00000028   Code   RO         6164    i.bufchar           mqttpacket.o
    0x08005af0   0x08005af0   0x00000080   Code   RO         6396    i.default_msg_handler  mqttclient.o
    0x08005b70   0x08005b70   0x00000010   Code   RO         5875    i.do_random         random.o
    0x08005b80   0x08005b80   0x0000002c   Code   RO         5775    i.fputc             driver_usart.o
    0x08005bac   0x08005bac   0x00000128   Code   RO           16    i.main              main.o
    0x08005cd4   0x08005cd4   0x0000005c   Code   RO         6397    i.mqtt_ack_handler_create  mqttclient.o
    0x08005d30   0x08005d30   0x00000014   Code   RO         6398    i.mqtt_ack_handler_destroy  mqttclient.o
    0x08005d44   0x08005d44   0x00000014   Code   RO         6399    i.mqtt_ack_handler_is_maximum  mqttclient.o
    0x08005d58   0x08005d58   0x000000bc   Code   RO         6400    i.mqtt_ack_handler_resend  mqttclient.o
    0x08005e14   0x08005e14   0x00000042   Code   RO         6401    i.mqtt_ack_list_node_is_exist  mqttclient.o
    0x08005e56   0x08005e56   0x00000058   Code   RO         6402    i.mqtt_ack_list_record  mqttclient.o
    0x08005eae   0x08005eae   0x00000094   Code   RO         6403    i.mqtt_ack_list_scan  mqttclient.o
    0x08005f42   0x08005f42   0x0000005a   Code   RO         6404    i.mqtt_ack_list_unrecord  mqttclient.o
    0x08005f9c   0x08005f9c   0x00000024   Code   RO         6405    i.mqtt_add_ack_handler_num  mqttclient.o
    0x08005fc0   0x08005fc0   0x0000008a   Code   RO         6406    i.mqtt_clean_session  mqttclient.o
    0x0800604a   0x0800604a   0x0000000c   Code   RO         6407    i.mqtt_connect      mqttclient.o
    0x08006056   0x08006056   0x00000002   PAD
    0x08006058   0x08006058   0x00000388   Code   RO         6408    i.mqtt_connect_with_results  mqttclient.o
    0x080063e0   0x080063e0   0x00000068   Code   RO         6409    i.mqtt_decode_packet  mqttclient.o
    0x08006448   0x08006448   0x00000070   Code   RO         6410    i.mqtt_deliver_message  mqttclient.o
    0x080064b8   0x080064b8   0x00000008   Code   RO         6412    i.mqtt_get_client_state  mqttclient.o
    0x080064c0   0x080064c0   0x00000042   Code   RO         6413    i.mqtt_get_msg_handler  mqttclient.o
    0x08006502   0x08006502   0x0000002c   Code   RO         6414    i.mqtt_get_next_packet_id  mqttclient.o
    0x0800652e   0x0800652e   0x00000002   PAD
    0x08006530   0x08006530   0x00000120   Code   RO         6415    i.mqtt_init         mqttclient.o
    0x08006650   0x08006650   0x00000024   Code   RO         6416    i.mqtt_is_connected  mqttclient.o
    0x08006674   0x08006674   0x00000032   Code   RO         6417    i.mqtt_is_topic_equals  mqttclient.o
    0x080066a6   0x080066a6   0x00000002   PAD
    0x080066a8   0x080066a8   0x000000d4   Code   RO         6418    i.mqtt_keep_alive   mqttclient.o
    0x0800677c   0x0800677c   0x0000002a   Code   RO         6419    i.mqtt_lease        mqttclient.o
    0x080067a6   0x080067a6   0x00000012   Code   RO         5917    i.mqtt_list_add_tail  mqtt_list.o
    0x080067b8   0x080067b8   0x0000000e   Code   RO         5918    i.mqtt_list_del     mqtt_list.o
    0x080067c6   0x080067c6   0x00000012   Code   RO         5919    i.mqtt_list_del_init  mqtt_list.o
    0x080067d8   0x080067d8   0x00000006   Code   RO         5920    i.mqtt_list_init    mqtt_list.o
    0x080067de   0x080067de   0x00000010   Code   RO         5921    i.mqtt_list_is_empty  mqtt_list.o
    0x080067ee   0x080067ee   0x0000002c   Code   RO         6421    i.mqtt_msg_handler_create  mqttclient.o
    0x0800681a   0x0800681a   0x00000014   Code   RO         6422    i.mqtt_msg_handler_destory  mqttclient.o
    0x0800682e   0x0800682e   0x00000002   PAD
    0x08006830   0x08006830   0x00000090   Code   RO         6423    i.mqtt_msg_handler_is_exist  mqttclient.o
    0x080068c0   0x080068c0   0x00000032   Code   RO         6424    i.mqtt_msg_handlers_install  mqttclient.o
    0x080068f2   0x080068f2   0x0000002c   Code   RO         6425    i.mqtt_new_message_data  mqttclient.o
    0x0800691e   0x0800691e   0x00000058   Code   RO         6426    i.mqtt_packet_drain  mqttclient.o
    0x08006976   0x08006976   0x00000002   PAD
    0x08006978   0x08006978   0x000000b0   Code   RO         6427    i.mqtt_packet_handle  mqttclient.o
    0x08006a28   0x08006a28   0x00000048   Code   RO         6428    i.mqtt_puback_and_pubcomp_packet_handle  mqttclient.o
    0x08006a70   0x08006a70   0x000001e0   Code   RO         6429    i.mqtt_publish      mqttclient.o
    0x08006c50   0x08006c50   0x0000009a   Code   RO         6430    i.mqtt_publish_ack_packet  mqttclient.o
    0x08006cea   0x08006cea   0x000000fa   Code   RO         6431    i.mqtt_publish_packet_handle  mqttclient.o
    0x08006de4   0x08006de4   0x0000005a   Code   RO         6432    i.mqtt_pubrec_and_pubrel_packet_handle  mqttclient.o
    0x08006e3e   0x08006e3e   0x00000002   PAD
    0x08006e40   0x08006e40   0x000000dc   Code   RO         6433    i.mqtt_read_buf_malloc  mqttclient.o
    0x08006f1c   0x08006f1c   0x000000d0   Code   RO         6434    i.mqtt_read_packet  mqttclient.o
    0x08006fec   0x08006fec   0x00000074   Code   RO         6436    i.mqtt_send_packet  mqttclient.o
    0x08007060   0x08007060   0x0000007c   Code   RO         6438    i.mqtt_set_clean_session  mqttclient.o
    0x080070dc   0x080070dc   0x00000070   Code   RO         6439    i.mqtt_set_client_id  mqttclient.o
    0x0800714c   0x0800714c   0x0000001c   Code   RO         6440    i.mqtt_set_client_state  mqttclient.o
    0x08007168   0x08007168   0x00000070   Code   RO         6442    i.mqtt_set_host     mqttclient.o
    0x080071d8   0x080071d8   0x00000070   Code   RO         6445    i.mqtt_set_password  mqttclient.o
    0x08007248   0x08007248   0x00000070   Code   RO         6446    i.mqtt_set_port     mqttclient.o
    0x080072b8   0x080072b8   0x0000004c   Code   RO         6447    i.mqtt_set_publish_dup  mqttclient.o
    0x08007304   0x08007304   0x00000070   Code   RO         6452    i.mqtt_set_user_name  mqttclient.o
    0x08007374   0x08007374   0x00000012   Code   RO         6457    i.mqtt_sleep_ms     mqttclient.o
    0x08007386   0x08007386   0x00000002   PAD
    0x08007388   0x08007388   0x000000b4   Code   RO         6458    i.mqtt_suback_packet_handle  mqttclient.o
    0x0800743c   0x0800743c   0x000000c8   Code   RO         6459    i.mqtt_subscribe    mqttclient.o
    0x08007504   0x08007504   0x00000034   Code   RO         6460    i.mqtt_subtract_ack_handler_num  mqttclient.o
    0x08007538   0x08007538   0x00000076   Code   RO         6461    i.mqtt_topic_is_matched  mqttclient.o
    0x080075ae   0x080075ae   0x00000002   PAD
    0x080075b0   0x080075b0   0x000000a4   Code   RO         6462    i.mqtt_try_do_reconnect  mqttclient.o
    0x08007654   0x08007654   0x0000002c   Code   RO         6463    i.mqtt_try_reconnect  mqttclient.o
    0x08007680   0x08007680   0x000000ec   Code   RO         6464    i.mqtt_try_resubscribe  mqttclient.o
    0x0800776c   0x0800776c   0x00000054   Code   RO         6465    i.mqtt_unsuback_packet_handle  mqttclient.o
    0x080077c0   0x080077c0   0x00000034   Code   RO         6467    i.mqtt_wait_packet  mqttclient.o
    0x080077f4   0x080077f4   0x000000e0   Code   RO         6468    i.mqtt_write_buf_malloc  mqttclient.o
    0x080078d4   0x080078d4   0x000000dc   Code   RO         6469    i.mqtt_yield        mqttclient.o
    0x080079b0   0x080079b0   0x0000014c   Code   RO         6470    i.mqtt_yield_thread  mqttclient.o
    0x08007afc   0x08007afc   0x00000016   Code   RO         7363    i.mypow             lcd.o
    0x08007b12   0x08007b12   0x0000001e   Code   RO         6828    i.nettype_tcp_connect  nettype_tcp.o
    0x08007b30   0x08007b30   0x00000014   Code   RO         6829    i.nettype_tcp_disconnect  nettype_tcp.o
    0x08007b44   0x08007b44   0x0000001c   Code   RO         6830    i.nettype_tcp_read  nettype_tcp.o
    0x08007b60   0x08007b60   0x0000001c   Code   RO         6831    i.nettype_tcp_write  nettype_tcp.o
    0x08007b7c   0x08007b7c   0x0000000c   Code   RO         6864    i.network_connect   network.o
    0x08007b88   0x08007b88   0x0000000c   Code   RO         6865    i.network_disconnect  network.o
    0x08007b94   0x08007b94   0x0000001a   Code   RO         6866    i.network_init      network.o
    0x08007bae   0x08007bae   0x0000001c   Code   RO         6867    i.network_read      network.o
    0x08007bca   0x08007bca   0x0000001a   Code   RO         6868    i.network_release   network.o
    0x08007be4   0x08007be4   0x0000001c   Code   RO         6872    i.network_write     network.o
    0x08007c00   0x08007c00   0x0000001e   Code   RO         5109    i.osDelay           cmsis_os2.o
    0x08007c1e   0x08007c1e   0x00000002   PAD
    0x08007c20   0x08007c20   0x0000002c   Code   RO         5123    i.osKernelInitialize  cmsis_os2.o
    0x08007c4c   0x08007c4c   0x00000060   Code   RO         5126    i.osKernelStart     cmsis_os2.o
    0x08007cac   0x08007cac   0x000000ba   Code   RO         5168    i.osThreadNew       cmsis_os2.o
    0x08007d66   0x08007d66   0x0000001a   Code   RO         6924    i.platform_memory_alloc  platform_memory.o
    0x08007d80   0x08007d80   0x0000000c   Code   RO         6926    i.platform_memory_free  platform_memory.o
    0x08007d8c   0x08007d8c   0x00000020   Code   RO         6952    i.platform_mutex_init  platform_mutex.o
    0x08007dac   0x08007dac   0x00000010   Code   RO         6953    i.platform_mutex_lock  platform_mutex.o
    0x08007dbc   0x08007dbc   0x00000010   Code   RO         6954    i.platform_mutex_lock_timeout  platform_mutex.o
    0x08007dcc   0x08007dcc   0x00000012   Code   RO         6956    i.platform_mutex_unlock  platform_mutex.o
    0x08007dde   0x08007dde   0x00000002   PAD
    0x08007de0   0x08007de0   0x00000030   Code   RO         6957    i.platform_mutex_unlock_Fromisr  platform_mutex.o
    0x08007e10   0x08007e10   0x00000020   Code   RO         7006    i.platform_net_socket_close  platform_net_socket.o
    0x08007e30   0x08007e30   0x00000158   Code   RO         7007    i.platform_net_socket_connect  platform_net_socket.o
    0x08007f88   0x08007f88   0x0000002c   Code   RO         7008    i.platform_net_socket_recv_timeout  platform_net_socket.o
    0x08007fb4   0x08007fb4   0x000000b8   Code   RO         7012    i.platform_net_socket_write_timeout  platform_net_socket.o
    0x0800806c   0x0800806c   0x00000014   Code   RO         7069    i.platform_thread_destroy  platform_thread.o
    0x08008080   0x08008080   0x00000040   Code   RO         7070    i.platform_thread_init  platform_thread.o
    0x080080c0   0x080080c0   0x0000000c   Code   RO         7071    i.platform_thread_start  platform_thread.o
    0x080080cc   0x080080cc   0x00000002   Code   RO         7072    i.platform_thread_startup  platform_thread.o
    0x080080ce   0x080080ce   0x0000000c   Code   RO         7073    i.platform_thread_stop  platform_thread.o
    0x080080da   0x080080da   0x00000014   Code   RO         7108    i.platform_timer_cutdown  platform_timer.o
    0x080080ee   0x080080ee   0x00000006   Code   RO         7109    i.platform_timer_init  platform_timer.o
    0x080080f4   0x080080f4   0x00000016   Code   RO         7110    i.platform_timer_is_expired  platform_timer.o
    0x0800810a   0x0800810a   0x00000008   Code   RO         7111    i.platform_timer_now  platform_timer.o
    0x08008112   0x08008112   0x0000001a   Code   RO         7112    i.platform_timer_remain  platform_timer.o
    0x0800812c   0x0800812c   0x00000014   Code   RO         7113    i.platform_timer_usleep  platform_timer.o
    0x08008140   0x08008140   0x00000008   Code   RO         7114    i.platform_uptime_ms  platform_timer.o
    0x08008148   0x08008148   0x0000007c   Code   RO         4546    i.prvAddCurrentTaskToDelayedList  tasks.o
    0x080081c4   0x080081c4   0x000000b8   Code   RO         4547    i.prvAddNewTaskToReadyList  tasks.o
    0x0800827c   0x0800827c   0x00000074   Code   RO         4922    i.prvCheckForValidListAndQueue  timers.o
    0x080082f0   0x080082f0   0x00000048   Code   RO         4548    i.prvCheckTasksWaitingTermination  tasks.o
    0x08008338   0x08008338   0x0000002a   Code   RO         4133    i.prvCopyDataFromQueue  queue.o
    0x08008362   0x08008362   0x0000007e   Code   RO         4134    i.prvCopyDataToQueue  queue.o
    0x080083e0   0x080083e0   0x00000050   Code   RO         4549    i.prvDeleteTCB      tasks.o
    0x08008430   0x08008430   0x00000014   Code   RO         4135    i.prvGetDisinheritPriorityAfterTimeout  queue.o
    0x08008444   0x08008444   0x00000028   Code   RO         4923    i.prvGetNextExpireTime  timers.o
    0x0800846c   0x0800846c   0x0000007c   Code   RO         5633    i.prvHeapInit       heap_4.o
    0x080084e8   0x080084e8   0x00000028   Code   RO         4550    i.prvIdleTask       tasks.o
    0x08008510   0x08008510   0x0000002a   Code   RO         4137    i.prvInitialiseNewQueue  queue.o
    0x0800853a   0x0800853a   0x000000be   Code   RO         4551    i.prvInitialiseNewTask  tasks.o
    0x080085f8   0x080085f8   0x00000068   Code   RO         4552    i.prvInitialiseTaskLists  tasks.o
    0x08008660   0x08008660   0x00000068   Code   RO         5634    i.prvInsertBlockIntoFreeList  heap_4.o
    0x080086c8   0x080086c8   0x00000058   Code   RO         4925    i.prvInsertTimerInActiveList  timers.o
    0x08008720   0x08008720   0x0000001a   Code   RO         4138    i.prvIsQueueEmpty   queue.o
    0x0800873a   0x0800873a   0x0000001e   Code   RO         4139    i.prvIsQueueFull    queue.o
    0x08008758   0x08008758   0x00000074   Code   RO         4926    i.prvProcessExpiredTimer  timers.o
    0x080087cc   0x080087cc   0x00000164   Code   RO         4927    i.prvProcessReceivedCommands  timers.o
    0x08008930   0x08008930   0x00000074   Code   RO         4928    i.prvProcessTimerOrBlockTask  timers.o
    0x080089a4   0x080089a4   0x00000034   Code   RO         4554    i.prvResetNextTaskUnblockTime  tasks.o
    0x080089d8   0x080089d8   0x0000002c   Code   RO         4929    i.prvSampleTimeNow  timers.o
    0x08008a04   0x08008a04   0x000000a4   Code   RO         4930    i.prvSwitchTimerLists  timers.o
    0x08008aa8   0x08008aa8   0x00000040   Code   RO         5689    i.prvTaskExitError  port.o
    0x08008ae8   0x08008ae8   0x00000058   Code   RO         4556    i.prvTaskIsTaskSuspended  tasks.o
    0x08008b40   0x08008b40   0x0000001e   Code   RO         3974    i.prvTestWaitCondition  event_groups.o
    0x08008b5e   0x08008b5e   0x0000001a   Code   RO         4931    i.prvTimerTask      timers.o
    0x08008b78   0x08008b78   0x0000007e   Code   RO         4140    i.prvUnlockQueue    queue.o
    0x08008bf6   0x08008bf6   0x00000002   PAD
    0x08008bf8   0x08008bf8   0x0000014c   Code   RO         5635    i.pvPortMalloc      heap_4.o
    0x08008d44   0x08008d44   0x00000020   Code   RO         4557    i.pvTaskIncrementMutexHeldCount  tasks.o
    0x08008d64   0x08008d64   0x0000002c   Code   RO         5690    i.pxPortInitialiseStack  port.o
    0x08008d90   0x08008d90   0x00000038   Code   RO         5876    i.random_number     random.o
    0x08008dc8   0x08008dc8   0x000000d0   Code   RO         5878    i.random_string     random.o
    0x08008e98   0x08008e98   0x0000000e   Code   RO         6166    i.readChar          mqttpacket.o
    0x08008ea6   0x08008ea6   0x0000001a   Code   RO         6167    i.readInt           mqttpacket.o
    0x08008ec0   0x08008ec0   0x0000003a   Code   RO         6168    i.readMQTTLenString  mqttpacket.o
    0x08008efa   0x08008efa   0x00000008   Code   RO         5839    i.ring_buffer_init  ring_buffer.o
    0x08008f02   0x08008f02   0x00000028   Code   RO         5840    i.ring_buffer_read  ring_buffer.o
    0x08008f2a   0x08008f2a   0x0000001c   Code   RO         5841    i.ring_buffer_write  ring_buffer.o
    0x08008f46   0x08008f46   0x00000002   PAD
    0x08008f48   0x08008f48   0x00000090   Code   RO         7645    i.topic1_handler    mqtt_task.o
    0x08008fd8   0x08008fd8   0x00000028   Code   RO         4093    i.uxListRemove      list.o
    0x08009000   0x08009000   0x0000001c   Code   RO         4566    i.uxTaskResetEventItemValue  tasks.o
    0x0800901c   0x0800901c   0x00000018   Code   RO         5180    i.vApplicationGetIdleTaskMemory  cmsis_os2.o
    0x08009034   0x08009034   0x00000018   Code   RO         5181    i.vApplicationGetTimerTaskMemory  cmsis_os2.o
    0x0800904c   0x0800904c   0x0000001a   Code   RO         4094    i.vListInitialise   list.o
    0x08009066   0x08009066   0x00000006   Code   RO         4095    i.vListInitialiseItem  list.o
    0x0800906c   0x0800906c   0x00000034   Code   RO         4096    i.vListInsert       list.o
    0x080090a0   0x080090a0   0x00000018   Code   RO         4097    i.vListInsertEnd    list.o
    0x080090b8   0x080090b8   0x00000054   Code   RO         5692    i.vPortEnterCritical  port.o
    0x0800910c   0x0800910c   0x0000003c   Code   RO         5693    i.vPortExitCritical  port.o
    0x08009148   0x08009148   0x000000a4   Code   RO         5636    i.vPortFree         heap_4.o
    0x080091ec   0x080091ec   0x00000028   Code   RO         5694    i.vPortSetupTimerInterrupt  port.o
    0x08009214   0x08009214   0x00000078   Code   RO         5695    i.vPortValidateInterruptPriority  port.o
    0x0800928c   0x0800928c   0x0000002c   Code   RO         4146    i.vQueueAddToRegistry  queue.o
    0x080092b8   0x080092b8   0x0000004a   Code   RO         4150    i.vQueueWaitForMessageRestricted  queue.o
    0x08009302   0x08009302   0x00000002   PAD
    0x08009304   0x08009304   0x0000005c   Code   RO         4567    i.vTaskDelay        tasks.o
    0x08009360   0x08009360   0x000000c8   Code   RO         4569    i.vTaskDelete       tasks.o
    0x08009428   0x08009428   0x00000018   Code   RO         4572    i.vTaskInternalSetTimeOutState  tasks.o
    0x08009440   0x08009440   0x0000000c   Code   RO         4573    i.vTaskMissedYield  tasks.o
    0x0800944c   0x0800944c   0x00000038   Code   RO         4575    i.vTaskPlaceOnEventList  tasks.o
    0x08009484   0x08009484   0x00000040   Code   RO         4576    i.vTaskPlaceOnEventListRestricted  tasks.o
    0x080094c4   0x080094c4   0x0000006c   Code   RO         4577    i.vTaskPlaceOnUnorderedEventList  tasks.o
    0x08009530   0x08009530   0x000000d0   Code   RO         4578    i.vTaskPriorityDisinheritAfterTimeout  tasks.o
    0x08009600   0x08009600   0x000000a0   Code   RO         4580    i.vTaskRemoveFromUnorderedEventList  tasks.o
    0x080096a0   0x080096a0   0x00000090   Code   RO         4581    i.vTaskResume       tasks.o
    0x08009730   0x08009730   0x000000b8   Code   RO         4584    i.vTaskStartScheduler  tasks.o
    0x080097e8   0x080097e8   0x000000c8   Code   RO         4585    i.vTaskSuspend      tasks.o
    0x080098b0   0x080098b0   0x00000010   Code   RO         4586    i.vTaskSuspendAll   tasks.o
    0x080098c0   0x080098c0   0x00000090   Code   RO         4587    i.vTaskSwitchContext  tasks.o
    0x08009950   0x08009950   0x00000028   Code   RO         6169    i.writeCString      mqttpacket.o
    0x08009978   0x08009978   0x0000000c   Code   RO         6170    i.writeChar         mqttpacket.o
    0x08009984   0x08009984   0x00000030   Code   RO         6171    i.writeInt          mqttpacket.o
    0x080099b4   0x080099b4   0x0000003e   Code   RO         6172    i.writeMQTTString   mqttpacket.o
    0x080099f2   0x080099f2   0x0000001e   Code   RO         3982    i.xEventGroupCreate  event_groups.o
    0x08009a10   0x08009a10   0x000000ce   Code   RO         3985    i.xEventGroupSetBits  event_groups.o
    0x08009ade   0x08009ade   0x00000002   PAD
    0x08009ae0   0x08009ae0   0x00000158   Code   RO         3988    i.xEventGroupWaitBits  event_groups.o
    0x08009c38   0x08009c38   0x00000168   Code   RO         5696    i.xPortStartScheduler  port.o
    0x08009da0   0x08009da0   0x00000034   Code   RO         5697    i.xPortSysTickHandler  port.o
    0x08009dd4   0x08009dd4   0x0000005a   Code   RO         4155    i.xQueueGenericCreate  queue.o
    0x08009e2e   0x08009e2e   0x000000e0   Code   RO         4156    i.xQueueGenericCreateStatic  queue.o
    0x08009f0e   0x08009f0e   0x00000002   PAD
    0x08009f10   0x08009f10   0x00000098   Code   RO         4157    i.xQueueGenericReset  queue.o
    0x08009fa8   0x08009fa8   0x000001a8   Code   RO         4158    i.xQueueGenericSend  queue.o
    0x0800a150   0x0800a150   0x000000fc   Code   RO         4159    i.xQueueGenericSendFromISR  queue.o
    0x0800a24c   0x0800a24c   0x000000e0   Code   RO         4162    i.xQueueGiveFromISR  queue.o
    0x0800a32c   0x0800a32c   0x00000168   Code   RO         4168    i.xQueueReceive     queue.o
    0x0800a494   0x0800a494   0x000001b8   Code   RO         4170    i.xQueueSemaphoreTake  queue.o
    0x0800a64c   0x0800a64c   0x0000008c   Code   RO         4589    i.xTaskCheckForTimeOut  tasks.o
    0x0800a6d8   0x0800a6d8   0x00000064   Code   RO         4590    i.xTaskCreate       tasks.o
    0x0800a73c   0x0800a73c   0x000000ba   Code   RO         4591    i.xTaskCreateStatic  tasks.o
    0x0800a7f6   0x0800a7f6   0x00000002   PAD
    0x0800a7f8   0x0800a7f8   0x00000020   Code   RO         4595    i.xTaskGetSchedulerState  tasks.o
    0x0800a818   0x0800a818   0x0000000c   Code   RO         4596    i.xTaskGetTickCount  tasks.o
    0x0800a824   0x0800a824   0x00000144   Code   RO         4598    i.xTaskIncrementTick  tasks.o
    0x0800a968   0x0800a968   0x000000a4   Code   RO         4601    i.xTaskPriorityDisinherit  tasks.o
    0x0800aa0c   0x0800aa0c   0x000000a4   Code   RO         4602    i.xTaskPriorityInherit  tasks.o
    0x0800aab0   0x0800aab0   0x00000098   Code   RO         4603    i.xTaskRemoveFromEventList  tasks.o
    0x0800ab48   0x0800ab48   0x00000104   Code   RO         4604    i.xTaskResumeAll    tasks.o
    0x0800ac4c   0x0800ac4c   0x00000078   Code   RO         4940    i.xTimerCreateTimerTask  timers.o
    0x0800acc4   0x0800acc4   0x00000084   Code   RO         4941    i.xTimerGenericCommand  timers.o
    0x0800ad48   0x0800ad48   0x00000024   Data   RO          355    .constdata          freertos.o
    0x0800ad6c   0x0800ad6c   0x00000008   Data   RO         1583    .constdata          stm32f4xx_hal_dma.o
    0x0800ad74   0x0800ad74   0x00000018   Data   RO         3933    .constdata          system_stm32f4xx.o
    0x0800ad8c   0x0800ad8c   0x000002cc   Data   RO         6471    .constdata          mqttclient.o
    0x0800b058   0x0800b058   0x0000459c   Data   RO         7364    .constdata          lcd.o
    0x0800f5f4   0x0800f5f4   0x00000023   Data   RO         7647    .constdata          mqtt_task.o
    0x0800f617   0x0800f617   0x00000001   PAD
    0x0800f618   0x0800f618   0x0000000c   Data   RO          356    .conststring        freertos.o
    0x0800f624   0x0800f624   0x000000aa   Data   RO         6472    .conststring        mqttclient.o
    0x0800f6ce   0x0800f6ce   0x00000002   PAD
    0x0800f6d0   0x0800f6d0   0x00000054   Data   RO         7648    .conststring        mqtt_task.o
    0x0800f724   0x0800f724   0x00000020   Data   RO         8022    Region$$Table       anon$$obj.o


    Execution Region RW_IRAM2 (Exec base: 0x10000000, Load base: 0x0800f828, Size: 0x00000000, Max: 0x00010000, ABSOLUTE)

    **** No section assigned to this execution region ****


    Execution Region RW_IRAM1 (Exec base: 0x20000000, Load base: 0x0800f744, Size: 0x00006310, Max: 0x00020000, ABSOLUTE)

    Exec Addr    Load Addr    Size         Type   Attr      Idx    E Section Name        Object

    0x20000000   0x0800f744   0x00000008   Data   RW          357    .data               freertos.o
    0x20000008   0x0800f74c   0x00000009   Data   RW         2021    .data               stm32f4xx_hal.o
    0x20000011   0x0800f755   0x00000003   PAD
    0x20000014   0x0800f758   0x00000004   Data   RW         3934    .data               system_stm32f4xx.o
    0x20000018   0x0800f75c   0x0000003c   Data   RW         4607    .data               tasks.o
    0x20000054   0x0800f798   0x00000014   Data   RW         4949    .data               timers.o
    0x20000068   0x0800f7ac   0x00000004   Data   RW         5183    .data               cmsis_os2.o
    0x2000006c   0x0800f7b0   0x00000020   Data   RW         5642    .data               heap_4.o
    0x2000008c   0x0800f7d0   0x0000000c   Data   RW         5698    .data               port.o
    0x20000098   0x0800f7dc   0x00000003   Data   RW         5776    .data               driver_usart.o
    0x2000009b   0x0800f7df   0x00000001   PAD
    0x2000009c   0x0800f7e0   0x00000004   Data   RW         5879    .data               random.o
    0x200000a0   0x0800f7e4   0x00000004   Data   RW         6173    .data               mqttpacket.o
    0x200000a4   0x0800f7e8   0x00000004   Data   RW         6958    .data               platform_mutex.o
    0x200000a8   0x0800f7ec   0x00000004   Data   RW         7166    .data               uart3_irq.o
    0x200000ac   0x0800f7f0   0x00000004   Data   RW         7299    .data               lightsensor.o
    0x200000b0   0x0800f7f4   0x0000000c   Data   RW         7545    .data               atcommand.o
    0x200000bc   0x0800f800   0x00000020   Data   RW         7649    .data               mqtt_task.o
    0x200000dc   0x0800f820   0x00000004   Data   RW         7699    .data               mc_w.l(rand.o)
    0x200000e0   0x0800f824   0x00000004   Data   RW         7998    .data               mc_w.l(stdout.o)
    0x200000e4        -       0x00000408   Zero   RW           17    .bss                main.o
    0x200004ec        -       0x00000048   Zero   RW          403    .bss                adc.o
    0x20000534        -       0x00000118   Zero   RW          470    .bss                spi.o
    0x2000064c        -       0x00000090   Zero   RW          521    .bss                tim.o
    0x200006dc        -       0x00000090   Zero   RW          585    .bss                usart.o
    0x2000076c        -       0x00000048   Zero   RW          750    .bss                stm32f4xx_hal_timebase_tim.o
    0x200007b4        -       0x00000040   Zero   RW         4172    .bss                queue.o
    0x200007f4        -       0x000004c4   Zero   RW         4606    .bss                tasks.o
    0x20000cb8        -       0x00000118   Zero   RW         4948    .bss                timers.o
    0x20000dd0        -       0x00000cb8   Zero   RW         5182    .bss                cmsis_os2.o
    0x20001a88        -       0x00003c00   Zero   RW         5641    .bss                heap_4.o
    0x20005688        -       0x00000408   Zero   RW         7165    .bss                uart3_irq.o
    0x20005a90        -       0x0000046c   Zero   RW         7544    .bss                atcommand.o
    0x20005efc        -       0x00000010   Zero   RW         7646    .bss                mqtt_task.o
    0x20005f0c   0x0800f828   0x00000004   PAD
    0x20005f10        -       0x00000400   Zero   RW            1    STACK               startup_stm32f407xx.o


==============================================================================

Image component sizes


      Code (inc. data)   RO Data    RW Data    ZI Data      Debug   Object Name

       256         28          0          0         72       1925   adc.o
       596         94          0         12       1132       6780   atcommand.o
       432         36          0          4       3256      63091   cmsis_os2.o
        72          4          0          0          0        874   dma.o
       236         46          0          3          0       4314   driver_usart.o
       702        100          0          0          0       6098   dth11.o
       610          6          0          0          0      25815   event_groups.o
       128         64         48          8          0       2129   freertos.o
       316         18          0          0          0       1159   gpio.o
        32          0          0          0          0       1281   hal_uart.o
       724         74          0         32      15360       5175   heap_4.o
       730         26      17820          0          0       6855   lcd.o
       688         14          0          0          0       4467   lcd_init.o
       364         94          0          4          0       4267   lightsensor.o
       148          0          0          0          0       3878   list.o
       506        108          0          0       1032     749758   main.o
       102          0          0          0          0       6392   mqtt_list.o
      1360        686        119         32         16       4162   mqtt_task.o
      7760       2024        886          0          0      58320   mqttclient.o
       690         18          0          0          0       8673   mqttconnectclient.o
       276          0          0          0          0       2736   mqttdeserializepublish.o
       600         18          0          4          0      10496   mqttpacket.o
       324          0          0          0          0       2890   mqttserializepublish.o
       368          0          0          0          0       3459   mqttsubscribeclient.o
        46          0          0          0          0        851   mqttunsubscribeclient.o
       106          0          0          0          0       3266   nettype_tcp.o
       132          0          0          0          0       4559   network.o
        38          0          0          0          0       1351   platform_memory.o
       130         10          0          4          0       4314   platform_mutex.o
       604        264          0          0          0       6849   platform_net_socket.o
       110          0          0          0          0       4518   platform_thread.o
       110          0          0          0          0       5584   platform_timer.o
      1014         92          0         12          0      12305   port.o
      2696         26          0          0         64      23180   queue.o
       280         12          0          4          0       2348   random.o
        76          0          0          0          0       2818   ring_buffer.o
       404         40          0          0        280       2751   spi.o
        36          8        392          0       1024        888   startup_stm32f407xx.o
        96         20          0          9          0       8382   stm32f4xx_hal.o
      2106         80          0          0          0       9400   stm32f4xx_hal_adc.o
         2          0          0          0          0       1109   stm32f4xx_hal_adc_ex.o
       260         22          0          0          0      33870   stm32f4xx_hal_cortex.o
      1436         16          8          0          0       7478   stm32f4xx_hal_dma.o
       528         46          0          0          0       2987   stm32f4xx_hal_gpio.o
        84          6          0          0          0        962   stm32f4xx_hal_msp.o
      1888         94          0          0          0       6673   stm32f4xx_hal_rcc.o
      1868         52          0          0          0      12317   stm32f4xx_hal_spi.o
      1260         84          0          0          0      10736   stm32f4xx_hal_tim.o
       184         30          0          0          0       2725   stm32f4xx_hal_tim_ex.o
       180         20          0          0         72       1619   stm32f4xx_hal_timebase_tim.o
      1986         14          0          0          0       9787   stm32f4xx_hal_uart.o
       118         36          0          0          0       6392   stm32f4xx_it.o
         0          0          0          0          0        404   stream_buffer.o
        20          6         24          4          0       1283   system_stm32f4xx.o
      4140        494          0         60       1220      37947   tasks.o
       392         34          0          0        144       3957   tim.o
      1318        124          0         20        280      31287   timers.o
       184         38          0          4       1032       2815   uart3_irq.o
       400         40          0          0        144       2623   usart.o

    ----------------------------------------------------------------------
     42326       5166      19332        220      25132    1255329   Object Totals
         0          0         32          0          0          0   (incl. Generated)
        74          0          3          4          4          0   (incl. Padding)

    ----------------------------------------------------------------------

      Code (inc. data)   RO Data    RW Data    ZI Data      Debug   Library Member Name

         0          0          0          0          0          0   entry.o
         0          0          0          0          0          0   entry10a.o
         0          0          0          0          0          0   entry11a.o
         8          4          0          0          0          0   entry2.o
         4          0          0          0          0          0   entry5.o
         0          0          0          0          0          0   entry7b.o
         0          0          0          0          0          0   entry8b.o
         8          4          0          0          0          0   entry9a.o
        30          0          0          0          0          0   handlers.o
        36          8          0          0          0         68   init.o
        30          0          0          0          0         68   llshl.o
        32          0          0          0          0         68   llushr.o
        36          0          0          0          0         68   memcpya.o
        36          0          0          0          0        108   memseta.o
      1204         60          0          0          0        504   printf8.o
        36         10          0          4          0        136   rand.o
         0          0          0          4          0          0   stdout.o
        14          0          0          0          0         68   strlen.o
        30          0          0          0          0         80   strncmp.o
        36          0          0          0          0         80   strstr.o
        98          0          0          0          0         92   uldiv.o

    ----------------------------------------------------------------------
      1642         86          0          8          0       1340   Library Totals
         4          0          0          0          0          0   (incl. Padding)

    ----------------------------------------------------------------------

      Code (inc. data)   RO Data    RW Data    ZI Data      Debug   Library Name

      1638         86          0          8          0       1340   mc_w.l

    ----------------------------------------------------------------------
      1642         86          0          8          0       1340   Library Totals

    ----------------------------------------------------------------------

==============================================================================


      Code (inc. data)   RO Data    RW Data    ZI Data      Debug   

     43968       5252      19332        228      25132    1217649   Grand Totals
     43968       5252      19332        228      25132    1217649   ELF Image Totals
     43968       5252      19332        228          0          0   ROM Totals

==============================================================================

    Total RO  Size (Code + RO Data)                63300 (  61.82kB)
    Total RW  Size (RW Data + ZI Data)             25360 (  24.77kB)
    Total ROM Size (Code + RO Data + RW Data)      63528 (  62.04kB)

==============================================================================

